C:/Users/yukis/ZephyrWorkbench/ASDP4_Workspace/deps/zephyr/arch/arm/core/mpu/arm_mpu_v8_internal.h:140:13:mpu_init	0	static
C:/Users/yukis/ZephyrWorkbench/ASDP4_Workspace/deps/zephyr/arch/arm/core/mpu/arm_mpu_v8_internal.h:148:13:mpu_set_region	0	static
C:/Users/yukis/ZephyrWorkbench/ASDP4_Workspace/deps/zephyr/arch/arm/core/mpu/arm_mpu_v8_internal.h:160:13:region_init	8	static
C:/Users/yukis/ZephyrWorkbench/ASDP4_Workspace/deps/zephyr/arch/arm/core/mpu/arm_mpu_v8_internal.h:195:12:mpu_partition_is_valid	0	static
C:/Users/yukis/ZephyrWorkbench/ASDP4_Workspace/deps/zephyr/arch/arm/core/mpu/arm_mpu_v8_internal.h:294:20:mpu_region_get_conf	0	static
C:/Users/yukis/ZephyrWorkbench/ASDP4_Workspace/deps/zephyr/arch/arm/core/mpu/arm_mpu.c:81:12:region_allocate_and_init	8	static
C:/Users/yukis/ZephyrWorkbench/ASDP4_Workspace/deps/zephyr/arch/arm/core/mpu/arm_mpu.c:189:12:mpu_configure_region	24	static
C:/Users/yukis/ZephyrWorkbench/ASDP4_Workspace/deps/zephyr/arch/arm/core/mpu/arm_mpu_v8_internal.h:239:19:get_region_index	16	static
C:/Users/yukis/ZephyrWorkbench/ASDP4_Workspace/deps/zephyr/arch/arm/core/mpu/arm_mpu_v8_internal.h:532:12:mpu_configure_regions_and_partition	64	static
C:/Users/yukis/ZephyrWorkbench/ASDP4_Workspace/deps/zephyr/arch/arm/core/mpu/arm_mpu_v8_internal.h:668:12:mpu_configure_static_mpu_regions	8	static
C:/Users/yukis/ZephyrWorkbench/ASDP4_Workspace/deps/zephyr/arch/arm/core/mpu/arm_mpu_v8_internal.h:747:12:mpu_configure_dynamic_mpu_regions	24	static
C:/Users/yukis/ZephyrWorkbench/ASDP4_Workspace/deps/zephyr/arch/arm/core/mpu/arm_mpu_v8_internal.h:694:12:mpu_mark_areas_for_dynamic_regions	16	static
C:/Users/yukis/ZephyrWorkbench/ASDP4_Workspace/deps/zephyr/arch/arm/core/mpu/arm_mpu.c:109:12:mpu_configure_regions_from_dt	48	static
C:/Users/yukis/ZephyrWorkbench/ASDP4_Workspace/deps/zephyr/arch/arm/core/mpu/arm_mpu.c:290:6:arm_core_mpu_enable	0	static
C:/Users/yukis/ZephyrWorkbench/ASDP4_Workspace/deps/zephyr/arch/arm/core/mpu/arm_mpu.c:309:6:arm_core_mpu_disable	0	static
C:/Users/yukis/ZephyrWorkbench/ASDP4_Workspace/deps/zephyr/arch/arm/core/mpu/arm_mpu.c:385:6:arm_core_mpu_configure_static_mpu_regions	8	static
C:/Users/yukis/ZephyrWorkbench/ASDP4_Workspace/deps/zephyr/arch/arm/core/mpu/arm_mpu.c:401:6:arm_core_mpu_mark_areas_for_dynamic_regions	8	static
C:/Users/yukis/ZephyrWorkbench/ASDP4_Workspace/deps/zephyr/arch/arm/core/mpu/arm_mpu.c:417:6:arm_core_mpu_configure_dynamic_mpu_regions	8	static
C:/Users/yukis/ZephyrWorkbench/ASDP4_Workspace/deps/zephyr/arch/arm/core/mpu/arm_mpu.c:432:6:z_arm_save_mpu_context	4	static
C:/Users/yukis/ZephyrWorkbench/ASDP4_Workspace/deps/zephyr/arch/arm/core/mpu/arm_mpu.c:463:6:z_arm_restore_mpu_context	8	static
C:/Users/yukis/ZephyrWorkbench/ASDP4_Workspace/deps/zephyr/arch/arm/core/mpu/arm_mpu.c:502:5:z_arm_mpu_init	16	static
