C:/Users/yukis/ZephyrWorkbench/ASDP4_Workspace/deps/zephyr/drivers/clock_control/clock_stm32_ll_h5.c:38:17:get_bus_clock	0	static
C:/Users/yukis/ZephyrWorkbench/ASDP4_Workspace/deps/zephyr/drivers/clock_control/clock_stm32_ll_h5.c:45:17:get_pllsrc_frequency	0	static
C:/Users/yukis/ZephyrWorkbench/ASDP4_Workspace/deps/zephyr/drivers/clock_control/clock_stm32_ll_h5.c:66:17:get_startup_frequency	8	static
C:/Users/yukis/ZephyrWorkbench/ASDP4_Workspace/deps/zephyr/drivers/clock_control/clock_stm32_ll_h5.c:84:17:get_pllout_frequency	0	static
C:/Users/yukis/ZephyrWorkbench/ASDP4_Workspace/deps/zephyr/drivers/clock_control/clock_stm32_ll_h5.c:98:17:get_sysclk_frequency	16	static
C:/Users/yukis/ZephyrWorkbench/ASDP4_Workspace/deps/zephyr/drivers/clock_control/clock_stm32_ll_h5.c:150:12:stm32_clock_control_on	8	static
C:/Users/yukis/ZephyrWorkbench/ASDP4_Workspace/deps/zephyr/drivers/clock_control/clock_stm32_ll_h5.c:171:12:stm32_clock_control_off	0	static
C:/Users/yukis/ZephyrWorkbench/ASDP4_Workspace/deps/zephyr/drivers/clock_control/clock_stm32_ll_h5.c:219:12:stm32_clock_control_get_subsys_rate	32	static
C:/Users/yukis/ZephyrWorkbench/ASDP4_Workspace/deps/zephyr/drivers/clock_control/clock_stm32_ll_h5.c:419:12:get_vco_input_range	16	static
C:/Users/yukis/ZephyrWorkbench/ASDP4_Workspace/deps/zephyr/drivers/clock_control/clock_stm32_ll_h5.c:442:17:get_vco_output_range	0	static
C:/Users/yukis/ZephyrWorkbench/ASDP4_Workspace/deps/zephyr/drivers/clock_control/clock_stm32_ll_h5.c:451:13:set_regu_voltage	0	static
C:/Users/yukis/ZephyrWorkbench/ASDP4_Workspace/deps/zephyr/drivers/clock_control/clock_stm32_ll_h5.c:467:13:clock_switch_to_hsi	0	static
C:/Users/yukis/ZephyrWorkbench/ASDP4_Workspace/deps/zephyr/drivers/clock_control/clock_stm32_ll_h5.c:487:12:set_up_plls	24	static
C:/Users/yukis/ZephyrWorkbench/ASDP4_Workspace/deps/zephyr/drivers/clock_control/clock_stm32_ll_h5.c:722:13:set_up_fixed_clock_sources	16	static
C:/Users/yukis/ZephyrWorkbench/ASDP4_Workspace/deps/zephyr/drivers/clock_control/clock_stm32_ll_h5.c:808:5:stm32_clock_control_init	16	static
C:/Users/yukis/ZephyrWorkbench/ASDP4_Workspace/deps/zephyr/drivers/clock_control/clock_stm32_ll_h5.c:120:5:enabled_clock	0	static
C:/Users/yukis/ZephyrWorkbench/ASDP4_Workspace/deps/zephyr/drivers/clock_control/clock_stm32_ll_h5.c:188:12:stm32_clock_control_configure	16	static
C:/Users/yukis/ZephyrWorkbench/ASDP4_Workspace/deps/zephyr/drivers/clock_control/clock_stm32_ll_h5.c:385:34:stm32_clock_control_get_status	8	static
