Archive member included to satisfy reference by file (symbol)

app/libapp.a(main.c.obj)      (--whole-archive)
zephyr/libzephyr.a(validate_libc.c.obj)
                              (--whole-archive)
zephyr/libzephyr.a(heap.c.obj)
                              (--whole-archive)
zephyr/libzephyr.a(cbprintf_packaged.c.obj)
                              (--whole-archive)
zephyr/libzephyr.a(clock.c.obj)
                              (--whole-archive)
zephyr/libzephyr.a(printk.c.obj)
                              (--whole-archive)
zephyr/libzephyr.a(sem.c.obj)
                              (--whole-archive)
zephyr/libzephyr.a(thread_entry.c.obj)
                              (--whole-archive)
zephyr/libzephyr.a(cbprintf_complete.c.obj)
                              (--whole-archive)
zephyr/libzephyr.a(assert.c.obj)
                              (--whole-archive)
zephyr/libzephyr.a(dec.c.obj)
                              (--whole-archive)
zephyr/libzephyr.a(hex.c.obj)
                              (--whole-archive)
zephyr/libzephyr.a(rb.c.obj)  (--whole-archive)
zephyr/libzephyr.a(set.c.obj)
                              (--whole-archive)
zephyr/libzephyr.a(timeutil.c.obj)
                              (--whole-archive)
zephyr/libzephyr.a(bitarray.c.obj)
                              (--whole-archive)
zephyr/libzephyr.a(bitmask.c.obj)
                              (--whole-archive)
zephyr/libzephyr.a(getopt.c.obj)
                              (--whole-archive)
zephyr/libzephyr.a(getopt_common.c.obj)
                              (--whole-archive)
zephyr/libzephyr.a(ring_buffer.c.obj)
                              (--whole-archive)
zephyr/libzephyr.a(last_section_id.c.obj)
                              (--whole-archive)
zephyr/libzephyr.a(configs.c.obj)
                              (--whole-archive)
zephyr/libzephyr.a(stm32cube_hal.c.obj)
                              (--whole-archive)
zephyr/libzephyr.a(soc_config.c.obj)
                              (--whole-archive)
zephyr/libzephyr.a(gpioport_mgr.c.obj)
                              (--whole-archive)
zephyr/libzephyr.a(stm32_cache.c.obj)
                              (--whole-archive)
zephyr/libzephyr.a(stm32_backup_domain.c.obj)
                              (--whole-archive)
zephyr/libzephyr.a(soc.c.obj)
                              (--whole-archive)
zephyr/libzephyr.a(thread_info.c.obj)
                              (--whole-archive)
zephyr/libzephyr.a(mem_attr.c.obj)
                              (--whole-archive)
zephyr/libzephyr.a(tracing_none.c.obj)
                              (--whole-archive)
zephyr/arch/common/libarch__common.a(sw_isr_common.c.obj)
                              (--whole-archive)
zephyr/arch/common/libarch__common.a(init.c.obj)
                              (--whole-archive)
zephyr/arch/common/libarch__common.a(xip.c.obj)
                              (--whole-archive)
zephyr/arch/arch/arm/core/libarch__arm__core.a(fatal.c.obj)
                              (--whole-archive)
zephyr/arch/arch/arm/core/libarch__arm__core.a(nmi.c.obj)
                              (--whole-archive)
zephyr/arch/arch/arm/core/libarch__arm__core.a(nmi_on_reset.S.obj)
                              (--whole-archive)
zephyr/arch/arch/arm/core/libarch__arm__core.a(tls.c.obj)
                              (--whole-archive)
zephyr/arch/arch/arm/core/cortex_m/libarch__arm__core__cortex_m.a(fault.c.obj)
                              (--whole-archive)
zephyr/arch/arch/arm/core/cortex_m/libarch__arm__core__cortex_m.a(fault_s.S.obj)
                              (--whole-archive)
zephyr/arch/arch/arm/core/cortex_m/libarch__arm__core__cortex_m.a(fpu.c.obj)
                              (--whole-archive)
zephyr/arch/arch/arm/core/cortex_m/libarch__arm__core__cortex_m.a(reset.S.obj)
                              (--whole-archive)
zephyr/arch/arch/arm/core/cortex_m/libarch__arm__core__cortex_m.a(scb.c.obj)
                              (--whole-archive)
zephyr/arch/arch/arm/core/cortex_m/libarch__arm__core__cortex_m.a(vector_table.S.obj)
                              (--whole-archive)
zephyr/arch/arch/arm/core/cortex_m/libarch__arm__core__cortex_m.a(svc.S.obj)
                              (--whole-archive)
zephyr/arch/arch/arm/core/cortex_m/libarch__arm__core__cortex_m.a(irq_manage.c.obj)
                              (--whole-archive)
zephyr/arch/arch/arm/core/cortex_m/libarch__arm__core__cortex_m.a(prep_c.c.obj)
                              (--whole-archive)
zephyr/arch/arch/arm/core/cortex_m/libarch__arm__core__cortex_m.a(thread.c.obj)
                              (--whole-archive)
zephyr/arch/arch/arm/core/cortex_m/libarch__arm__core__cortex_m.a(cpu_idle.c.obj)
                              (--whole-archive)
zephyr/arch/arch/arm/core/cortex_m/libarch__arm__core__cortex_m.a(exc_exit.c.obj)
                              (--whole-archive)
zephyr/arch/arch/arm/core/cortex_m/libarch__arm__core__cortex_m.a(thread_abort.c.obj)
[...]
Memory Configuration

Name             Origin             Length             Attributes
FLASH            0x08000000         0x00200000         xr
RAM              0x20000000         0x00040000         xw
SRAM1            0x20000000         0x00040000         rw
SRAM2            0x20040000         0x00010000         rw
SRAM3            0x20050000         0x00050000         rw
IDT_LIST         0xffff7fff         0x00008000         xw
*default*        0x00000000         0xffffffff

Linker script and memory map

                0x08003774                        vfprintf = __l_vfprintf
                0x00000000                        vfscanf = __l_vfscanf
LOAD zephyr/CMakeFiles/zephyr_final.dir/misc/empty_file.c.obj
LOAD zephyr/CMakeFiles/zephyr_final.dir/isr_tables.c.obj
LOAD zephyr/CMakeFiles/offsets.dir/./arch/arm/core/offsets/offsets.c.obj
LOAD app/libapp.a
LOAD zephyr/libzephyr.a
LOAD zephyr/arch/common/libarch__common.a
LOAD zephyr/arch/arch/arm/core/libarch__arm__core.a
LOAD zephyr/arch/arch/arm/core/cortex_m/libarch__arm__core__cortex_m.a
LOAD zephyr/arch/arch/arm/core/cortex_m/cmse/libarch__arm__core__cortex_m__cmse.a
LOAD zephyr/arch/arch/arm/core/mpu/libarch__arm__core__mpu.a
LOAD zephyr/lib/libc/picolibc/liblib__libc__picolibc.a
LOAD zephyr/lib/libc/common/liblib__libc__common.a
LOAD zephyr/lib/posix/c_lib_ext/liblib__posix__c_lib_ext.a
LOAD zephyr/drivers/interrupt_controller/libdrivers__interrupt_controller.a
LOAD zephyr/drivers/cache/libdrivers__cache.a
LOAD zephyr/drivers/clock_control/libdrivers__clock_control.a
LOAD zephyr/drivers/console/libdrivers__console.a
LOAD zephyr/drivers/gpio/libdrivers__gpio.a
LOAD zephyr/drivers/pinctrl/libdrivers__pinctrl.a
LOAD zephyr/drivers/reset/libdrivers__reset.a
LOAD zephyr/drivers/serial/libdrivers__serial.a
LOAD zephyr/drivers/timer/libdrivers__timer.a
LOAD modules/hal_stm32/stm32cube/lib..__modules__hal__stm32__stm32cube.a
LOAD zephyr/kernel/libkernel.a
LOAD zephyr/arch/common/libisr_tables.a
LOAD C:/Users/yukis/ZephyrWorkbench/Toolchains/ZephyrSDK/zephyr-sdk-1.0.1/gnu/arm-zephyr-eabi/bin/../lib/gcc/arm-zephyr-eabi/14.3.0/../../../../arm-zephyr-eabi/lib/thumb/v8-m.main/nofp\libc.a
LOAD C:/Users/yukis/ZephyrWorkbench/Toolchains/ZephyrSDK/zephyr-sdk-1.0.1/gnu/arm-zephyr-eabi/bin/../lib/gcc/arm-zephyr-eabi/14.3.0/thumb/v8-m.main/nofp\libgcc.a
                0x00000020                        _region_min_align = 0x20

.rel.plt        0x08000000        0x0
 *(SORT_BY_ALIGNMENT(.rel.plt))
                [!provide]                        PROVIDE (__rel_iplt_start = .)
 *(SORT_BY_ALIGNMENT(.rel.iplt))
 .rel.iplt      0x08000000        0x0 zephyr/CMakeFiles/zephyr_final.dir/isr_tables.c.obj
                [!provide]                        PROVIDE (__rel_iplt_end = .)

.rela.plt       0x00000000        0x0
 *(SORT_BY_ALIGNMENT(.rela.plt))
                [!provide]                        PROVIDE (__rela_iplt_start = .)
 *(SORT_BY_ALIGNMENT(.rela.iplt))
                [!provide]                        PROVIDE (__rela_iplt_end = .)

.rel.dyn
 *(SORT_BY_ALIGNMENT(.rel.*))

.rela.dyn
 *(SORT_BY_ALIGNMENT(.rela.*))

/DISCARD/
 *(SORT_BY_ALIGNMENT(.plt))

/DISCARD/
 *(SORT_BY_ALIGNMENT(.iplt))
                0x08000000                        __rom_region_start = 0x8000000

rom_start       0x08000000      0x244
                0x08000000                        __rom_start_address = .
 FILL mask 0x00
                0x08000000                        . = (. + (0x0 - (. - __rom_start_address)))
                0x08000000                        . = ALIGN (0x4)
                0x08000000                        . = ALIGN (0x80)
                0x08000000                        . = ALIGN (0x400)
                0x08000000                        _vector_start = .
 *(SORT_BY_ALIGNMENT(.exc_vector_table))
 *(SORT_BY_ALIGNMENT(.exc_vector_table.*))
 .exc_vector_table._vector_table_section
                0x08000000       0x40 zephyr/arch/arch/arm/core/cortex_m/libarch__arm__core__cortex_m.a(vector_table.S.obj)
                0x08000000                _vector_table
 *(SORT_BY_ALIGNMENT(.vectors))
                0x08000244                        _vector_end = .
                0x08000040                        . = ALIGN (0x4)
 *(SORT_BY_ALIGNMENT(.gnu.linkonce.irq_vector_table*))
 .gnu.linkonce.irq_vector_table
                0x08000040      0x204 zephyr/CMakeFiles/zephyr_final.dir/isr_tables.c.obj
                0x08000040                _irq_vector_table
                0x08000244                        _vector_end = .

text            0x08000244     0x5240
                0x08000244                        __text_region_start = .
 *(SORT_BY_ALIGNMENT(.text))
 .text          0x08000244       0xec C:/Users/yukis/ZephyrWorkbench/Toolchains/ZephyrSDK/zephyr-sdk-1.0.1/gnu/arm-zephyr-eabi/bin/../lib/gcc/arm-zephyr-eabi/14.3.0/../../../../arm-zephyr-eabi/lib/thumb/v8-m.main/nofp\libc.a(memcpy.S.o)
                0x08000244                __aeabi_memcpy
                0x08000244                __aeabi_memcpy4
                0x08000244                __aeabi_memcpy8
                0x08000244                memcpy
 .text          0x08000330       0x30 C:/Users/yukis/ZephyrWorkbench/Toolchains/ZephyrSDK/zephyr-sdk-1.0.1/gnu/arm-zephyr-eabi/bin/../lib/gcc/arm-zephyr-eabi/14.3.0/thumb/v8-m.main/nofp\libgcc.a(_aeabi_uldivmod.o)
                0x08000330                __aeabi_uldivmod
 .text          0x08000360        0x4 C:/Users/yukis/ZephyrWorkbench/Toolchains/ZephyrSDK/zephyr-sdk-1.0.1/gnu/arm-zephyr-eabi/bin/../lib/gcc/arm-zephyr-eabi/14.3.0/thumb/v8-m.main/nofp\libgcc.a(_dvmd_tls.o)
                0x08000360                __aeabi_idiv0
                0x08000360                __aeabi_ldiv0
 .text          0x08000364      0x2ba C:/Users/yukis/ZephyrWorkbench/Toolchains/ZephyrSDK/zephyr-sdk-1.0.1/gnu/arm-zephyr-eabi/bin/../lib/gcc/arm-zephyr-eabi/14.3.0/thumb/v8-m.main/nofp\libgcc.a(_udivmoddi4.o)
                0x08000364                __udivmoddi4
 *(SORT_BY_ALIGNMENT(.text.*))
 *fill*         0x0800061e        0x2 
 .text.main     0x08000620       0x18 app/libapp.a(main.c.obj)
                0x08000620                main
 .text.char_out
                0x08000638       0x10 zephyr/libzephyr.a(printk.c.obj)
 .text.__printk_hook_install
                0x08000648        0xc zephyr/libzephyr.a(printk.c.obj)
                0x08000648                __printk_hook_install
 .text.vprintk  0x08000654       0x30 zephyr/libzephyr.a(printk.c.obj)
                0x08000654                vprintk
 .text.z_thread_entry
                0x08000684       0x34 zephyr/libzephyr.a(thread_entry.c.obj)
                0x08000684                z_thread_entry
 .text.st_stm32_common_config
                0x080006b8       0x14 zephyr/libzephyr.a(soc_config.c.obj)
 .text.stm32_gpioport_pm_action
                0x080006cc       0x54 zephyr/libzephyr.a(gpioport_mgr.c.obj)
 .text.stm32_gpioport_init
                0x08000720       0x10 zephyr/libzephyr.a(gpioport_mgr.c.obj)
 .text.stm32_gpioport_get
                0x08000730       0x24 zephyr/libzephyr.a(gpioport_mgr.c.obj)
                0x08000730                stm32_gpioport_get
 .text.stm32_backup_domain_enable_access
                0x08000754       0x48 zephyr/libzephyr.a(stm32_backup_domain.c.obj)
                0x08000754                stm32_backup_domain_enable_access
 .text.stm32_backup_domain_disable_access
                0x0800079c       0x58 zephyr/libzephyr.a(stm32_backup_domain.c.obj)
                0x0800079c                stm32_backup_domain_disable_access
 .text.soc_early_init_hook
                0x080007f4       0x24 zephyr/libzephyr.a(soc.c.obj)
                0x080007f4                soc_early_init_hook
 .text.mem_attr_get_regions
                0x08000818        0xc zephyr/libzephyr.a(mem_attr.c.obj)
                0x08000818                mem_attr_get_regions
 .text.arch_bss_zero
                0x08000824       0x18 zephyr/arch/common/libarch__common.a(init.c.obj)
                0x08000824                arch_bss_zero
 .text.arch_data_copy
                0x0800083c       0x34 zephyr/arch/common/libarch__common.a(xip.c.obj)
                0x0800083c                arch_data_copy
 .text.esf_dump
                0x08000870       0x40 zephyr/arch/arch/arm/core/libarch__arm__core.a(fatal.c.obj)
 .text.z_arm_fatal_error
                0x080008b0       0x30 zephyr/arch/arch/arm/core/libarch__arm__core.a(fatal.c.obj)
                0x080008b0                z_arm_fatal_error
 .text.z_SysNmiOnReset
                0x080008e0        0x8 zephyr/arch/arch/arm/core/libarch__arm__core.a(nmi_on_reset.S.obj)
                0x080008e0                z_SysNmiOnReset
 .text.z_tls_copy
                0x080008e8       0x28 zephyr/arch/arch/arm/core/libarch__arm__core.a(tls.c.obj)
 .text.arch_tls_stack_setup
                0x08000910       0x28 zephyr/arch/arch/arm/core/libarch__arm__core.a(tls.c.obj)
                0x08000910                arch_tls_stack_setup
 .text.z_arm_is_synchronous_svc
                0x08000938       0x48 zephyr/arch/arch/arm/core/cortex_m/libarch__arm__core__cortex_m.a(fault.c.obj)
 .text.get_esf  0x08000980       0x40 zephyr/arch/arch/arm/core/cortex_m/libarch__arm__core__cortex_m.a(fault.c.obj)
 .text.mem_manage_fault
                0x080009c0       0xf4 zephyr/arch/arch/arm/core/cortex_m/libarch__arm__core__cortex_m.a(fault.c.obj)
 .text.bus_fault
                0x08000ab4       0xec zephyr/arch/arch/arm/core/cortex_m/libarch__arm__core__cortex_m.a(fault.c.obj)
 .text.usage_fault
                0x08000ba0       0xcc zephyr/arch/arch/arm/core/cortex_m/libarch__arm__core__cortex_m.a(fault.c.obj)
 .text.hard_fault
                0x08000c6c       0xb8 zephyr/arch/arch/arm/core/cortex_m/libarch__arm__core__cortex_m.a(fault.c.obj)
 .text.debug_monitor
                0x08000d24       0x14 zephyr/arch/arch/arm/core/cortex_m/libarch__arm__core__cortex_m.a(fault.c.obj)
 .text.reserved_exception
                0x08000d38       0x24 zephyr/arch/arch/arm/core/cortex_m/libarch__arm__core__cortex_m.a(fault.c.obj)
 .text.z_arm_fault
                0x08000d5c       0x84 zephyr/arch/arch/arm/core/cortex_m/libarch__arm__core__cortex_m.a(fault.c.obj)
                0x08000d5c                z_arm_fault
 .text.z_arm_fault_init
                0x08000de0       0x20 zephyr/arch/arch/arm/core/cortex_m/libarch__arm__core__cortex_m.a(fault.c.obj)
                0x08000de0                z_arm_fault_init
 .text.__fault  0x08000e00       0x14 zephyr/arch/arch/arm/core/cortex_m/libarch__arm__core__cortex_m.a(fault_s.S.obj)
                0x08000e00                z_arm_usage_fault
                0x08000e00                z_arm_mpu_fault
                0x08000e00                z_arm_exc_spurious
                0x08000e00                z_arm_debug_monitor
                0x08000e00                z_arm_hard_fault
                0x08000e00                z_arm_bus_fault
 .text._reset_section
                0x08000e14       0x40 zephyr/arch/arch/arm/core/cortex_m/libarch__arm__core__cortex_m.a(reset.S.obj)
                0x08000e14                __start
                0x08000e14                z_arm_reset
 .text.z_arm_svc
                0x08000e54       0x24 zephyr/arch/arch/arm/core/cortex_m/libarch__arm__core__cortex_m.a(svc.S.obj)
                0x08000e54                z_arm_svc
 .text.__NVIC_EnableIRQ
                0x08000e78       0x1c zephyr/arch/arch/arm/core/cortex_m/libarch__arm__core__cortex_m.a(irq_manage.c.obj)
 .text.__NVIC_SetPriority
                0x08000e94       0x28 zephyr/arch/arch/arm/core/cortex_m/libarch__arm__core__cortex_m.a(irq_manage.c.obj)
 .text.relocate_vector_table
                0x08000ebc       0x1c zephyr/arch/arch/arm/core/cortex_m/libarch__arm__core__cortex_m.a(prep_c.c.obj)
                0x08000ebc                relocate_vector_table
 .text.z_prep_c
                0x08000ed8       0x38 zephyr/arch/arch/arm/core/cortex_m/libarch__arm__core__cortex_m.a(prep_c.c.obj)
                0x08000ed8                z_prep_c
 .text.arch_new_thread
                0x08000f10       0x44 zephyr/arch/arch/arm/core/cortex_m/libarch__arm__core__cortex_m.a(thread.c.obj)
                0x08000f10                arch_new_thread
 .text.arch_switch_to_main_thread
                0x08000f54       0x44 zephyr/arch/arch/arm/core/cortex_m/libarch__arm__core__cortex_m.a(thread.c.obj)
                0x08000f54                arch_switch_to_main_thread
 .text.z_arm_cpu_idle_init
                0x08000f98        0xc zephyr/arch/arch/arm/core/cortex_m/libarch__arm__core__cortex_m.a(cpu_idle.c.obj)
                0x08000f98                z_arm_cpu_idle_init
 .text._HandlerModeExit
                0x08000fa4       0x20 zephyr/arch/arch/arm/core/cortex_m/libarch__arm__core__cortex_m.a(exc_exit.c.obj)
                0x08000fa4                z_arm_int_exit
                0x08000fa4                z_arm_exc_exit
 .text.z_impl_k_thread_abort
                0x08000fc4       0x34 zephyr/arch/arch/arm/core/cortex_m/libarch__arm__core__cortex_m.a(thread_abort.c.obj)
                0x08000fc4                z_impl_k_thread_abort
 .text.z_arm_pendsv
                0x08000ff8       0x68 zephyr/arch/arch/arm/core/cortex_m/libarch__arm__core__cortex_m.a(swap_helper.S.obj)
                0x08000ff8                z_arm_pendsv
 .text.z_arm_interrupt_init
                0x08001060       0x34 zephyr/arch/arch/arm/core/cortex_m/libarch__arm__core__cortex_m.a(irq_init.c.obj)
                0x08001060                z_arm_interrupt_init
 .text._isr_wrapper
                0x08001094       0x20 zephyr/arch/arch/arm/core/cortex_m/libarch__arm__core__cortex_m.a(isr_wrapper.c.obj)
                0x08001094                _isr_wrapper
 .text.__aeabi_read_tp
                0x080010b4        0xc zephyr/arch/arch/arm/core/cortex_m/libarch__arm__core__cortex_m.a(__aeabi_read_tp.S.obj)
                0x080010b4                __aeabi_read_tp
 .text.z_arm_configure_static_mpu_regions
                0x080010c0       0x40 zephyr/arch/arch/arm/core/mpu/libarch__arm__core__mpu.a(arm_core_mpu.c.obj)
                0x080010c0                z_arm_configure_static_mpu_regions
 .text.mpu_init
                0x08001100       0x14 zephyr/arch/arch/arm/core/mpu/libarch__arm__core__mpu.a(arm_mpu.c.obj)
 .text.mpu_set_region
                0x08001114       0x14 zephyr/arch/arch/arm/core/mpu/libarch__arm__core__mpu.a(arm_mpu.c.obj)
 .text.mpu_region_get_conf
                0x08001128       0x40 zephyr/arch/arch/arm/core/mpu/libarch__arm__core__mpu.a(arm_mpu.c.obj)
 .text.region_allocate_and_init
                0x08001168       0x28 zephyr/arch/arch/arm/core/mpu/libarch__arm__core__mpu.a(arm_mpu.c.obj)
 .text.mpu_configure_regions_and_partition
                0x08001190      0x190 zephyr/arch/arch/arm/core/mpu/libarch__arm__core__mpu.a(arm_mpu.c.obj)
 .text.mpu_configure_static_mpu_regions
                0x08001320       0x14 zephyr/arch/arch/arm/core/mpu/libarch__arm__core__mpu.a(arm_mpu.c.obj)
 .text.mpu_mark_areas_for_dynamic_regions
                0x08001334       0x60 zephyr/arch/arch/arm/core/mpu/libarch__arm__core__mpu.a(arm_mpu.c.obj)
 .text.arm_core_mpu_enable
                0x08001394       0x18 zephyr/arch/arch/arm/core/mpu/libarch__arm__core__mpu.a(arm_mpu.c.obj)
                0x08001394                arm_core_mpu_enable
 .text.arm_core_mpu_disable
                0x080013ac       0x14 zephyr/arch/arch/arm/core/mpu/libarch__arm__core__mpu.a(arm_mpu.c.obj)
                0x080013ac                arm_core_mpu_disable
 .text.z_arm_mpu_init
                0x080013c0       0x80 zephyr/arch/arch/arm/core/mpu/libarch__arm__core__mpu.a(arm_mpu.c.obj)
                0x080013c0                z_arm_mpu_init
 .text.z_impl_zephyr_fputc
                0x08001440       0x10 zephyr/lib/libc/picolibc/liblib__libc__picolibc.a(stdio.c.obj)
                0x08001440                z_impl_zephyr_fputc
 .text.__stdout_hook_install
                0x08001450       0x18 zephyr/lib/libc/picolibc/liblib__libc__picolibc.a(stdio.c.obj)
                0x08001450                __stdout_hook_install
 .text.malloc_prepare
                0x08001468       0x24 zephyr/lib/libc/common/liblib__libc__common.a(malloc.c.obj)
 .text.stm32_exti_enable_clocks
                0x0800148c       0x34 zephyr/drivers/interrupt_controller/libdrivers__interrupt_controller.a(intc_exti_stm32.c.obj)
 .text.stm32_exti_is_pending
                0x080014c0       0x54 zephyr/drivers/interrupt_controller/libdrivers__interrupt_controller.a(intc_exti_stm32.c.obj)
                0x080014c0                stm32_exti_is_pending
 .text.stm32_exti_clear_pending
                0x08001514       0x30 zephyr/drivers/interrupt_controller/libdrivers__interrupt_controller.a(intc_exti_stm32.c.obj)
                0x08001514                stm32_exti_clear_pending
 .text.LL_EXTI_SetEXTISource
                0x08001544       0x2c zephyr/drivers/interrupt_controller/libdrivers__interrupt_controller.a(intc_gpio_stm32.c.obj)
 .text.stm32_fill_irq_table
                0x08001570       0x24 zephyr/drivers/interrupt_controller/libdrivers__interrupt_controller.a(intc_gpio_stm32.c.obj)
 .text.stm32_intc_gpio_isr
                0x08001594       0x48 zephyr/drivers/interrupt_controller/libdrivers__interrupt_controller.a(intc_gpio_stm32.c.obj)
 .text.stm32_gpio_intc_enable_line
                0x080015dc       0x34 zephyr/drivers/interrupt_controller/libdrivers__interrupt_controller.a(intc_gpio_stm32.c.obj)
                0x080015dc                stm32_gpio_intc_enable_line
 .text.stm32_gpio_intc_disable_line
                0x08001610       0x14 zephyr/drivers/interrupt_controller/libdrivers__interrupt_controller.a(intc_gpio_stm32.c.obj)
                0x08001610                stm32_gpio_intc_disable_line
 .text.stm32_gpio_intc_select_line_trigger
                0x08001624       0x58 zephyr/drivers/interrupt_controller/libdrivers__interrupt_controller.a(intc_gpio_stm32.c.obj)
                0x08001624                stm32_gpio_intc_select_line_trigger
 .text.stm32_gpio_intc_set_irq_callback
                0x0800167c       0x4c zephyr/drivers/interrupt_controller/libdrivers__interrupt_controller.a(intc_gpio_stm32.c.obj)
                0x0800167c                stm32_gpio_intc_set_irq_callback
 .text.stm32_gpio_intc_remove_irq_callback
                0x080016c8       0x24 zephyr/drivers/interrupt_controller/libdrivers__interrupt_controller.a(intc_gpio_stm32.c.obj)
                0x080016c8                stm32_gpio_intc_remove_irq_callback
 .text.stm32_exti_get_line_src_port
                0x080016ec       0x24 zephyr/drivers/interrupt_controller/libdrivers__interrupt_controller.a(intc_gpio_stm32.c.obj)
                0x080016ec                stm32_exti_get_line_src_port
 .text.cache_instr_enable
                0x08001710       0x38 zephyr/drivers/cache/libdrivers__cache.a(cache_stm32.c.obj)
                0x08001710                cache_instr_enable
 .text.get_pllsrc_frequency
                0x08001748       0x14 zephyr/drivers/clock_control/libdrivers__clock_control.a(clock_stm32_ll_h5.c.obj)
 .text.get_startup_frequency
                0x0800175c       0x2c zephyr/drivers/clock_control/libdrivers__clock_control.a(clock_stm32_ll_h5.c.obj)
 .text.stm32_clock_control_get_subsys_rate
                0x08001788      0x1a8 zephyr/drivers/clock_control/libdrivers__clock_control.a(clock_stm32_ll_h5.c.obj)
 .text.get_vco_input_range
                0x08001930       0x7c zephyr/drivers/clock_control/libdrivers__clock_control.a(clock_stm32_ll_h5.c.obj)
 .text.set_regu_voltage
                0x080019ac       0x6c zephyr/drivers/clock_control/libdrivers__clock_control.a(clock_stm32_ll_h5.c.obj)
 .text.clock_switch_to_hsi
                0x08001a18       0x4c zephyr/drivers/clock_control/libdrivers__clock_control.a(clock_stm32_ll_h5.c.obj)
 .text.set_up_plls
                0x08001a64      0x1a0 zephyr/drivers/clock_control/libdrivers__clock_control.a(clock_stm32_ll_h5.c.obj)
 .text.set_up_fixed_clock_sources
                0x08001c04       0xac zephyr/drivers/clock_control/libdrivers__clock_control.a(clock_stm32_ll_h5.c.obj)
 .text.stm32_clock_control_init
                0x08001cb0       0xa8 zephyr/drivers/clock_control/libdrivers__clock_control.a(clock_stm32_ll_h5.c.obj)
                0x08001cb0                stm32_clock_control_init
 .text.console_out
                0x08001d58       0x28 zephyr/drivers/console/libdrivers__console.a(uart_console.c.obj)
 .text.uart_console_hook_install
                0x08001d80       0x18 zephyr/drivers/console/libdrivers__console.a(uart_console.c.obj)
 .text.uart_console_init
                0x08001d98       0x1c zephyr/drivers/console/libdrivers__console.a(uart_console.c.obj)
 .text.gpio_stm32_pin_interrupt_configure
                0x08001db4       0x94 zephyr/drivers/gpio/libdrivers__gpio.a(gpio_stm32.c.obj)
 .text.LL_LPUART_SetBaudRate
                0x08001e48       0x44 zephyr/drivers/serial/libdrivers__serial.a(uart_stm32.c.obj)
 .text.uart_stm32_cfg2ll_stopbits
                0x08001e8c       0x58 zephyr/drivers/serial/libdrivers__serial.a(uart_stm32.c.obj)
 .text.uart_stm32_poll_in
                0x08001ee4       0x10 zephyr/drivers/serial/libdrivers__serial.a(uart_stm32.c.obj)
 .text.uart_stm32_poll_out
                0x08001ef4       0x10 zephyr/drivers/serial/libdrivers__serial.a(uart_stm32.c.obj)
 .text.lpuartdiv_calc
                0x08001f04       0x30 zephyr/drivers/serial/libdrivers__serial.a(uart_stm32.c.obj)
                0x08001f04                lpuartdiv_calc
 .text.uart_stm32_set_baudrate
                0x08001f34       0xb4 zephyr/drivers/serial/libdrivers__serial.a(uart_stm32.c.obj)
 .text.uart_stm32_configure
                0x08001fe8      0x2b0 zephyr/drivers/serial/libdrivers__serial.a(uart_stm32.c.obj)
 .text.uart_stm32_registers_configure
                0x08002298      0x1e0 zephyr/drivers/serial/libdrivers__serial.a(uart_stm32.c.obj)
 .text.elapsed  0x08002478       0x48 zephyr/drivers/timer/libdrivers__timer.a(cortex_m_systick.c.obj)
 .text.sys_clock_driver_init
                0x080024c0       0x34 zephyr/drivers/timer/libdrivers__timer.a(cortex_m_systick.c.obj)
 .text.sys_clock_isr
                0x080024f4       0x68 zephyr/drivers/timer/libdrivers__timer.a(cortex_m_systick.c.obj)
                0x080024f4                sys_clock_isr
 .text.sys_clock_set_timeout
                0x0800255c      0x120 zephyr/drivers/timer/libdrivers__timer.a(cortex_m_systick.c.obj)
                0x0800255c                sys_clock_set_timeout
 .text.sys_clock_elapsed
                0x0800267c       0x40 zephyr/drivers/timer/libdrivers__timer.a(cortex_m_systick.c.obj)
                0x0800267c                sys_clock_elapsed
 .text.LL_SetFlashLatency
                0x080026bc      0x1a0 modules/hal_stm32/stm32cube/lib..__modules__hal__stm32__stm32cube.a(stm32h5xx_ll_utils.c.obj)
                0x080026bc                LL_SetFlashLatency
 .text.z_fatal_error
                0x0800285c       0x2c zephyr/kernel/libkernel.a(fatal.c.obj)
                0x0800285c                z_fatal_error
 .text.init_idle_thread
                0x08002888       0x5c zephyr/kernel/libkernel.a(init.c.obj)
 .text.z_sys_init_run_level
                0x080028e4       0x38 zephyr/kernel/libkernel.a(init.c.obj)
 .text.thread_schedule_new
                0x0800291c       0x1c zephyr/kernel/libkernel.a(init.c.obj)
 .text.z_init_static_threads
                0x08002938       0x70 zephyr/kernel/libkernel.a(init.c.obj)
 .text.bg_thread_main
                0x080029a8       0x34 zephyr/kernel/libkernel.a(init.c.obj)
 .text.switch_to_main_thread
                0x080029dc       0x14 zephyr/kernel/libkernel.a(init.c.obj)
 .text.z_init_cpu
                0x080029f0       0x40 zephyr/kernel/libkernel.a(init.c.obj)
                0x080029f0                z_init_cpu
 .text.prepare_multithreading
                0x08002a30       0x60 zephyr/kernel/libkernel.a(init.c.obj)
 .text.z_cstart
                0x08002a90       0x78 zephyr/kernel/libkernel.a(init.c.obj)
                0x08002a90                z_cstart
 .text.z_setup_new_thread
                0x08002b08       0xc4 zephyr/kernel/libkernel.a(thread.c.obj)
                0x08002b08                z_setup_new_thread
 .text.z_dummy_thread_init
                0x08002bcc       0x20 zephyr/kernel/libkernel.a(thread.c.obj)
                0x08002bcc                z_dummy_thread_init
 .text.z_swap_irqlock
                0x08002bec       0x34 zephyr/kernel/libkernel.a(sched.c.obj)
 .text.reschedule
                0x08002c20       0x34 zephyr/kernel/libkernel.a(sched.c.obj)
 .text.ready_thread
                0x08002c54       0xb0 zephyr/kernel/libkernel.a(sched.c.obj)
 .text.unready_thread
                0x08002d04       0x68 zephyr/kernel/libkernel.a(sched.c.obj)
 .text.thread_halt_spin
                0x08002d6c      0x11c zephyr/kernel/libkernel.a(sched.c.obj)
 .text.move_current_to_end_of_prio_q
                0x08002e88       0x88 zephyr/kernel/libkernel.a(sched.c.obj)
                0x08002e88                move_current_to_end_of_prio_q
 .text.k_sched_lock
                0x08002f10       0x30 zephyr/kernel/libkernel.a(sched.c.obj)
                0x08002f10                k_sched_lock
 .text.k_sched_unlock
                0x08002f40       0x64 zephyr/kernel/libkernel.a(sched.c.obj)
                0x08002f40                k_sched_unlock
 .text.z_sched_init
                0x08002fa4       0x10 zephyr/kernel/libkernel.a(sched.c.obj)
                0x08002fa4                z_sched_init
 .text.z_impl_k_wakeup
                0x08002fb4       0x48 zephyr/kernel/libkernel.a(sched.c.obj)
                0x08002fb4                z_impl_k_wakeup
 .text.z_impl_k_sched_current_thread_query
                0x08002ffc        0xc zephyr/kernel/libkernel.a(sched.c.obj)
                0x08002ffc                z_impl_k_sched_current_thread_query
 .text.z_thread_abort
                0x08003008      0x16c zephyr/kernel/libkernel.a(sched.c.obj)
                0x08003008                z_thread_abort
 .text.z_time_slice_size
                0x08003174       0x44 zephyr/kernel/libkernel.a(timeslicing.c.obj)
 .text.slice_timeout
                0x080031b8       0x20 zephyr/kernel/libkernel.a(timeslicing.c.obj)
 .text.z_reset_time_slice
                0x080031d8       0x44 zephyr/kernel/libkernel.a(timeslicing.c.obj)
                0x080031d8                z_reset_time_slice
 .text.z_time_slice
                0x0800321c       0x70 zephyr/kernel/libkernel.a(timeslicing.c.obj)
                0x0800321c                z_time_slice
 .text.z_thread_monitor_exit
                0x0800328c       0x3c zephyr/kernel/libkernel.a(thread_monitor.c.obj)
                0x0800328c                z_thread_monitor_exit
 .text.first    0x080032c8       0x14 zephyr/kernel/libkernel.a(timeout.c.obj)
 .text.next     0x080032dc       0x18 zephyr/kernel/libkernel.a(timeout.c.obj)
 .text.elapsed  0x080032f4       0x18 zephyr/kernel/libkernel.a(timeout.c.obj)
 .text.z_add_timeout
                0x0800330c      0x134 zephyr/kernel/libkernel.a(timeout.c.obj)
                0x0800330c                z_add_timeout
 .text.sys_clock_announce
                0x08003440       0xc4 zephyr/kernel/libkernel.a(timeout.c.obj)
                0x08003440                sys_clock_announce
 .text.boot_banner
                0x08003504       0x10 zephyr/kernel/libkernel.a(banner.c.obj)
                0x08003504                boot_banner
 .text.memset   0x08003514       0xb0 C:/Users/yukis/ZephyrWorkbench/Toolchains/ZephyrSDK/zephyr-sdk-1.0.1/gnu/arm-zephyr-eabi/bin/../lib/gcc/arm-zephyr-eabi/14.3.0/../../../../arm-zephyr-eabi/lib/thumb/v8-m.main/nofp\libc.a(memset.c.o)
                0x08003514                memset
 .text.strncpy  0x080035c4       0x58 C:/Users/yukis/ZephyrWorkbench/Toolchains/ZephyrSDK/zephyr-sdk-1.0.1/gnu/arm-zephyr-eabi/bin/../lib/gcc/arm-zephyr-eabi/14.3.0/../../../../arm-zephyr-eabi/lib/thumb/v8-m.main/nofp\libc.a(libc_string_strncpy.c.o)
                0x080035c4                strncpy
 .text.strnlen  0x0800361c       0x24 C:/Users/yukis/ZephyrWorkbench/Toolchains/ZephyrSDK/zephyr-sdk-1.0.1/gnu/arm-zephyr-eabi/bin/../lib/gcc/arm-zephyr-eabi/14.3.0/../../../../arm-zephyr-eabi/lib/thumb/v8-m.main/nofp\libc.a(libc_string_strnlen.c.o)
                0x0800361c                strnlen
 .text.printf   0x08003640       0x24 C:/Users/yukis/ZephyrWorkbench/Toolchains/ZephyrSDK/zephyr-sdk-1.0.1/gnu/arm-zephyr-eabi/bin/../lib/gcc/arm-zephyr-eabi/14.3.0/../../../../arm-zephyr-eabi/lib/thumb/v8-m.main/nofp\libc.a(libc_tinystdio_printf.c.o)
                0x08003640                printf
 .text.__ultoa_invert
                0x08003664      0x110 C:/Users/yukis/ZephyrWorkbench/Toolchains/ZephyrSDK/zephyr-sdk-1.0.1/gnu/arm-zephyr-eabi/bin/../lib/gcc/arm-zephyr-eabi/14.3.0/../../../../arm-zephyr-eabi/lib/thumb/v8-m.main/nofp\libc.a(libc_tinystdio_vflprintf.c.o)
 .text.__l_vfprintf
                0x08003774      0x980 C:/Users/yukis/ZephyrWorkbench/Toolchains/ZephyrSDK/zephyr-sdk-1.0.1/gnu/arm-zephyr-eabi/bin/../lib/gcc/arm-zephyr-eabi/14.3.0/../../../../arm-zephyr-eabi/lib/thumb/v8-m.main/nofp\libc.a(libc_tinystdio_vflprintf.c.o)
                0x08003774                __l_vfprintf
 .text._OffsetAbsSyms
                0x080040f4        0x2 zephyr/CMakeFiles/offsets.dir/./arch/arm/core/offsets/offsets.c.obj
                0x080040f4                _OffsetAbsSyms
 .text.free_list_add_bidx
                0x080040f6       0x4e zephyr/libzephyr.a(heap.c.obj)
 .text.free_list_add
                0x08004144       0x18 zephyr/libzephyr.a(heap.c.obj)
 .text.sys_heap_init
                0x0800415c       0x8a zephyr/libzephyr.a(heap.c.obj)
                0x0800415c                sys_heap_init
 .text.arch_printk_char_out
                0x080041e6        0x4 zephyr/libzephyr.a(printk.c.obj)
                0x080041e6                arch_printk_char_out
 .text.printk   0x080041ea       0x1c zephyr/libzephyr.a(printk.c.obj)
                0x080041ea                printk
 .text._ConfigAbsSyms
                0x08004206        0x2 zephyr/libzephyr.a(configs.c.obj)
                0x08004206                _ConfigAbsSyms
 .text.pm_device_driver_init
                0x08004208       0x24 zephyr/libzephyr.a(gpioport_mgr.c.obj)
 .text.LL_GPIO_SetPinSpeed
                0x0800422c       0x3a zephyr/libzephyr.a(gpioport_mgr.c.obj)
 .text.LL_GPIO_SetPinPull
                0x08004266       0x3a zephyr/libzephyr.a(gpioport_mgr.c.obj)
 .text.ll_gpio_set_pin_pull
                0x080042a0        0x8 zephyr/libzephyr.a(gpioport_mgr.c.obj)
 .text.LL_GPIO_SetAFPin_0_7
                0x080042a8       0x3a zephyr/libzephyr.a(gpioport_mgr.c.obj)
 .text.LL_GPIO_SetAFPin_8_15
                0x080042e2       0x3c zephyr/libzephyr.a(gpioport_mgr.c.obj)
 .text.LL_GPIO_SetPinMode
                0x0800431e       0x3a zephyr/libzephyr.a(gpioport_mgr.c.obj)
 .text.stm32_gpioport_configure_pin
                0x08004358       0x8c zephyr/libzephyr.a(gpioport_mgr.c.obj)
                0x08004358                stm32_gpioport_configure_pin
 .text.arch_early_memset
                0x080043e4        0x8 zephyr/arch/common/libarch__common.a(init.c.obj)
                0x080043e4                arch_early_memset
 .text.arch_early_memcpy
                0x080043ec        0x8 zephyr/arch/common/libarch__common.a(init.c.obj)
                0x080043ec                arch_early_memcpy
 .text.z_do_kernel_oops
                0x080043f4        0xc zephyr/arch/arch/arm/core/libarch__arm__core.a(fatal.c.obj)
                0x080043f4                z_do_kernel_oops
 .text.z_arm_nmi
                0x08004400        0xc zephyr/arch/arch/arm/core/libarch__arm__core.a(nmi.c.obj)
                0x08004400                z_arm_nmi
 .text.memory_fault_recoverable
                0x0800440c        0x4 zephyr/arch/arch/arm/core/cortex_m/libarch__arm__core__cortex_m.a(fault.c.obj)
 .text.fault_handle
                0x08004410       0x4a zephyr/arch/arch/arm/core/cortex_m/libarch__arm__core__cortex_m.a(fault.c.obj)
 .text.arm_irq_enable
                0x0800445a        0xa zephyr/arch/arch/arm/core/cortex_m/libarch__arm__core__cortex_m.a(irq_manage.c.obj)
                0x0800445a                arm_irq_enable
 .text.arm_irq_priority_set
                0x08004464        0xc zephyr/arch/arch/arm/core/cortex_m/libarch__arm__core__cortex_m.a(irq_manage.c.obj)
                0x08004464                arm_irq_priority_set
 .text.z_irq_spurious
                0x08004470        0xc zephyr/arch/arch/arm/core/cortex_m/libarch__arm__core__cortex_m.a(irq_manage.c.obj)
                0x08004470                z_irq_spurious
 .text.configure_builtin_stack_guard
                0x0800447c        0xa zephyr/arch/arch/arm/core/cortex_m/libarch__arm__core__cortex_m.a(thread.c.obj)
                0x0800447c                configure_builtin_stack_guard
 .text.arch_coprocessors_disable
                0x08004486        0x6 zephyr/arch/arch/arm/core/cortex_m/libarch__arm__core__cortex_m.a(thread.c.obj)
                0x08004486                arch_coprocessors_disable
 .text.arch_irq_unlock_outlined
                0x0800448c        0xe zephyr/arch/arch/arm/core/cortex_m/libarch__arm__core__cortex_m.a(thread.c.obj)
                0x0800448c                arch_irq_unlock_outlined
 .text.arch_cpu_idle
                0x0800449a       0x1a zephyr/arch/arch/arm/core/cortex_m/libarch__arm__core__cortex_m.a(cpu_idle.c.obj)
                0x0800449a                arch_cpu_idle
 .text.arm_cmse_mpu_region_get
                0x080044b4       0x14 zephyr/arch/arch/arm/core/cortex_m/cmse/libarch__arm__core__cortex_m__cmse.a(arm_core_cmse.c.obj)
                0x080044b4                arm_cmse_mpu_region_get
 .text.region_init
                0x080044c8       0x28 zephyr/arch/arch/arm/core/mpu/libarch__arm__core__mpu.a(arm_mpu.c.obj)
 .text.mpu_partition_is_valid
                0x080044f0       0x24 zephyr/arch/arch/arm/core/mpu/libarch__arm__core__mpu.a(arm_mpu.c.obj)
 .text.mpu_configure_region
                0x08004514       0x44 zephyr/arch/arch/arm/core/mpu/libarch__arm__core__mpu.a(arm_mpu.c.obj)
 .text.get_region_index
                0x08004558       0x22 zephyr/arch/arch/arm/core/mpu/libarch__arm__core__mpu.a(arm_mpu.c.obj)
 .text.mpu_configure_regions_from_dt
                0x0800457a      0x1a0 zephyr/arch/arch/arm/core/mpu/libarch__arm__core__mpu.a(arm_mpu.c.obj)
 .text.arm_core_mpu_configure_static_mpu_regions
                0x0800471a        0x8 zephyr/arch/arch/arm/core/mpu/libarch__arm__core__mpu.a(arm_mpu.c.obj)
                0x0800471a                arm_core_mpu_configure_static_mpu_regions
 .text.arm_core_mpu_mark_areas_for_dynamic_regions
                0x08004722        0x8 zephyr/arch/arch/arm/core/mpu/libarch__arm__core__mpu.a(arm_mpu.c.obj)
                0x08004722                arm_core_mpu_mark_areas_for_dynamic_regions
 .text.picolibc_put
                0x0800472a        0xa zephyr/lib/libc/picolibc/liblib__libc__picolibc.a(stdio.c.obj)
 .text.stm32_exti_init
                0x08004734        0x8 zephyr/drivers/interrupt_controller/libdrivers__interrupt_controller.a(intc_exti_stm32.c.obj)
 .text.stm32_exti_gpio_intc_init
                0x0800473c      0x146 zephyr/drivers/interrupt_controller/libdrivers__interrupt_controller.a(intc_gpio_stm32.c.obj)
 .text.stm32_gpio_intc_get_pin_irq_line
                0x08004882        0xa zephyr/drivers/interrupt_controller/libdrivers__interrupt_controller.a(intc_gpio_stm32.c.obj)
                0x08004882                stm32_gpio_intc_get_pin_irq_line
 .text.stm32_exti_set_line_src_port
                0x0800488c       0x16 zephyr/drivers/interrupt_controller/libdrivers__interrupt_controller.a(intc_gpio_stm32.c.obj)
                0x0800488c                stm32_exti_set_line_src_port
 .text.get_bus_clock
                0x080048a2        0x6 zephyr/drivers/clock_control/libdrivers__clock_control.a(clock_stm32_ll_h5.c.obj)
 .text.get_pllout_frequency
                0x080048a8       0x24 zephyr/drivers/clock_control/libdrivers__clock_control.a(clock_stm32_ll_h5.c.obj)
 .text.get_sysclk_frequency
                0x080048cc       0x1c zephyr/drivers/clock_control/libdrivers__clock_control.a(clock_stm32_ll_h5.c.obj)
 .text.stm32_clock_control_on
                0x080048e8       0x44 zephyr/drivers/clock_control/libdrivers__clock_control.a(clock_stm32_ll_h5.c.obj)
 .text.stm32_clock_control_off
                0x0800492c       0x2e zephyr/drivers/clock_control/libdrivers__clock_control.a(clock_stm32_ll_h5.c.obj)
 .text.get_vco_output_range
                0x0800495a        0xa zephyr/drivers/clock_control/libdrivers__clock_control.a(clock_stm32_ll_h5.c.obj)
 .text.enabled_clock
                0x08004964       0x8e zephyr/drivers/clock_control/libdrivers__clock_control.a(clock_stm32_ll_h5.c.obj)
                0x08004964                enabled_clock
 .text.stm32_clock_control_configure
                0x080049f2       0x48 zephyr/drivers/clock_control/libdrivers__clock_control.a(clock_stm32_ll_h5.c.obj)
 .text.stm32_clock_control_get_status
                0x08004a3a       0x3a zephyr/drivers/clock_control/libdrivers__clock_control.a(clock_stm32_ll_h5.c.obj)
 .text.sys_slist_remove
                0x08004a74       0x26 zephyr/drivers/gpio/libdrivers__gpio.a(gpio_stm32.c.obj)
 .text.sys_slist_find_and_remove
                0x08004a9a       0x20 zephyr/drivers/gpio/libdrivers__gpio.a(gpio_stm32.c.obj)
 .text.gpio_manage_callback
                0x08004aba       0x3e zephyr/drivers/gpio/libdrivers__gpio.a(gpio_stm32.c.obj)
 .text.gpio_fire_callbacks
                0x08004af8       0x40 zephyr/drivers/gpio/libdrivers__gpio.a(gpio_stm32.c.obj)
 .text.gpio_stm32_isr
                0x08004b38        0xe zephyr/drivers/gpio/libdrivers__gpio.a(gpio_stm32.c.obj)
 .text.gpio_stm32_flags_to_conf
                0x08004b46       0x82 zephyr/drivers/gpio/libdrivers__gpio.a(gpio_stm32.c.obj)
 .text.gpio_stm32_port_get_raw
                0x08004bc8        0xc zephyr/drivers/gpio/libdrivers__gpio.a(gpio_stm32.c.obj)
 .text.gpio_stm32_port_set_masked_raw
                0x08004bd4       0x12 zephyr/drivers/gpio/libdrivers__gpio.a(gpio_stm32.c.obj)
 .text.gpio_stm32_port_set_bits_raw
                0x08004be6        0xa zephyr/drivers/gpio/libdrivers__gpio.a(gpio_stm32.c.obj)
 .text.gpio_stm32_port_clear_bits_raw
                0x08004bf0        0xa zephyr/drivers/gpio/libdrivers__gpio.a(gpio_stm32.c.obj)
 .text.gpio_stm32_port_toggle_bits
                0x08004bfa        0xe zephyr/drivers/gpio/libdrivers__gpio.a(gpio_stm32.c.obj)
 .text.gpio_stm32_manage_callback
                0x08004c08        0xc zephyr/drivers/gpio/libdrivers__gpio.a(gpio_stm32.c.obj)
 .text.gpio_stm32_disable_pin_irqs
                0x08004c14       0x30 zephyr/drivers/gpio/libdrivers__gpio.a(gpio_stm32.c.obj)
 .text.gpio_stm32_config
                0x08004c44       0x98 zephyr/drivers/gpio/libdrivers__gpio.a(gpio_stm32.c.obj)
 .text.pinctrl_lookup_state
                0x08004cdc       0x32 zephyr/drivers/pinctrl/libdrivers__pinctrl.a(common.c.obj)
                0x08004cdc                pinctrl_lookup_state
 .text.pinctrl_configure_pins
                0x08004d0e       0x92 zephyr/drivers/pinctrl/libdrivers__pinctrl.a(pinctrl_stm32.c.obj)
                0x08004d0e                pinctrl_configure_pins
 .text.reset_stm32_status
                0x08004da0       0x22 zephyr/drivers/reset/libdrivers__reset.a(reset_stm32.c.obj)
 .text.reset_stm32_line_assert
                0x08004dc2       0x1e zephyr/drivers/reset/libdrivers__reset.a(reset_stm32.c.obj)
 .text.reset_stm32_line_deassert
                0x08004de0       0x20 zephyr/drivers/reset/libdrivers__reset.a(reset_stm32.c.obj)
 .text.reset_stm32_line_toggle
                0x08004e00       0x16 zephyr/drivers/reset/libdrivers__reset.a(reset_stm32.c.obj)
 .text.reset_line_toggle
                0x08004e16       0x12 zephyr/drivers/serial/libdrivers__serial.a(uart_stm32.c.obj)
 .text.uart_stm32_set_driver_enable
                0x08004e28       0x1c zephyr/drivers/serial/libdrivers__serial.a(uart_stm32.c.obj)
 .text.uart_stm32_ll2cfg_databits
                0x08004e44       0x2a zephyr/drivers/serial/libdrivers__serial.a(uart_stm32.c.obj)
 .text.uart_stm32_config_get
                0x08004e6e       0x9a zephyr/drivers/serial/libdrivers__serial.a(uart_stm32.c.obj)
 .text.uart_stm32_poll_in_visitor
                0x08004f08       0x26 zephyr/drivers/serial/libdrivers__serial.a(uart_stm32.c.obj)
 .text.uart_stm32_poll_out_visitor
                0x08004f2e       0x3a zephyr/drivers/serial/libdrivers__serial.a(uart_stm32.c.obj)
 .text.poll_in_u8
                0x08004f68        0x6 zephyr/drivers/serial/libdrivers__serial.a(uart_stm32.c.obj)
 .text.poll_out_u8
                0x08004f6e        0x6 zephyr/drivers/serial/libdrivers__serial.a(uart_stm32.c.obj)
 .text.uart_stm32_err_check
                0x08004f74       0x76 zephyr/drivers/serial/libdrivers__serial.a(uart_stm32.c.obj)
 .text.uart_stm32_clocks_enable
                0x08004fea       0x18 zephyr/drivers/serial/libdrivers__serial.a(uart_stm32.c.obj)
 .text.pinctrl_apply_state
                0x08005002       0x20 zephyr/drivers/serial/libdrivers__serial.a(uart_stm32.c.obj)
 .text.uart_stm32_parameters_set
                0x08005022      0x168 zephyr/drivers/serial/libdrivers__serial.a(uart_stm32.c.obj)
 .text.uart_stm32_init
                0x0800518a       0x28 zephyr/drivers/serial/libdrivers__serial.a(uart_stm32.c.obj)
 .text.do_device_init
                0x080051b2       0x32 zephyr/kernel/libkernel.a(device.c.obj)
                0x080051b2                do_device_init
 .text.z_impl_device_is_ready
                0x080051e4       0x20 zephyr/kernel/libkernel.a(device.c.obj)
                0x080051e4                z_impl_device_is_ready
 .text.arch_system_halt
                0x08005204       0x10 zephyr/kernel/libkernel.a(fatal.c.obj)
                0x08005204                arch_system_halt
 .text.k_sys_fatal_error_handler
                0x08005214        0x6 zephyr/kernel/libkernel.a(fatal.c.obj)
                0x08005214                k_sys_fatal_error_handler
 .text.idle     0x0800521a       0x16 zephyr/kernel/libkernel.a(idle.c.obj)
                0x0800521a                idle
 .text.arch_spin_relax
                0x08005230        0x4 zephyr/kernel/libkernel.a(idle.c.obj)
                0x08005230                arch_spin_relax
 .text.setup_thread_stack
                0x08005234       0x2a zephyr/kernel/libkernel.a(thread.c.obj)
 .text.z_init_thread_base
                0x0800525e       0x16 zephyr/kernel/libkernel.a(thread.c.obj)
                0x0800525e                z_init_thread_base
 .text.thread_active_elsewhere
                0x08005274        0x4 zephyr/kernel/libkernel.a(sched.c.obj)
 .text.add_to_waitq_locked
                0x08005278       0x60 zephyr/kernel/libkernel.a(sched.c.obj)
 .text.unpend_all
                0x080052d8       0x46 zephyr/kernel/libkernel.a(sched.c.obj)
 .text.z_ready_thread
                0x0800531e       0x36 zephyr/kernel/libkernel.a(sched.c.obj)
                0x0800531e                z_ready_thread
 .text.z_sched_wake_thread_locked
                0x08005354       0x34 zephyr/kernel/libkernel.a(sched.c.obj)
                0x08005354                z_sched_wake_thread_locked
 .text.z_thread_timeout
                0x08005388       0x2e zephyr/kernel/libkernel.a(sched.c.obj)
                0x08005388                z_thread_timeout
 .text.init_ready_q
                0x080053b6        0x8 zephyr/kernel/libkernel.a(sched.c.obj)
                0x080053b6                init_ready_q
 .text.remove_timeout
                0x080053be       0x2e zephyr/kernel/libkernel.a(timeout.c.obj)
 .text.next_timeout
                0x080053ec       0x36 zephyr/kernel/libkernel.a(timeout.c.obj)
 .text.z_abort_timeout
                0x08005422       0x62 zephyr/kernel/libkernel.a(timeout.c.obj)
                0x08005422                z_abort_timeout
 *(SORT_BY_ALIGNMENT(.gnu.linkonce.t.*))
 *(SORT_BY_ALIGNMENT(.glue_7t))
 .glue_7t       0x08005484        0x0 linker stubs
 *(SORT_BY_ALIGNMENT(.glue_7))
 .glue_7        0x08005484        0x0 linker stubs
 *(SORT_BY_ALIGNMENT(.vfp11_veneer))
 .vfp11_veneer  0x08005484        0x0 linker stubs
 *(SORT_BY_ALIGNMENT(.v4_bx))
 .v4_bx         0x08005484        0x0 linker stubs
                0x08005484                        . = ALIGN (0x4)
                0x08005484                        __text_region_end = .

.ARM.exidx      0x08005484        0x8
                0x08005484                        __exidx_start = .
 *(SORT_BY_ALIGNMENT(.ARM.exidx*) SORT_BY_ALIGNMENT(gnu.linkonce.armexidx.*))
 .ARM.exidx     0x08005484        0x8 C:/Users/yukis/ZephyrWorkbench/Toolchains/ZephyrSDK/zephyr-sdk-1.0.1/gnu/arm-zephyr-eabi/bin/../lib/gcc/arm-zephyr-eabi/14.3.0/thumb/v8-m.main/nofp\libgcc.a(_udivmoddi4.o)
                0x0800548c                        __exidx_end = .
                0x0800548c                        __rodata_region_start = .

initlevel       0x0800548c       0x98
                0x0800548c                        __init_start = .
                0x0800548c                        __init_EARLY_start = .
 *(SORT_BY_NAME(SORT_BY_ALIGNMENT(.z_init_EARLY_P_?_*)))
 *(SORT_BY_NAME(SORT_BY_ALIGNMENT(.z_init_EARLY_P_??_*)))
 *(SORT_BY_NAME(SORT_BY_ALIGNMENT(.z_init_EARLY_P_???_*)))
                0x0800548c                        __init_PRE_KERNEL_1_start = .
 *(SORT_BY_NAME(SORT_BY_ALIGNMENT(.z_init_PRE_KERNEL_1_P_?_*)))
 .z_init_PRE_KERNEL_1_P_1_SUB_00009_
                0x0800548c        0x8 zephyr/drivers/clock_control/libdrivers__clock_control.a(clock_stm32_ll_h5.c.obj)
 .z_init_PRE_KERNEL_1_P_1_SUB_0_
                0x08005494        0x8 zephyr/libzephyr.a(soc_config.c.obj)
 *(SORT_BY_NAME(SORT_BY_ALIGNMENT(.z_init_PRE_KERNEL_1_P_??_*)))
 .z_init_PRE_KERNEL_1_P_35_SUB_00062_
                0x0800549c        0x8 zephyr/drivers/reset/libdrivers__reset.a(reset_stm32.c.obj)
 .z_init_PRE_KERNEL_1_P_40_SUB_00046_
                0x080054a4        0x8 zephyr/libzephyr.a(gpioport_mgr.c.obj)
 .z_init_PRE_KERNEL_1_P_40_SUB_00052_
                0x080054ac        0x8 zephyr/libzephyr.a(gpioport_mgr.c.obj)
 .z_init_PRE_KERNEL_1_P_40_SUB_00053_
                0x080054b4        0x8 zephyr/libzephyr.a(gpioport_mgr.c.obj)
 .z_init_PRE_KERNEL_1_P_40_SUB_00054_
                0x080054bc        0x8 zephyr/libzephyr.a(gpioport_mgr.c.obj)
 .z_init_PRE_KERNEL_1_P_40_SUB_00087_
                0x080054c4        0x8 zephyr/drivers/interrupt_controller/libdrivers__interrupt_controller.a(intc_exti_stm32.c.obj)
 .z_init_PRE_KERNEL_1_P_40_SUB_00118_
                0x080054cc        0x8 zephyr/libzephyr.a(gpioport_mgr.c.obj)
 .z_init_PRE_KERNEL_1_P_40_SUB_00161_
                0x080054d4        0x8 zephyr/libzephyr.a(gpioport_mgr.c.obj)
 .z_init_PRE_KERNEL_1_P_40_SUB_00162_
                0x080054dc        0x8 zephyr/libzephyr.a(gpioport_mgr.c.obj)
 .z_init_PRE_KERNEL_1_P_40_SUB_00163_
                0x080054e4        0x8 zephyr/libzephyr.a(gpioport_mgr.c.obj)
 .z_init_PRE_KERNEL_1_P_40_SUB_00164_
                0x080054ec        0x8 zephyr/libzephyr.a(gpioport_mgr.c.obj)
 .z_init_PRE_KERNEL_1_P_40_SUB_0_
                0x080054f4        0x8 zephyr/drivers/interrupt_controller/libdrivers__interrupt_controller.a(intc_gpio_stm32.c.obj)
 .z_init_PRE_KERNEL_1_P_50_SUB_00102_
                0x080054fc        0x8 zephyr/drivers/serial/libdrivers__serial.a(uart_stm32.c.obj)
 .z_init_PRE_KERNEL_1_P_50_SUB_00115_
                0x08005504        0x8 zephyr/drivers/serial/libdrivers__serial.a(uart_stm32.c.obj)
 .z_init_PRE_KERNEL_1_P_60_SUB_0_
                0x0800550c        0x8 zephyr/drivers/console/libdrivers__console.a(uart_console.c.obj)
 *(SORT_BY_NAME(SORT_BY_ALIGNMENT(.z_init_PRE_KERNEL_1_P_???_*)))
                0x08005514                        __init_PRE_KERNEL_2_start = .
 *(SORT_BY_NAME(SORT_BY_ALIGNMENT(.z_init_PRE_KERNEL_2_P_?_*)))
 .z_init_PRE_KERNEL_2_P_0_SUB_0_
                0x08005514        0x8 zephyr/drivers/timer/libdrivers__timer.a(cortex_m_systick.c.obj)
 *(SORT_BY_NAME(SORT_BY_ALIGNMENT(.z_init_PRE_KERNEL_2_P_??_*)))
 *(SORT_BY_NAME(SORT_BY_ALIGNMENT(.z_init_PRE_KERNEL_2_P_???_*)))
                0x0800551c                        __init_POST_KERNEL_start = .
 *(SORT_BY_NAME(SORT_BY_ALIGNMENT(.z_init_POST_KERNEL_P_?_*)))
 *(SORT_BY_NAME(SORT_BY_ALIGNMENT(.z_init_POST_KERNEL_P_??_*)))
 .z_init_POST_KERNEL_P_35_SUB_0_
                0x0800551c        0x8 zephyr/lib/libc/common/liblib__libc__common.a(malloc.c.obj)
 *(SORT_BY_NAME(SORT_BY_ALIGNMENT(.z_init_POST_KERNEL_P_???_*)))
                0x08005524                        __init_APPLICATION_start = .
 *(SORT_BY_NAME(SORT_BY_ALIGNMENT(.z_init_APPLICATION_P_?_*)))
 *(SORT_BY_NAME(SORT_BY_ALIGNMENT(.z_init_APPLICATION_P_??_*)))
 *(SORT_BY_NAME(SORT_BY_ALIGNMENT(.z_init_APPLICATION_P_???_*)))
                0x08005524                        __init_SMP_start = .
 *(SORT_BY_NAME(SORT_BY_ALIGNMENT(.z_init_SMP_P_?_*)))
 *(SORT_BY_NAME(SORT_BY_ALIGNMENT(.z_init_SMP_P_??_*)))
 *(SORT_BY_NAME(SORT_BY_ALIGNMENT(.z_init_SMP_P_???_*)))
                0x08005524                        __init_end = .

device_area     0x08005524      0x188
                0x08005524                        _device_list_start = .
 *(SORT_BY_NAME(SORT_BY_ALIGNMENT(._device.static.*_?_*)))
 ._device.static.1_1_
                0x08005524       0x1c zephyr/drivers/clock_control/libdrivers__clock_control.a(clock_stm32_ll_h5.c.obj)
                0x08005524                __device_dts_ord_9
 *(SORT_BY_NAME(SORT_BY_ALIGNMENT(._device.static.*_??_*)))
 ._device.static.1_35_
                0x08005540       0x1c zephyr/drivers/reset/libdrivers__reset.a(reset_stm32.c.obj)
                0x08005540                __device_dts_ord_62
 ._device.static.1_40_
                0x0800555c       0xfc zephyr/libzephyr.a(gpioport_mgr.c.obj)
                0x0800555c                __device_dts_ord_164
                0x08005578                __device_dts_ord_163
                0x08005594                __device_dts_ord_54
                0x080055b0                __device_dts_ord_53
                0x080055cc                __device_dts_ord_162
                0x080055e8                __device_dts_ord_118
                0x08005604                __device_dts_ord_46
                0x08005620                __device_dts_ord_52
                0x0800563c                __device_dts_ord_161
 ._device.static.1_40_
                0x08005658       0x1c zephyr/drivers/interrupt_controller/libdrivers__interrupt_controller.a(intc_exti_stm32.c.obj)
                0x08005658                __device_dts_ord_87
 ._device.static.1_50_
                0x08005674       0x38 zephyr/drivers/serial/libdrivers__serial.a(uart_stm32.c.obj)
                0x08005674                __device_dts_ord_115
                0x08005690                __device_dts_ord_102
 *(SORT_BY_NAME(SORT_BY_ALIGNMENT(._device.static.*_???_*)))
 *(SORT_BY_NAME(SORT_BY_ALIGNMENT(._device.static.*_????_*)))
 *(SORT_BY_NAME(SORT_BY_ALIGNMENT(._device.static.*_?????_*)))
                0x080056ac                        _device_list_end = .

sw_isr_table    0x080056ac      0x408
                0x080056ac                        . = ALIGN (0x4)
 *(SORT_BY_ALIGNMENT(.gnu.linkonce.sw_isr_table*))
 .gnu.linkonce.sw_isr_table
                0x080056ac      0x408 zephyr/CMakeFiles/zephyr_final.dir/isr_tables.c.obj
                0x080056ac                _sw_isr_table

initlevel_error
 *(SORT_BY_NAME(SORT_BY_ALIGNMENT(.z_init_*)))
                0x00000001                        ASSERT ((SIZEOF (initlevel_error) == 0x0), Undefined initialization levels used.)

app_shmem_regions
                0x08005ab4        0x0
                0x08005ab4                        __app_shmem_regions_start = .
 *(SORT_BY_NAME(SORT_BY_ALIGNMENT(.app_regions.*)))
                0x08005ab4                        __app_shmem_regions_end = .

k_p4wq_initparam_area
                0x08005ab4        0x0
                0x08005ab4                        _k_p4wq_initparam_list_start = .
 *(SORT_BY_NAME(SORT_BY_ALIGNMENT(._k_p4wq_initparam.static.*)))
                0x08005ab4                        _k_p4wq_initparam_list_end = .

_static_thread_data_area
                0x08005ab4        0x0
                0x08005ab4                        __static_thread_data_list_start = .
 *(SORT_BY_NAME(SORT_BY_ALIGNMENT(.__static_thread_data.static.*)))
                0x08005ab4                        __static_thread_data_list_end = .

device_deps     0x08005ab4        0x0
                0x08005ab4                        __device_deps_start = .
 *(SORT_BY_NAME(SORT_BY_ALIGNMENT(.__device_deps_pass2*)))
                0x08005ab4                        __device_deps_end = .

gpio_driver_api_area
                0x08005ab4       0x24
                0x08005ab4                        _gpio_driver_api_list_start = .
 *(SORT_BY_NAME(SORT_BY_ALIGNMENT(._gpio_driver_api.static.*)))
 ._gpio_driver_api.static.gpio_stm32_driver_
                0x08005ab4       0x24 zephyr/drivers/gpio/libdrivers__gpio.a(gpio_stm32.c.obj)
                0x08005ab4                gpio_stm32_driver
                0x08005ad8                        _gpio_driver_api_list_end = .

reset_driver_api_area
                0x08005ad8       0x10
                0x08005ad8                        _reset_driver_api_list_start = .
 *(SORT_BY_NAME(SORT_BY_ALIGNMENT(._reset_driver_api.static.*)))
 ._reset_driver_api.static.reset_stm32_driver_api_
                0x08005ad8       0x10 zephyr/drivers/reset/libdrivers__reset.a(reset_stm32.c.obj)
                0x08005ae8                        _reset_driver_api_list_end = .

shared_irq_driver_api_area
                0x08005ae8        0x0
                0x08005ae8                        _shared_irq_driver_api_list_start = .
 *(SORT_BY_NAME(SORT_BY_ALIGNMENT(._shared_irq_driver_api.static.*)))
                0x08005ae8                        _shared_irq_driver_api_list_end = .

crypto_driver_api_area
                0x08005ae8        0x0
                0x08005ae8                        _crypto_driver_api_list_start = .
 *(SORT_BY_NAME(SORT_BY_ALIGNMENT(._crypto_driver_api.static.*)))
                0x08005ae8                        _crypto_driver_api_list_end = .

adc_driver_api_area
                0x08005ae8        0x0
                0x08005ae8                        _adc_driver_api_list_start = .
 *(SORT_BY_NAME(SORT_BY_ALIGNMENT(._adc_driver_api.static.*)))
                0x08005ae8                        _adc_driver_api_list_end = .

auxdisplay_driver_api_area
                0x08005ae8        0x0
                0x08005ae8                        _auxdisplay_driver_api_list_start = .
 *(SORT_BY_NAME(SORT_BY_ALIGNMENT(._auxdisplay_driver_api.static.*)))
                0x08005ae8                        _auxdisplay_driver_api_list_end = .

bbram_driver_api_area
                0x08005ae8        0x0
                0x08005ae8                        _bbram_driver_api_list_start = .
 *(SORT_BY_NAME(SORT_BY_ALIGNMENT(._bbram_driver_api.static.*)))
                0x08005ae8                        _bbram_driver_api_list_end = .

biometric_driver_api_area
                0x08005ae8        0x0
                0x08005ae8                        _biometric_driver_api_list_start = .
 *(SORT_BY_NAME(SORT_BY_ALIGNMENT(._biometric_driver_api.static.*)))
                0x08005ae8                        _biometric_driver_api_list_end = .

bt_hci_driver_api_area
                0x08005ae8        0x0
                0x08005ae8                        _bt_hci_driver_api_list_start = .
 *(SORT_BY_NAME(SORT_BY_ALIGNMENT(._bt_hci_driver_api.static.*)))
                0x08005ae8                        _bt_hci_driver_api_list_end = .

can_driver_api_area
                0x08005ae8        0x0
                0x08005ae8                        _can_driver_api_list_start = .
 *(SORT_BY_NAME(SORT_BY_ALIGNMENT(._can_driver_api.static.*)))
                0x08005ae8                        _can_driver_api_list_end = .

cellular_driver_api_area
                0x08005ae8        0x0
                0x08005ae8                        _cellular_driver_api_list_start = .
 *(SORT_BY_NAME(SORT_BY_ALIGNMENT(._cellular_driver_api.static.*)))
                0x08005ae8                        _cellular_driver_api_list_end = .

charger_driver_api_area
                0x08005ae8        0x0
                0x08005ae8                        _charger_driver_api_list_start = .
 *(SORT_BY_NAME(SORT_BY_ALIGNMENT(._charger_driver_api.static.*)))
                0x08005ae8                        _charger_driver_api_list_end = .

clock_control_driver_api_area
                0x08005ae8       0x1c
                0x08005ae8                        _clock_control_driver_api_list_start = .
 *(SORT_BY_NAME(SORT_BY_ALIGNMENT(._clock_control_driver_api.static.*)))
 ._clock_control_driver_api.static.stm32_clock_control_api_
                0x08005ae8       0x1c zephyr/drivers/clock_control/libdrivers__clock_control.a(clock_stm32_ll_h5.c.obj)
                0x08005b04                        _clock_control_driver_api_list_end = .

comparator_driver_api_area
                0x08005b04        0x0
                0x08005b04                        _comparator_driver_api_list_start = .
 *(SORT_BY_NAME(SORT_BY_ALIGNMENT(._comparator_driver_api.static.*)))
                0x08005b04                        _comparator_driver_api_list_end = .

coredump_driver_api_area
                0x08005b04        0x0
                0x08005b04                        _coredump_driver_api_list_start = .
 *(SORT_BY_NAME(SORT_BY_ALIGNMENT(._coredump_driver_api.static.*)))
                0x08005b04                        _coredump_driver_api_list_end = .

counter_driver_api_area
                0x08005b04        0x0
                0x08005b04                        _counter_driver_api_list_start = .
 *(SORT_BY_NAME(SORT_BY_ALIGNMENT(._counter_driver_api.static.*)))
                0x08005b04                        _counter_driver_api_list_end = .

crc_driver_api_area
                0x08005b04        0x0
                0x08005b04                        _crc_driver_api_list_start = .
 *(SORT_BY_NAME(SORT_BY_ALIGNMENT(._crc_driver_api.static.*)))
                0x08005b04                        _crc_driver_api_list_end = .

dac_driver_api_area
                0x08005b04        0x0
                0x08005b04                        _dac_driver_api_list_start = .
 *(SORT_BY_NAME(SORT_BY_ALIGNMENT(._dac_driver_api.static.*)))
                0x08005b04                        _dac_driver_api_list_end = .

dai_driver_api_area
                0x08005b04        0x0
                0x08005b04                        _dai_driver_api_list_start = .
 *(SORT_BY_NAME(SORT_BY_ALIGNMENT(._dai_driver_api.static.*)))
                0x08005b04                        _dai_driver_api_list_end = .

display_driver_api_area
                0x08005b04        0x0
                0x08005b04                        _display_driver_api_list_start = .
 *(SORT_BY_NAME(SORT_BY_ALIGNMENT(._display_driver_api.static.*)))
                0x08005b04                        _display_driver_api_list_end = .

dma_driver_api_area
                0x08005b04        0x0
                0x08005b04                        _dma_driver_api_list_start = .
 *(SORT_BY_NAME(SORT_BY_ALIGNMENT(._dma_driver_api.static.*)))
                0x08005b04                        _dma_driver_api_list_end = .

edac_driver_api_area
                0x08005b04        0x0
                0x08005b04                        _edac_driver_api_list_start = .
 *(SORT_BY_NAME(SORT_BY_ALIGNMENT(._edac_driver_api.static.*)))
                0x08005b04                        _edac_driver_api_list_end = .

eeprom_driver_api_area
                0x08005b04        0x0
                0x08005b04                        _eeprom_driver_api_list_start = .
 *(SORT_BY_NAME(SORT_BY_ALIGNMENT(._eeprom_driver_api.static.*)))
                0x08005b04                        _eeprom_driver_api_list_end = .

emul_bbram_driver_api_area
                0x08005b04        0x0
                0x08005b04                        _emul_bbram_driver_api_list_start = .
 *(SORT_BY_NAME(SORT_BY_ALIGNMENT(._emul_bbram_driver_api.static.*)))
                0x08005b04                        _emul_bbram_driver_api_list_end = .

fuel_gauge_emul_driver_api_area
                0x08005b04        0x0
                0x08005b04                        _fuel_gauge_emul_driver_api_list_start = .
 *(SORT_BY_NAME(SORT_BY_ALIGNMENT(._fuel_gauge_emul_driver_api.static.*)))
                0x08005b04                        _fuel_gauge_emul_driver_api_list_end = .

emul_sensor_driver_api_area
                0x08005b04        0x0
                0x08005b04                        _emul_sensor_driver_api_list_start = .
 *(SORT_BY_NAME(SORT_BY_ALIGNMENT(._emul_sensor_driver_api.static.*)))
                0x08005b04                        _emul_sensor_driver_api_list_end = .

entropy_driver_api_area
                0x08005b04        0x0
                0x08005b04                        _entropy_driver_api_list_start = .
 *(SORT_BY_NAME(SORT_BY_ALIGNMENT(._entropy_driver_api.static.*)))
                0x08005b04                        _entropy_driver_api_list_end = .

espi_driver_api_area
                0x08005b04        0x0
                0x08005b04                        _espi_driver_api_list_start = .
 *(SORT_BY_NAME(SORT_BY_ALIGNMENT(._espi_driver_api.static.*)))
                0x08005b04                        _espi_driver_api_list_end = .

espi_saf_driver_api_area
                0x08005b04        0x0
                0x08005b04                        _espi_saf_driver_api_list_start = .
 *(SORT_BY_NAME(SORT_BY_ALIGNMENT(._espi_saf_driver_api.static.*)))
                0x08005b04                        _espi_saf_driver_api_list_end = .

flash_driver_api_area
                0x08005b04        0x0
                0x08005b04                        _flash_driver_api_list_start = .
 *(SORT_BY_NAME(SORT_BY_ALIGNMENT(._flash_driver_api.static.*)))
                0x08005b04                        _flash_driver_api_list_end = .

fpga_driver_api_area
                0x08005b04        0x0
                0x08005b04                        _fpga_driver_api_list_start = .
 *(SORT_BY_NAME(SORT_BY_ALIGNMENT(._fpga_driver_api.static.*)))
                0x08005b04                        _fpga_driver_api_list_end = .

fuel_gauge_driver_api_area
                0x08005b04        0x0
                0x08005b04                        _fuel_gauge_driver_api_list_start = .
 *(SORT_BY_NAME(SORT_BY_ALIGNMENT(._fuel_gauge_driver_api.static.*)))
                0x08005b04                        _fuel_gauge_driver_api_list_end = .

gnss_driver_api_area
                0x08005b04        0x0
                0x08005b04                        _gnss_driver_api_list_start = .
 *(SORT_BY_NAME(SORT_BY_ALIGNMENT(._gnss_driver_api.static.*)))
                0x08005b04                        _gnss_driver_api_list_end = .

haptics_driver_api_area
                0x08005b04        0x0
                0x08005b04                        _haptics_driver_api_list_start = .
 *(SORT_BY_NAME(SORT_BY_ALIGNMENT(._haptics_driver_api.static.*)))
                0x08005b04                        _haptics_driver_api_list_end = .

hwspinlock_driver_api_area
                0x08005b04        0x0
                0x08005b04                        _hwspinlock_driver_api_list_start = .
 *(SORT_BY_NAME(SORT_BY_ALIGNMENT(._hwspinlock_driver_api.static.*)))
                0x08005b04                        _hwspinlock_driver_api_list_end = .

i2c_driver_api_area
                0x08005b04        0x0
                0x08005b04                        _i2c_driver_api_list_start = .
 *(SORT_BY_NAME(SORT_BY_ALIGNMENT(._i2c_driver_api.static.*)))
                0x08005b04                        _i2c_driver_api_list_end = .

i2c_target_driver_api_area
                0x08005b04        0x0
                0x08005b04                        _i2c_target_driver_api_list_start = .
 *(SORT_BY_NAME(SORT_BY_ALIGNMENT(._i2c_target_driver_api.static.*)))
                0x08005b04                        _i2c_target_driver_api_list_end = .

i2s_driver_api_area
                0x08005b04        0x0
                0x08005b04                        _i2s_driver_api_list_start = .
 *(SORT_BY_NAME(SORT_BY_ALIGNMENT(._i2s_driver_api.static.*)))
                0x08005b04                        _i2s_driver_api_list_end = .

i3c_driver_api_area
                0x08005b04        0x0
                0x08005b04                        _i3c_driver_api_list_start = .
 *(SORT_BY_NAME(SORT_BY_ALIGNMENT(._i3c_driver_api.static.*)))
                0x08005b04                        _i3c_driver_api_list_end = .

ipm_driver_api_area
                0x08005b04        0x0
                0x08005b04                        _ipm_driver_api_list_start = .
 *(SORT_BY_NAME(SORT_BY_ALIGNMENT(._ipm_driver_api.static.*)))
                0x08005b04                        _ipm_driver_api_list_end = .

led_driver_api_area
                0x08005b04        0x0
                0x08005b04                        _led_driver_api_list_start = .
 *(SORT_BY_NAME(SORT_BY_ALIGNMENT(._led_driver_api.static.*)))
                0x08005b04                        _led_driver_api_list_end = .

led_strip_driver_api_area
                0x08005b04        0x0
                0x08005b04                        _led_strip_driver_api_list_start = .
 *(SORT_BY_NAME(SORT_BY_ALIGNMENT(._led_strip_driver_api.static.*)))
                0x08005b04                        _led_strip_driver_api_list_end = .

lora_driver_api_area
                0x08005b04        0x0
                0x08005b04                        _lora_driver_api_list_start = .
 *(SORT_BY_NAME(SORT_BY_ALIGNMENT(._lora_driver_api.static.*)))
                0x08005b04                        _lora_driver_api_list_end = .

mbox_driver_api_area
                0x08005b04        0x0
                0x08005b04                        _mbox_driver_api_list_start = .
 *(SORT_BY_NAME(SORT_BY_ALIGNMENT(._mbox_driver_api.static.*)))
                0x08005b04                        _mbox_driver_api_list_end = .

mdio_driver_api_area
                0x08005b04        0x0
                0x08005b04                        _mdio_driver_api_list_start = .
 *(SORT_BY_NAME(SORT_BY_ALIGNMENT(._mdio_driver_api.static.*)))
                0x08005b04                        _mdio_driver_api_list_end = .

mipi_dbi_driver_api_area
                0x08005b04        0x0
                0x08005b04                        _mipi_dbi_driver_api_list_start = .
 *(SORT_BY_NAME(SORT_BY_ALIGNMENT(._mipi_dbi_driver_api.static.*)))
                0x08005b04                        _mipi_dbi_driver_api_list_end = .

mipi_dsi_driver_api_area
                0x08005b04        0x0
                0x08005b04                        _mipi_dsi_driver_api_list_start = .
 *(SORT_BY_NAME(SORT_BY_ALIGNMENT(._mipi_dsi_driver_api.static.*)))
                0x08005b04                        _mipi_dsi_driver_api_list_end = .

mspi_driver_api_area
                0x08005b04        0x0
                0x08005b04                        _mspi_driver_api_list_start = .
 *(SORT_BY_NAME(SORT_BY_ALIGNMENT(._mspi_driver_api.static.*)))
                0x08005b04                        _mspi_driver_api_list_end = .

opamp_driver_api_area
                0x08005b04        0x0
                0x08005b04                        _opamp_driver_api_list_start = .
 *(SORT_BY_NAME(SORT_BY_ALIGNMENT(._opamp_driver_api.static.*)))
                0x08005b04                        _opamp_driver_api_list_end = .

otp_driver_api_area
                0x08005b04        0x0
                0x08005b04                        _otp_driver_api_list_start = .
 *(SORT_BY_NAME(SORT_BY_ALIGNMENT(._otp_driver_api.static.*)))
                0x08005b04                        _otp_driver_api_list_end = .

peci_driver_api_area
                0x08005b04        0x0
                0x08005b04                        _peci_driver_api_list_start = .
 *(SORT_BY_NAME(SORT_BY_ALIGNMENT(._peci_driver_api.static.*)))
                0x08005b04                        _peci_driver_api_list_end = .

ps2_driver_api_area
                0x08005b04        0x0
                0x08005b04                        _ps2_driver_api_list_start = .
 *(SORT_BY_NAME(SORT_BY_ALIGNMENT(._ps2_driver_api.static.*)))
                0x08005b04                        _ps2_driver_api_list_end = .

ptp_clock_driver_api_area
                0x08005b04        0x0
                0x08005b04                        _ptp_clock_driver_api_list_start = .
 *(SORT_BY_NAME(SORT_BY_ALIGNMENT(._ptp_clock_driver_api.static.*)))
                0x08005b04                        _ptp_clock_driver_api_list_end = .

pwm_driver_api_area
                0x08005b04        0x0
                0x08005b04                        _pwm_driver_api_list_start = .
 *(SORT_BY_NAME(SORT_BY_ALIGNMENT(._pwm_driver_api.static.*)))
                0x08005b04                        _pwm_driver_api_list_end = .

regulator_parent_driver_api_area
                0x08005b04        0x0
                0x08005b04                        _regulator_parent_driver_api_list_start = .
 *(SORT_BY_NAME(SORT_BY_ALIGNMENT(._regulator_parent_driver_api.static.*)))
                0x08005b04                        _regulator_parent_driver_api_list_end = .

regulator_driver_api_area
                0x08005b04        0x0
                0x08005b04                        _regulator_driver_api_list_start = .
 *(SORT_BY_NAME(SORT_BY_ALIGNMENT(._regulator_driver_api.static.*)))
                0x08005b04                        _regulator_driver_api_list_end = .

retained_mem_driver_api_area
                0x08005b04        0x0
                0x08005b04                        _retained_mem_driver_api_list_start = .
 *(SORT_BY_NAME(SORT_BY_ALIGNMENT(._retained_mem_driver_api.static.*)))
                0x08005b04                        _retained_mem_driver_api_list_end = .

rtc_driver_api_area
                0x08005b04        0x0
                0x08005b04                        _rtc_driver_api_list_start = .
 *(SORT_BY_NAME(SORT_BY_ALIGNMENT(._rtc_driver_api.static.*)))
                0x08005b04                        _rtc_driver_api_list_end = .

sdhc_driver_api_area
                0x08005b04        0x0
                0x08005b04                        _sdhc_driver_api_list_start = .
 *(SORT_BY_NAME(SORT_BY_ALIGNMENT(._sdhc_driver_api.static.*)))
                0x08005b04                        _sdhc_driver_api_list_end = .

sensor_driver_api_area
                0x08005b04        0x0
                0x08005b04                        _sensor_driver_api_list_start = .
 *(SORT_BY_NAME(SORT_BY_ALIGNMENT(._sensor_driver_api.static.*)))
                0x08005b04                        _sensor_driver_api_list_end = .

smbus_driver_api_area
                0x08005b04        0x0
                0x08005b04                        _smbus_driver_api_list_start = .
 *(SORT_BY_NAME(SORT_BY_ALIGNMENT(._smbus_driver_api.static.*)))
                0x08005b04                        _smbus_driver_api_list_end = .

spi_driver_api_area
                0x08005b04        0x0
                0x08005b04                        _spi_driver_api_list_start = .
 *(SORT_BY_NAME(SORT_BY_ALIGNMENT(._spi_driver_api.static.*)))
                0x08005b04                        _spi_driver_api_list_end = .

syscon_driver_api_area
                0x08005b04        0x0
                0x08005b04                        _syscon_driver_api_list_start = .
 *(SORT_BY_NAME(SORT_BY_ALIGNMENT(._syscon_driver_api.static.*)))
                0x08005b04                        _syscon_driver_api_list_end = .

tee_driver_api_area
                0x08005b04        0x0
                0x08005b04                        _tee_driver_api_list_start = .
 *(SORT_BY_NAME(SORT_BY_ALIGNMENT(._tee_driver_api.static.*)))
                0x08005b04                        _tee_driver_api_list_end = .

uaol_driver_api_area
                0x08005b04        0x0
                0x08005b04                        _uaol_driver_api_list_start = .
 *(SORT_BY_NAME(SORT_BY_ALIGNMENT(._uaol_driver_api.static.*)))
                0x08005b04                        _uaol_driver_api_list_end = .

video_driver_api_area
                0x08005b04        0x0
                0x08005b04                        _video_driver_api_list_start = .
 *(SORT_BY_NAME(SORT_BY_ALIGNMENT(._video_driver_api.static.*)))
                0x08005b04                        _video_driver_api_list_end = .

virtio_driver_api_area
                0x08005b04        0x0
                0x08005b04                        _virtio_driver_api_list_start = .
 *(SORT_BY_NAME(SORT_BY_ALIGNMENT(._virtio_driver_api.static.*)))
                0x08005b04                        _virtio_driver_api_list_end = .

w1_driver_api_area
                0x08005b04        0x0
                0x08005b04                        _w1_driver_api_list_start = .
 *(SORT_BY_NAME(SORT_BY_ALIGNMENT(._w1_driver_api.static.*)))
                0x08005b04                        _w1_driver_api_list_end = .

wdt_driver_api_area
                0x08005b04        0x0
                0x08005b04                        _wdt_driver_api_list_start = .
 *(SORT_BY_NAME(SORT_BY_ALIGNMENT(._wdt_driver_api.static.*)))
                0x08005b04                        _wdt_driver_api_list_end = .

wuc_driver_api_area
                0x08005b04        0x0
                0x08005b04                        _wuc_driver_api_list_start = .
 *(SORT_BY_NAME(SORT_BY_ALIGNMENT(._wuc_driver_api.static.*)))
                0x08005b04                        _wuc_driver_api_list_end = .

can_transceiver_driver_api_area
                0x08005b04        0x0
                0x08005b04                        _can_transceiver_driver_api_list_start = .
 *(SORT_BY_NAME(SORT_BY_ALIGNMENT(._can_transceiver_driver_api.static.*)))
                0x08005b04                        _can_transceiver_driver_api_list_end = .

nrf_clock_control_driver_api_area
                0x08005b04        0x0
                0x08005b04                        _nrf_clock_control_driver_api_list_start = .
 *(SORT_BY_NAME(SORT_BY_ALIGNMENT(._nrf_clock_control_driver_api.static.*)))
                0x08005b04                        _nrf_clock_control_driver_api_list_end = .

i3c_target_driver_api_area
                0x08005b04        0x0
                0x08005b04                        _i3c_target_driver_api_list_start = .
 *(SORT_BY_NAME(SORT_BY_ALIGNMENT(._i3c_target_driver_api.static.*)))
                0x08005b04                        _i3c_target_driver_api_list_end = .

its_driver_api_area
                0x08005b04        0x0
                0x08005b04                        _its_driver_api_list_start = .
 *(SORT_BY_NAME(SORT_BY_ALIGNMENT(._its_driver_api.static.*)))
                0x08005b04                        _its_driver_api_list_end = .

vtd_driver_api_area
                0x08005b04        0x0
                0x08005b04                        _vtd_driver_api_list_start = .
 *(SORT_BY_NAME(SORT_BY_ALIGNMENT(._vtd_driver_api.static.*)))
                0x08005b04                        _vtd_driver_api_list_end = .

renesas_elc_driver_api_area
                0x08005b04        0x0
                0x08005b04                        _renesas_elc_driver_api_list_start = .
 *(SORT_BY_NAME(SORT_BY_ALIGNMENT(._renesas_elc_driver_api.static.*)))
                0x08005b04                        _renesas_elc_driver_api_list_end = .

tgpio_driver_api_area
                0x08005b04        0x0
                0x08005b04                        _tgpio_driver_api_list_start = .
 *(SORT_BY_NAME(SORT_BY_ALIGNMENT(._tgpio_driver_api.static.*)))
                0x08005b04                        _tgpio_driver_api_list_end = .

pcie_ctrl_driver_api_area
                0x08005b04        0x0
                0x08005b04                        _pcie_ctrl_driver_api_list_start = .
 *(SORT_BY_NAME(SORT_BY_ALIGNMENT(._pcie_ctrl_driver_api.static.*)))
                0x08005b04                        _pcie_ctrl_driver_api_list_end = .

pcie_ep_driver_api_area
                0x08005b04        0x0
                0x08005b04                        _pcie_ep_driver_api_list_start = .
 *(SORT_BY_NAME(SORT_BY_ALIGNMENT(._pcie_ep_driver_api.static.*)))
                0x08005b04                        _pcie_ep_driver_api_list_end = .

psi5_driver_api_area
                0x08005b04        0x0
                0x08005b04                        _psi5_driver_api_list_start = .
 *(SORT_BY_NAME(SORT_BY_ALIGNMENT(._psi5_driver_api.static.*)))
                0x08005b04                        _psi5_driver_api_list_end = .

sent_driver_api_area
                0x08005b04        0x0
                0x08005b04                        _sent_driver_api_list_start = .
 *(SORT_BY_NAME(SORT_BY_ALIGNMENT(._sent_driver_api.static.*)))
                0x08005b04                        _sent_driver_api_list_end = .

svc_driver_api_area
                0x08005b04        0x0
                0x08005b04                        _svc_driver_api_list_start = .
 *(SORT_BY_NAME(SORT_BY_ALIGNMENT(._svc_driver_api.static.*)))
                0x08005b04                        _svc_driver_api_list_end = .

stepper_driver_api_area
                0x08005b04        0x0
                0x08005b04                        _stepper_driver_api_list_start = .
 *(SORT_BY_NAME(SORT_BY_ALIGNMENT(._stepper_driver_api.static.*)))
                0x08005b04                        _stepper_driver_api_list_end = .

stepper_ctrl_driver_api_area
                0x08005b04        0x0
                0x08005b04                        _stepper_ctrl_driver_api_list_start = .
 *(SORT_BY_NAME(SORT_BY_ALIGNMENT(._stepper_ctrl_driver_api.static.*)))
                0x08005b04                        _stepper_ctrl_driver_api_list_end = .

uart_driver_api_area
                0x08005b04       0x14
                0x08005b04                        _uart_driver_api_list_start = .
 *(SORT_BY_NAME(SORT_BY_ALIGNMENT(._uart_driver_api.static.*)))
 ._uart_driver_api.static.uart_stm32_driver_api_
                0x08005b04       0x14 zephyr/drivers/serial/libdrivers__serial.a(uart_stm32.c.obj)
                0x08005b18                        _uart_driver_api_list_end = .

bc12_emul_driver_api_area
                0x08005b18        0x0
                0x08005b18                        _bc12_emul_driver_api_list_start = .
 *(SORT_BY_NAME(SORT_BY_ALIGNMENT(._bc12_emul_driver_api.static.*)))
                0x08005b18                        _bc12_emul_driver_api_list_end = .

bc12_driver_api_area
                0x08005b18        0x0
                0x08005b18                        _bc12_driver_api_list_start = .
 *(SORT_BY_NAME(SORT_BY_ALIGNMENT(._bc12_driver_api.static.*)))
                0x08005b18                        _bc12_driver_api_list_end = .

usbc_ppc_driver_api_area
                0x08005b18        0x0
                0x08005b18                        _usbc_ppc_driver_api_list_start = .
 *(SORT_BY_NAME(SORT_BY_ALIGNMENT(._usbc_ppc_driver_api.static.*)))
                0x08005b18                        _usbc_ppc_driver_api_list_end = .

tcpc_driver_api_area
                0x08005b18        0x0
                0x08005b18                        _tcpc_driver_api_list_start = .
 *(SORT_BY_NAME(SORT_BY_ALIGNMENT(._tcpc_driver_api.static.*)))
                0x08005b18                        _tcpc_driver_api_list_end = .

usbc_vbus_driver_api_area
                0x08005b18        0x0
                0x08005b18                        _usbc_vbus_driver_api_list_start = .
 *(SORT_BY_NAME(SORT_BY_ALIGNMENT(._usbc_vbus_driver_api.static.*)))
                0x08005b18                        _usbc_vbus_driver_api_list_end = .

ivshmem_driver_api_area
                0x08005b18        0x0
                0x08005b18                        _ivshmem_driver_api_list_start = .
 *(SORT_BY_NAME(SORT_BY_ALIGNMENT(._ivshmem_driver_api.static.*)))
                0x08005b18                        _ivshmem_driver_api_list_end = .

ethphy_driver_api_area
                0x08005b18        0x0
                0x08005b18                        _ethphy_driver_api_list_start = .
 *(SORT_BY_NAME(SORT_BY_ALIGNMENT(._ethphy_driver_api.static.*)))
                0x08005b18                        _ethphy_driver_api_list_end = .

ztest           0x08005b18        0x0
                0x08005b18                        _ztest_expected_result_entry_list_start = .
 *(SORT_BY_NAME(SORT_BY_ALIGNMENT(._ztest_expected_result_entry.static.*)))
                0x08005b18                        _ztest_expected_result_entry_list_end = .
                0x08005b18                        _ztest_suite_node_list_start = .
 *(SORT_BY_NAME(SORT_BY_ALIGNMENT(._ztest_suite_node.static.*)))
                0x08005b18                        _ztest_suite_node_list_end = .
                0x08005b18                        _ztest_unit_test_list_start = .
 *(SORT_BY_NAME(SORT_BY_ALIGNMENT(._ztest_unit_test.static.*)))
                0x08005b18                        _ztest_unit_test_list_end = .
                0x08005b18                        _ztest_test_rule_list_start = .
 *(SORT_BY_NAME(SORT_BY_ALIGNMENT(._ztest_test_rule.static.*)))
                0x08005b18                        _ztest_test_rule_list_end = .

init_array      0x08005b18        0x0
                0x08005b18                        __zephyr_init_array_start = .
 *(SORT_BY_INIT_PRIORITY(.init_array.*) SORT_BY_INIT_PRIORITY(.ctors.*))
 *(SORT_BY_ALIGNMENT(.init_array) SORT_BY_ALIGNMENT(.ctors))
                0x08005b18                        __zephyr_init_array_end = .
                0x00000001                        ASSERT ((__zephyr_init_array_start == __zephyr_init_array_end), GNU-style constructors required but STATIC_INIT_GNU not enabled)

bt_l2cap_fixed_chan_area
                0x08005b18        0x0
                0x08005b18                        _bt_l2cap_fixed_chan_list_start = .
 *(SORT_BY_NAME(SORT_BY_ALIGNMENT(._bt_l2cap_fixed_chan.static.*)))
                0x08005b18                        _bt_l2cap_fixed_chan_list_end = .

bt_gatt_service_static_area
                0x08005b18        0x0
                0x08005b18                        _bt_gatt_service_static_list_start = .
 *(SORT_BY_NAME(SORT_BY_ALIGNMENT(._bt_gatt_service_static.static.*)))
                0x08005b18                        _bt_gatt_service_static_list_end = .

log_strings_area
                0x08005b18        0x0
                0x08005b18                        _log_strings_list_start = .
 *(SORT_BY_NAME(SORT_BY_ALIGNMENT(._log_strings.static.*)))
                0x08005b18                        _log_strings_list_end = .

log_stmesp_ptr_area
                0x08005b18        0x0
                0x08005b18                        _log_stmesp_ptr_list_start = .
 *(SORT_BY_NAME(SORT_BY_ALIGNMENT(._log_stmesp_ptr.static.*)))
                0x08005b18                        _log_stmesp_ptr_list_end = .

log_stmesp_str_area
                0x08005b18        0x0
                0x08005b18                        _log_stmesp_str_list_start = .
 *(SORT_BY_NAME(SORT_BY_ALIGNMENT(._log_stmesp_str.static.*)))
                0x08005b18                        _log_stmesp_str_list_end = .

log_const_area  0x08005b18        0x0
                0x08005b18                        _log_const_list_start = .
 *(SORT_BY_NAME(SORT_BY_ALIGNMENT(._log_const.static.*)))
                0x08005b18                        _log_const_list_end = .

log_backend_area
                0x08005b18        0x0
                0x08005b18                        _log_backend_list_start = .
 *(SORT_BY_NAME(SORT_BY_ALIGNMENT(._log_backend.static.*)))
                0x08005b18                        _log_backend_list_end = .

log_link_area   0x08005b18        0x0
                0x08005b18                        _log_link_list_start = .
 *(SORT_BY_NAME(SORT_BY_ALIGNMENT(._log_link.static.*)))
                0x08005b18                        _log_link_list_end = .

tracing_backend_area
                0x08005b18        0x0
                0x08005b18                        _tracing_backend_list_start = .
 *(SORT_BY_NAME(SORT_BY_ALIGNMENT(._tracing_backend.static.*)))
                0x08005b18                        _tracing_backend_list_end = .

zephyr_dbg_info
                0x08005b18       0x44
 *(SORT_BY_ALIGNMENT(.dbg_thread_info))
 .dbg_thread_info
                0x08005b18       0x44 zephyr/libzephyr.a(thread_info.c.obj)
                0x08005b18                _kernel_openocd_size_t_size
                0x08005b18                _kernel_thread_info_size_t_size
                0x08005b1c                _kernel_openocd_num_offsets
                0x08005b1c                _kernel_thread_info_num_offsets
                0x08005b20                _kernel_openocd_offsets
                0x08005b20                _kernel_thread_info_offsets

intc_table_area
                0x08005b5c        0x0
                0x08005b5c                        _intc_table_list_start = .
 *(SORT_BY_NAME(SORT_BY_ALIGNMENT(._intc_table.static.*)))
                0x08005b5c                        _intc_table_list_end = .

symbol_to_keep  0x08005b5c        0x0
                0x08005b5c                        __symbol_to_keep_start = .
 *(SORT_BY_NAME(SORT_BY_ALIGNMENT(.symbol_to_keep*)))
                0x08005b5c                        __symbol_to_keep_end = .

shell_area      0x08005b5c        0x0
                0x08005b5c                        _shell_list_start = .
 *(SORT_BY_NAME(SORT_BY_ALIGNMENT(._shell.static.*)))
                0x08005b5c                        _shell_list_end = .

shell_root_cmds_area
                0x08005b5c        0x0
                0x08005b5c                        _shell_root_cmds_list_start = .
 *(SORT_BY_NAME(SORT_BY_ALIGNMENT(._shell_root_cmds.static.*)))
                0x08005b5c                        _shell_root_cmds_list_end = .

shell_subcmds_area
                0x08005b5c        0x0
                0x08005b5c                        _shell_subcmds_list_start = .
 *(SORT_BY_NAME(SORT_BY_ALIGNMENT(._shell_subcmds.static.*)))
                0x08005b5c                        _shell_subcmds_list_end = .

shell_dynamic_subcmds_area
                0x08005b5c        0x0
                0x08005b5c                        _shell_dynamic_subcmds_list_start = .
 *(SORT_BY_NAME(SORT_BY_ALIGNMENT(._shell_dynamic_subcmds.static.*)))
                0x08005b5c                        _shell_dynamic_subcmds_list_end = .

cfb_font_area   0x08005b5c        0x0
                0x08005b5c                        _cfb_font_list_start = .
 *(SORT_BY_NAME(SORT_BY_ALIGNMENT(._cfb_font.static.*)))
                0x08005b5c                        _cfb_font_list_end = .

tdata           0x08005b5c        0x0
 *(SORT_BY_ALIGNMENT(.tdata) SORT_BY_ALIGNMENT(.tdata.*) SORT_BY_ALIGNMENT(.gnu.linkonce.td.*))

tbss            0x08005b5c        0x4
 *(SORT_BY_ALIGNMENT(.tbss) SORT_BY_ALIGNMENT(.tbss.*) SORT_BY_ALIGNMENT(.gnu.linkonce.tb.*) SORT_BY_ALIGNMENT(.tcommon))
 .tbss.z_tls_current
                0x08005b5c        0x4 zephyr/libzephyr.a(thread_entry.c.obj)
                0x08005b5c                z_tls_current
                0x08005b5c                        PROVIDE (__tdata_start = LOADADDR (tdata))
                0x00000001                        PROVIDE (__tdata_align = ALIGNOF (tdata))
                0x00000000                        PROVIDE (__tdata_size = (((SIZEOF (tdata) + __tdata_align) - 0x1) & ~ ((__tdata_align - 0x1))))
                [!provide]                        PROVIDE (__tdata_end = (__tdata_start + __tdata_size))
                0x00000004                        PROVIDE (__tbss_align = ALIGNOF (tbss))
                [!provide]                        PROVIDE (__tbss_start = ADDR (tbss))
                0x00000004                        PROVIDE (__tbss_size = (((SIZEOF (tbss) + __tbss_align) - 0x1) & ~ ((__tbss_align - 0x1))))
                [!provide]                        PROVIDE (__tbss_end = (__tbss_start + __tbss_size))
                [!provide]                        PROVIDE (__tls_start = __tdata_start)
                [!provide]                        PROVIDE (__tls_end = __tbss_end)
                [!provide]                        PROVIDE (__tls_size = (__tbss_end - __tdata_start))

rodata          0x08005b5c      0x868
 *(SORT_BY_ALIGNMENT(.rodata))
 .rodata        0x08005b5c        0x8 zephyr/drivers/interrupt_controller/libdrivers__interrupt_controller.a(intc_exti_stm32.c.obj)
 *(SORT_BY_ALIGNMENT(.rodata.*))
 .rodata.main.str1.4
                0x08005b64      0x5e0 app/libapp.a(main.c.obj)
                                 0x2d (size before relaxing)
 .rodata.str1.4
                0x08006144       0x8e zephyr/libzephyr.a(gpioport_mgr.c.obj)
 .rodata.gpio_stm32_cfg_i
                0x08006144       0x14 zephyr/libzephyr.a(gpioport_mgr.c.obj)
 .rodata.gpio_stm32_cfg_h
                0x08006158       0x14 zephyr/libzephyr.a(gpioport_mgr.c.obj)
 .rodata.gpio_stm32_cfg_g
                0x0800616c       0x14 zephyr/libzephyr.a(gpioport_mgr.c.obj)
 .rodata.gpio_stm32_cfg_f
                0x08006180       0x14 zephyr/libzephyr.a(gpioport_mgr.c.obj)
 .rodata.gpio_stm32_cfg_e
                0x08006194       0x14 zephyr/libzephyr.a(gpioport_mgr.c.obj)
 .rodata.gpio_stm32_cfg_d
                0x080061a8       0x14 zephyr/libzephyr.a(gpioport_mgr.c.obj)
 .rodata.gpio_stm32_cfg_c
                0x080061bc       0x14 zephyr/libzephyr.a(gpioport_mgr.c.obj)
 .rodata.gpio_stm32_cfg_b
                0x080061d0       0x14 zephyr/libzephyr.a(gpioport_mgr.c.obj)
 .rodata.gpio_stm32_cfg_a
                0x080061e4       0x14 zephyr/libzephyr.a(gpioport_mgr.c.obj)
 .rodata.gpio_ports
                0x080061f8       0x68 zephyr/libzephyr.a(gpioport_mgr.c.obj)
 .rodata.mem_attr_region
                0x08006260        0x0 zephyr/libzephyr.a(mem_attr.c.obj)
 .rodata.esf_dump.str1.4
                0x08006260       0x9f zephyr/arch/arch/arm/core/libarch__arm__core.a(fatal.c.obj)
 .rodata.z_arm_fatal_error.str1.4
                0x08006260       0x14 zephyr/arch/arch/arm/core/libarch__arm__core.a(fatal.c.obj)
 .rodata.get_esf.str1.4
                0x08006260       0x2c zephyr/arch/arch/arm/core/cortex_m/libarch__arm__core__cortex_m.a(fault.c.obj)
 .rodata.mem_manage_fault.str1.4
                0x08006260       0xe4 zephyr/arch/arch/arm/core/cortex_m/libarch__arm__core__cortex_m.a(fault.c.obj)
 .rodata.bus_fault.str1.4
                0x08006260       0x95 zephyr/arch/arch/arm/core/cortex_m/libarch__arm__core__cortex_m.a(fault.c.obj)
 .rodata.usage_fault.str1.4
                0x08006260      0x108 zephyr/arch/arch/arm/core/cortex_m/libarch__arm__core__cortex_m.a(fault.c.obj)
 .rodata.hard_fault.str1.4
                0x08006260       0x89 zephyr/arch/arch/arm/core/cortex_m/libarch__arm__core__cortex_m.a(fault.c.obj)
 .rodata.debug_monitor.str1.4
                0x08006260       0x25 zephyr/arch/arch/arm/core/cortex_m/libarch__arm__core__cortex_m.a(fault.c.obj)
 .rodata.reserved_exception.str1.4
                0x08006260       0x48 zephyr/arch/arch/arm/core/cortex_m/libarch__arm__core__cortex_m.a(fault.c.obj)
 .rodata.static_regions
                0x08006260        0xc zephyr/arch/arch/arm/core/mpu/libarch__arm__core__mpu.a(arm_core_mpu.c.obj)
 .rodata.mpu_config
                0x0800626c        0x8 zephyr/arch/arch/arm/core/mpu/libarch__arm__core__mpu.a(arm_mpu_regions.c.obj)
                0x0800626c                mpu_config
 .rodata.str1.4
                0x08006274        0xf zephyr/arch/arch/arm/core/mpu/libarch__arm__core__mpu.a(arm_mpu_regions.c.obj)
 .rodata.mpu_regions
                0x08006274       0x20 zephyr/arch/arch/arm/core/mpu/libarch__arm__core__mpu.a(arm_mpu_regions.c.obj)
 .rodata.stdout
                0x08006294        0x4 zephyr/lib/libc/picolibc/liblib__libc__picolibc.a(stdio.c.obj)
                0x08006294                stderr
                0x08006294                stdout
 .rodata.str1.4
                0x08006298       0x1e zephyr/drivers/interrupt_controller/libdrivers__interrupt_controller.a(intc_exti_stm32.c.obj)
 .rodata.line_range_15.0
                0x08006298        0x2 zephyr/drivers/interrupt_controller/libdrivers__interrupt_controller.a(intc_gpio_stm32.c.obj)
 *fill*         0x0800629a        0x2 
 .rodata.line_range_14.1
                0x0800629c        0x2 zephyr/drivers/interrupt_controller/libdrivers__interrupt_controller.a(intc_gpio_stm32.c.obj)
 *fill*         0x0800629e        0x2 
 .rodata.line_range_13.2
                0x080062a0        0x2 zephyr/drivers/interrupt_controller/libdrivers__interrupt_controller.a(intc_gpio_stm32.c.obj)
 *fill*         0x080062a2        0x2 
 .rodata.line_range_12.3
                0x080062a4        0x2 zephyr/drivers/interrupt_controller/libdrivers__interrupt_controller.a(intc_gpio_stm32.c.obj)
 *fill*         0x080062a6        0x2 
 .rodata.line_range_11.4
                0x080062a8        0x2 zephyr/drivers/interrupt_controller/libdrivers__interrupt_controller.a(intc_gpio_stm32.c.obj)
 *fill*         0x080062aa        0x2 
 .rodata.line_range_10.5
                0x080062ac        0x2 zephyr/drivers/interrupt_controller/libdrivers__interrupt_controller.a(intc_gpio_stm32.c.obj)
 *fill*         0x080062ae        0x2 
 .rodata.line_range_9.6
                0x080062b0        0x2 zephyr/drivers/interrupt_controller/libdrivers__interrupt_controller.a(intc_gpio_stm32.c.obj)
 *fill*         0x080062b2        0x2 
 .rodata.line_range_8.7
                0x080062b4        0x2 zephyr/drivers/interrupt_controller/libdrivers__interrupt_controller.a(intc_gpio_stm32.c.obj)
 *fill*         0x080062b6        0x2 
 .rodata.line_range_7.8
                0x080062b8        0x2 zephyr/drivers/interrupt_controller/libdrivers__interrupt_controller.a(intc_gpio_stm32.c.obj)
 *fill*         0x080062ba        0x2 
 .rodata.line_range_6.9
                0x080062bc        0x2 zephyr/drivers/interrupt_controller/libdrivers__interrupt_controller.a(intc_gpio_stm32.c.obj)
 *fill*         0x080062be        0x2 
 .rodata.line_range_5.10