Archive member included to satisfy reference by file (symbol)

app/libapp.a(main.c.obj)      (--whole-archive)
zephyr/libzephyr.a(validate_libc.c.obj)
                              (--whole-archive)
zephyr/libzephyr.a(heap.c.obj)
                              (--whole-archive)
zephyr/libzephyr.a(cbprintf_packaged.c.obj)
                              (--whole-archive)
zephyr/libzephyr.a(clock.c.obj)
                              (--whole-archive)
zephyr/libzephyr.a(printk.c.obj)
                              (--whole-archive)
zephyr/libzephyr.a(sem.c.obj)
                              (--whole-archive)
zephyr/libzephyr.a(thread_entry.c.obj)
                              (--whole-archive)
zephyr/libzephyr.a(cbprintf_complete.c.obj)
                              (--whole-archive)
zephyr/libzephyr.a(assert.c.obj)
                              (--whole-archive)
zephyr/libzephyr.a(dec.c.obj)
                              (--whole-archive)
zephyr/libzephyr.a(hex.c.obj)
                              (--whole-archive)
zephyr/libzephyr.a(rb.c.obj)  (--whole-archive)
zephyr/libzephyr.a(set.c.obj)
                              (--whole-archive)
zephyr/libzephyr.a(timeutil.c.obj)
                              (--whole-archive)
zephyr/libzephyr.a(bitarray.c.obj)
                              (--whole-archive)
zephyr/libzephyr.a(bitmask.c.obj)
                              (--whole-archive)
zephyr/libzephyr.a(getopt.c.obj)
                              (--whole-archive)
zephyr/libzephyr.a(getopt_common.c.obj)
                              (--whole-archive)
zephyr/libzephyr.a(ring_buffer.c.obj)
                              (--whole-archive)
zephyr/libzephyr.a(last_section_id.c.obj)
                              (--whole-archive)
zephyr/libzephyr.a(configs.c.obj)
                              (--whole-archive)
zephyr/libzephyr.a(stm32cube_hal.c.obj)
                              (--whole-archive)
zephyr/libzephyr.a(soc_config.c.obj)
                              (--whole-archive)
zephyr/libzephyr.a(gpioport_mgr.c.obj)
                              (--whole-archive)
zephyr/libzephyr.a(stm32_cache.c.obj)
                              (--whole-archive)
zephyr/libzephyr.a(stm32_backup_domain.c.obj)
                              (--whole-archive)
zephyr/libzephyr.a(soc.c.obj)
                              (--whole-archive)
zephyr/libzephyr.a(thread_info.c.obj)
                              (--whole-archive)
zephyr/libzephyr.a(mem_attr.c.obj)
                              (--whole-archive)
zephyr/libzephyr.a(tracing_none.c.obj)
                              (--whole-archive)
zephyr/arch/common/libarch__common.a(sw_isr_common.c.obj)
                              (--whole-archive)
zephyr/arch/common/libarch__common.a(init.c.obj)
                              (--whole-archive)
zephyr/arch/common/libarch__common.a(xip.c.obj)
                              (--whole-archive)
zephyr/arch/arch/arm/core/libarch__arm__core.a(fatal.c.obj)
                              (--whole-archive)
zephyr/arch/arch/arm/core/libarch__arm__core.a(nmi.c.obj)
                              (--whole-archive)
zephyr/arch/arch/arm/core/libarch__arm__core.a(nmi_on_reset.S.obj)
                              (--whole-archive)
zephyr/arch/arch/arm/core/libarch__arm__core.a(tls.c.obj)
                              (--whole-archive)
zephyr/arch/arch/arm/core/cortex_m/libarch__arm__core__cortex_m.a(fault.c.obj)
                              (--whole-archive)
zephyr/arch/arch/arm/core/cortex_m/libarch__arm__core__cortex_m.a(fault_s.S.obj)
                              (--whole-archive)
zephyr/arch/arch/arm/core/cortex_m/libarch__arm__core__cortex_m.a(fpu.c.obj)
                              (--whole-archive)
zephyr/arch/arch/arm/core/cortex_m/libarch__arm__core__cortex_m.a(reset.S.obj)
                              (--whole-archive)
zephyr/arch/arch/arm/core/cortex_m/libarch__arm__core__cortex_m.a(scb.c.obj)
                              (--whole-archive)
zephyr/arch/arch/arm/core/cortex_m/libarch__arm__core__cortex_m.a(vector_table.S.obj)
                              (--whole-archive)
zephyr/arch/arch/arm/core/cortex_m/libarch__arm__core__cortex_m.a(svc.S.obj)
                              (--whole-archive)
zephyr/arch/arch/arm/core/cortex_m/libarch__arm__core__cortex_m.a(irq_manage.c.obj)
                              (--whole-archive)
zephyr/arch/arch/arm/core/cortex_m/libarch__arm__core__cortex_m.a(prep_c.c.obj)
                              (--whole-archive)
zephyr/arch/arch/arm/core/cortex_m/libarch__arm__core__cortex_m.a(thread.c.obj)
                              (--whole-archive)
zephyr/arch/arch/arm/core/cortex_m/libarch__arm__core__cortex_m.a(cpu_idle.c.obj)
                              (--whole-archive)
zephyr/arch/arch/arm/core/cortex_m/libarch__arm__core__cortex_m.a(exc_exit.c.obj)
                              (--whole-archive)
zephyr/arch/arch/arm/core/cortex_m/libarch__arm__core__cortex_m.a(thread_abort.c.obj)
[...]
Memory Configuration

Name             Origin             Length             Attributes
FLASH            0x08000000         0x00200000         xr
RAM              0x20000000         0x00040000         xw
SRAM1            0x20000000         0x00040000         rw
SRAM2            0x20040000         0x00010000         rw
SRAM3            0x20050000         0x00050000         rw
IDT_LIST         0xffff7fff         0x00008000         xw
*default*        0x00000000         0xffffffff

Linker script and memory map

                0x080030d4                        vfprintf = __l_vfprintf
                0x00000000                        vfscanf = __l_vfscanf
LOAD zephyr/CMakeFiles/zephyr_final.dir/misc/empty_file.c.obj
LOAD zephyr/CMakeFiles/zephyr_final.dir/isr_tables.c.obj
LOAD zephyr/CMakeFiles/offsets.dir/./arch/arm/core/offsets/offsets.c.obj
LOAD app/libapp.a
LOAD zephyr/libzephyr.a
LOAD zephyr/arch/common/libarch__common.a
LOAD zephyr/arch/arch/arm/core/libarch__arm__core.a
LOAD zephyr/arch/arch/arm/core/cortex_m/libarch__arm__core__cortex_m.a
LOAD zephyr/arch/arch/arm/core/cortex_m/cmse/libarch__arm__core__cortex_m__cmse.a
LOAD zephyr/arch/arch/arm/core/mpu/libarch__arm__core__mpu.a
LOAD zephyr/lib/libc/picolibc/liblib__libc__picolibc.a
LOAD zephyr/lib/libc/common/liblib__libc__common.a
LOAD zephyr/lib/posix/c_lib_ext/liblib__posix__c_lib_ext.a
LOAD zephyr/drivers/interrupt_controller/libdrivers__interrupt_controller.a
LOAD zephyr/drivers/cache/libdrivers__cache.a
LOAD zephyr/drivers/clock_control/libdrivers__clock_control.a
LOAD zephyr/drivers/console/libdrivers__console.a
LOAD zephyr/drivers/gpio/libdrivers__gpio.a
LOAD zephyr/drivers/pinctrl/libdrivers__pinctrl.a
LOAD zephyr/drivers/reset/libdrivers__reset.a
LOAD zephyr/drivers/serial/libdrivers__serial.a
LOAD zephyr/drivers/timer/libdrivers__timer.a
LOAD modules/hal_stm32/stm32cube/lib..__modules__hal__stm32__stm32cube.a
LOAD zephyr/kernel/libkernel.a
LOAD zephyr/arch/common/libisr_tables.a
LOAD C:/Users/yukis/ZephyrWorkbench/Toolchains/ZephyrSDK/zephyr-sdk-1.0.1/gnu/arm-zephyr-eabi/bin/../lib/gcc/arm-zephyr-eabi/14.3.0/../../../../arm-zephyr-eabi/lib/thumb/v8-m.main/nofp\libc.a
LOAD C:/Users/yukis/ZephyrWorkbench/Toolchains/ZephyrSDK/zephyr-sdk-1.0.1/gnu/arm-zephyr-eabi/bin/../lib/gcc/arm-zephyr-eabi/14.3.0/thumb/v8-m.main/nofp\libgcc.a
                0x00000020                        _region_min_align = 0x20

.rel.plt        0x08000000        0x0
 *(SORT_BY_ALIGNMENT(.rel.plt))
                [!provide]                        PROVIDE (__rel_iplt_start = .)
 *(SORT_BY_ALIGNMENT(.rel.iplt))
 .rel.iplt      0x08000000        0x0 zephyr/CMakeFiles/zephyr_final.dir/isr_tables.c.obj
                [!provide]                        PROVIDE (__rel_iplt_end = .)

.rela.plt       0x00000000        0x0
 *(SORT_BY_ALIGNMENT(.rela.plt))
                [!provide]                        PROVIDE (__rela_iplt_start = .)
 *(SORT_BY_ALIGNMENT(.rela.iplt))
                [!provide]                        PROVIDE (__rela_iplt_end = .)

.rel.dyn
 *(SORT_BY_ALIGNMENT(.rel.*))

.rela.dyn
 *(SORT_BY_ALIGNMENT(.rela.*))

/DISCARD/
 *(SORT_BY_ALIGNMENT(.plt))

/DISCARD/
 *(SORT_BY_ALIGNMENT(.iplt))
                0x08000000                        __rom_region_start = 0x8000000

rom_start       0x08000000      0x20c
                0x08000000                        __rom_start_address = .
 FILL mask 0x00
                0x08000000                        . = (. + (0x0 - (. - __rom_start_address)))
                0x08000000                        . = ALIGN (0x4)
                0x08000000                        . = ALIGN (0x80)
                0x08000000                        . = ALIGN (0x400)
                0x08000000                        _vector_start = .
 *(SORT_BY_ALIGNMENT(.exc_vector_table))
 *(SORT_BY_ALIGNMENT(.exc_vector_table.*))
 .exc_vector_table._vector_table_section
                0x08000000       0x40 zephyr/arch/arch/arm/core/cortex_m/libarch__arm__core__cortex_m.a(vector_table.S.obj)
                0x08000000                _vector_table
 *(SORT_BY_ALIGNMENT(.vectors))
                0x0800020c                        _vector_end = .
                0x08000040                        . = ALIGN (0x4)
 *(SORT_BY_ALIGNMENT(.gnu.linkonce.irq_vector_table*))
 .gnu.linkonce.irq_vector_table
                0x08000040      0x1cc zephyr/CMakeFiles/zephyr_final.dir/isr_tables.c.obj
                0x08000040                _irq_vector_table
                0x0800020c                        _vector_end = .

text            0x0800020c     0x4b84
                0x0800020c                        __text_region_start = .
 *(SORT_BY_ALIGNMENT(.text))
 .text          0x0800020c       0xec C:/Users/yukis/ZephyrWorkbench/Toolchains/ZephyrSDK/zephyr-sdk-1.0.1/gnu/arm-zephyr-eabi/bin/../lib/gcc/arm-zephyr-eabi/14.3.0/../../../../arm-zephyr-eabi/lib/thumb/v8-m.main/nofp\libc.a(memcpy.S.o)
                0x0800020c                __aeabi_memcpy
                0x0800020c                __aeabi_memcpy4
                0x0800020c                __aeabi_memcpy8
                0x0800020c                memcpy
 *(SORT_BY_ALIGNMENT(.text.*))
 .text.main     0x080002f8       0x18 app/libapp.a(main.c.obj)
                0x080002f8                main
 .text.char_out
                0x08000310       0x10 zephyr/libzephyr.a(printk.c.obj)
 .text.__printk_hook_install
                0x08000320        0xc zephyr/libzephyr.a(printk.c.obj)
                0x08000320                __printk_hook_install
 .text.vprintk  0x0800032c       0x30 zephyr/libzephyr.a(printk.c.obj)
                0x0800032c                vprintk
 .text.z_thread_entry
                0x0800035c       0x34 zephyr/libzephyr.a(thread_entry.c.obj)
                0x0800035c                z_thread_entry
 .text.st_stm32_common_config
                0x08000390       0x14 zephyr/libzephyr.a(soc_config.c.obj)
 .text.stm32_gpioport_pm_action
                0x080003a4       0x54 zephyr/libzephyr.a(gpioport_mgr.c.obj)
 .text.stm32_gpioport_init
                0x080003f8       0x10 zephyr/libzephyr.a(gpioport_mgr.c.obj)
 .text.stm32_gpioport_get
                0x08000408       0x24 zephyr/libzephyr.a(gpioport_mgr.c.obj)
                0x08000408                stm32_gpioport_get
 .text.soc_early_init_hook
                0x0800042c       0x24 zephyr/libzephyr.a(soc.c.obj)
                0x0800042c                soc_early_init_hook
 .text.mem_attr_get_regions
                0x08000450        0xc zephyr/libzephyr.a(mem_attr.c.obj)
                0x08000450                mem_attr_get_regions
 .text.arch_bss_zero
                0x0800045c       0x18 zephyr/arch/common/libarch__common.a(init.c.obj)
                0x0800045c                arch_bss_zero
 .text.arch_data_copy
                0x08000474       0x34 zephyr/arch/common/libarch__common.a(xip.c.obj)
                0x08000474                arch_data_copy
 .text.esf_dump
                0x080004a8       0x40 zephyr/arch/arch/arm/core/libarch__arm__core.a(fatal.c.obj)
 .text.z_arm_fatal_error
                0x080004e8       0x30 zephyr/arch/arch/arm/core/libarch__arm__core.a(fatal.c.obj)
                0x080004e8                z_arm_fatal_error
 .text.z_SysNmiOnReset
                0x08000518        0x8 zephyr/arch/arch/arm/core/libarch__arm__core.a(nmi_on_reset.S.obj)
                0x08000518                z_SysNmiOnReset
 .text.z_tls_copy
                0x08000520       0x28 zephyr/arch/arch/arm/core/libarch__arm__core.a(tls.c.obj)
 .text.arch_tls_stack_setup
                0x08000548       0x28 zephyr/arch/arch/arm/core/libarch__arm__core.a(tls.c.obj)
                0x08000548                arch_tls_stack_setup
 .text.z_arm_is_synchronous_svc
                0x08000570       0x48 zephyr/arch/arch/arm/core/cortex_m/libarch__arm__core__cortex_m.a(fault.c.obj)
 .text.get_esf  0x080005b8       0x40 zephyr/arch/arch/arm/core/cortex_m/libarch__arm__core__cortex_m.a(fault.c.obj)
 .text.mem_manage_fault
                0x080005f8       0xf4 zephyr/arch/arch/arm/core/cortex_m/libarch__arm__core__cortex_m.a(fault.c.obj)
 .text.bus_fault
                0x080006ec       0xec zephyr/arch/arch/arm/core/cortex_m/libarch__arm__core__cortex_m.a(fault.c.obj)
 .text.usage_fault
                0x080007d8       0xcc zephyr/arch/arch/arm/core/cortex_m/libarch__arm__core__cortex_m.a(fault.c.obj)
 .text.hard_fault
                0x080008a4       0xb8 zephyr/arch/arch/arm/core/cortex_m/libarch__arm__core__cortex_m.a(fault.c.obj)
 .text.debug_monitor
                0x0800095c       0x14 zephyr/arch/arch/arm/core/cortex_m/libarch__arm__core__cortex_m.a(fault.c.obj)
 .text.reserved_exception
                0x08000970       0x24 zephyr/arch/arch/arm/core/cortex_m/libarch__arm__core__cortex_m.a(fault.c.obj)
 .text.z_arm_fault
                0x08000994       0x84 zephyr/arch/arch/arm/core/cortex_m/libarch__arm__core__cortex_m.a(fault.c.obj)
                0x08000994                z_arm_fault
 .text.z_arm_fault_init
                0x08000a18       0x20 zephyr/arch/arch/arm/core/cortex_m/libarch__arm__core__cortex_m.a(fault.c.obj)
                0x08000a18                z_arm_fault_init
 .text.__fault  0x08000a38       0x14 zephyr/arch/arch/arm/core/cortex_m/libarch__arm__core__cortex_m.a(fault_s.S.obj)
                0x08000a38                z_arm_usage_fault
                0x08000a38                z_arm_mpu_fault
                0x08000a38                z_arm_exc_spurious
                0x08000a38                z_arm_debug_monitor
                0x08000a38                z_arm_hard_fault
                0x08000a38                z_arm_bus_fault
 .text._reset_section
                0x08000a4c       0x40 zephyr/arch/arch/arm/core/cortex_m/libarch__arm__core__cortex_m.a(reset.S.obj)
                0x08000a4c                __start
                0x08000a4c                z_arm_reset
 .text.z_arm_svc
                0x08000a8c       0x24 zephyr/arch/arch/arm/core/cortex_m/libarch__arm__core__cortex_m.a(svc.S.obj)
                0x08000a8c                z_arm_svc
 .text.__NVIC_EnableIRQ
                0x08000ab0       0x1c zephyr/arch/arch/arm/core/cortex_m/libarch__arm__core__cortex_m.a(irq_manage.c.obj)
 .text.__NVIC_SetPriority
                0x08000acc       0x28 zephyr/arch/arch/arm/core/cortex_m/libarch__arm__core__cortex_m.a(irq_manage.c.obj)
 .text.relocate_vector_table
                0x08000af4       0x1c zephyr/arch/arch/arm/core/cortex_m/libarch__arm__core__cortex_m.a(prep_c.c.obj)
                0x08000af4                relocate_vector_table
 .text.z_prep_c
                0x08000b10       0x38 zephyr/arch/arch/arm/core/cortex_m/libarch__arm__core__cortex_m.a(prep_c.c.obj)
                0x08000b10                z_prep_c
 .text.arch_new_thread
                0x08000b48       0x44 zephyr/arch/arch/arm/core/cortex_m/libarch__arm__core__cortex_m.a(thread.c.obj)
                0x08000b48                arch_new_thread
 .text.arch_switch_to_main_thread
                0x08000b8c       0x44 zephyr/arch/arch/arm/core/cortex_m/libarch__arm__core__cortex_m.a(thread.c.obj)
                0x08000b8c                arch_switch_to_main_thread
 .text.z_arm_cpu_idle_init
                0x08000bd0        0xc zephyr/arch/arch/arm/core/cortex_m/libarch__arm__core__cortex_m.a(cpu_idle.c.obj)
                0x08000bd0                z_arm_cpu_idle_init
 .text._HandlerModeExit
                0x08000bdc       0x20 zephyr/arch/arch/arm/core/cortex_m/libarch__arm__core__cortex_m.a(exc_exit.c.obj)
                0x08000bdc                z_arm_int_exit
                0x08000bdc                z_arm_exc_exit
 .text.z_impl_k_thread_abort
                0x08000bfc       0x34 zephyr/arch/arch/arm/core/cortex_m/libarch__arm__core__cortex_m.a(thread_abort.c.obj)
                0x08000bfc                z_impl_k_thread_abort
 .text.z_arm_pendsv
                0x08000c30       0x68 zephyr/arch/arch/arm/core/cortex_m/libarch__arm__core__cortex_m.a(swap_helper.S.obj)
                0x08000c30                z_arm_pendsv
 .text.z_arm_interrupt_init
                0x08000c98       0x34 zephyr/arch/arch/arm/core/cortex_m/libarch__arm__core__cortex_m.a(irq_init.c.obj)
                0x08000c98                z_arm_interrupt_init
 .text._isr_wrapper
                0x08000ccc       0x20 zephyr/arch/arch/arm/core/cortex_m/libarch__arm__core__cortex_m.a(isr_wrapper.c.obj)
                0x08000ccc                _isr_wrapper
 .text.__aeabi_read_tp
                0x08000cec        0xc zephyr/arch/arch/arm/core/cortex_m/libarch__arm__core__cortex_m.a(__aeabi_read_tp.S.obj)
                0x08000cec                __aeabi_read_tp
 .text.z_arm_configure_static_mpu_regions
                0x08000cf8       0x40 zephyr/arch/arch/arm/core/mpu/libarch__arm__core__mpu.a(arm_core_mpu.c.obj)
                0x08000cf8                z_arm_configure_static_mpu_regions
 .text.mpu_init
                0x08000d38       0x14 zephyr/arch/arch/arm/core/mpu/libarch__arm__core__mpu.a(arm_mpu.c.obj)
 .text.mpu_set_region
                0x08000d4c       0x14 zephyr/arch/arch/arm/core/mpu/libarch__arm__core__mpu.a(arm_mpu.c.obj)
 .text.mpu_region_get_conf
                0x08000d60       0x40 zephyr/arch/arch/arm/core/mpu/libarch__arm__core__mpu.a(arm_mpu.c.obj)
 .text.region_allocate_and_init
                0x08000da0       0x28 zephyr/arch/arch/arm/core/mpu/libarch__arm__core__mpu.a(arm_mpu.c.obj)
 .text.mpu_configure_regions_and_partition
                0x08000dc8      0x190 zephyr/arch/arch/arm/core/mpu/libarch__arm__core__mpu.a(arm_mpu.c.obj)
 .text.mpu_configure_static_mpu_regions
                0x08000f58       0x14 zephyr/arch/arch/arm/core/mpu/libarch__arm__core__mpu.a(arm_mpu.c.obj)
 .text.mpu_mark_areas_for_dynamic_regions
                0x08000f6c       0x60 zephyr/arch/arch/arm/core/mpu/libarch__arm__core__mpu.a(arm_mpu.c.obj)
 .text.arm_core_mpu_enable
                0x08000fcc       0x18 zephyr/arch/arch/arm/core/mpu/libarch__arm__core__mpu.a(arm_mpu.c.obj)
                0x08000fcc                arm_core_mpu_enable
 .text.arm_core_mpu_disable
                0x08000fe4       0x14 zephyr/arch/arch/arm/core/mpu/libarch__arm__core__mpu.a(arm_mpu.c.obj)
                0x08000fe4                arm_core_mpu_disable
 .text.z_arm_mpu_init
                0x08000ff8       0x80 zephyr/arch/arch/arm/core/mpu/libarch__arm__core__mpu.a(arm_mpu.c.obj)
                0x08000ff8                z_arm_mpu_init
 .text.z_impl_zephyr_fputc
                0x08001078       0x10 zephyr/lib/libc/picolibc/liblib__libc__picolibc.a(stdio.c.obj)
                0x08001078                z_impl_zephyr_fputc
 .text.__stdout_hook_install
                0x08001088       0x18 zephyr/lib/libc/picolibc/liblib__libc__picolibc.a(stdio.c.obj)
                0x08001088                __stdout_hook_install
 .text.malloc_prepare
                0x080010a0       0x24 zephyr/lib/libc/common/liblib__libc__common.a(malloc.c.obj)
 .text.stm32_exti_enable_clocks
                0x080010c4       0x34 zephyr/drivers/interrupt_controller/libdrivers__interrupt_controller.a(intc_exti_stm32.c.obj)
 .text.stm32_exti_is_pending
                0x080010f8       0x54 zephyr/drivers/interrupt_controller/libdrivers__interrupt_controller.a(intc_exti_stm32.c.obj)
                0x080010f8                stm32_exti_is_pending
 .text.stm32_exti_clear_pending
                0x0800114c       0x30 zephyr/drivers/interrupt_controller/libdrivers__interrupt_controller.a(intc_exti_stm32.c.obj)
                0x0800114c                stm32_exti_clear_pending
 .text.LL_EXTI_SetEXTISource
                0x0800117c       0x2c zephyr/drivers/interrupt_controller/libdrivers__interrupt_controller.a(intc_gpio_stm32.c.obj)
 .text.stm32_fill_irq_table
                0x080011a8       0x24 zephyr/drivers/interrupt_controller/libdrivers__interrupt_controller.a(intc_gpio_stm32.c.obj)
 .text.stm32_intc_gpio_isr
                0x080011cc       0x48 zephyr/drivers/interrupt_controller/libdrivers__interrupt_controller.a(intc_gpio_stm32.c.obj)
 .text.stm32_gpio_intc_enable_line
                0x08001214       0x34 zephyr/drivers/interrupt_controller/libdrivers__interrupt_controller.a(intc_gpio_stm32.c.obj)
                0x08001214                stm32_gpio_intc_enable_line
 .text.stm32_gpio_intc_disable_line
                0x08001248       0x14 zephyr/drivers/interrupt_controller/libdrivers__interrupt_controller.a(intc_gpio_stm32.c.obj)
                0x08001248                stm32_gpio_intc_disable_line
 .text.stm32_gpio_intc_select_line_trigger
                0x0800125c       0x58 zephyr/drivers/interrupt_controller/libdrivers__interrupt_controller.a(intc_gpio_stm32.c.obj)
                0x0800125c                stm32_gpio_intc_select_line_trigger
 .text.stm32_gpio_intc_set_irq_callback
                0x080012b4       0x4c zephyr/drivers/interrupt_controller/libdrivers__interrupt_controller.a(intc_gpio_stm32.c.obj)
                0x080012b4                stm32_gpio_intc_set_irq_callback
 .text.stm32_gpio_intc_remove_irq_callback
                0x08001300       0x24 zephyr/drivers/interrupt_controller/libdrivers__interrupt_controller.a(intc_gpio_stm32.c.obj)
                0x08001300                stm32_gpio_intc_remove_irq_callback
 .text.stm32_exti_get_line_src_port
                0x08001324       0x24 zephyr/drivers/interrupt_controller/libdrivers__interrupt_controller.a(intc_gpio_stm32.c.obj)
                0x08001324                stm32_exti_get_line_src_port
 .text.cache_instr_enable
                0x08001348       0x38 zephyr/drivers/cache/libdrivers__cache.a(cache_stm32.c.obj)
                0x08001348                cache_instr_enable
 .text.get_pllsrc_frequency
                0x08001380       0x10 zephyr/drivers/clock_control/libdrivers__clock_control.a(clock_stm32_ll_h5.c.obj)
 .text.get_startup_frequency
                0x08001390       0x28 zephyr/drivers/clock_control/libdrivers__clock_control.a(clock_stm32_ll_h5.c.obj)
 .text.get_sysclk_frequency
                0x080013b8        0x8 zephyr/drivers/clock_control/libdrivers__clock_control.a(clock_stm32_ll_h5.c.obj)
 .text.stm32_clock_control_get_subsys_rate
                0x080013c0      0x13c zephyr/drivers/clock_control/libdrivers__clock_control.a(clock_stm32_ll_h5.c.obj)
 .text.get_vco_input_range
                0x080014fc       0x7c zephyr/drivers/clock_control/libdrivers__clock_control.a(clock_stm32_ll_h5.c.obj)
 .text.set_regu_voltage
                0x08001578       0x6c zephyr/drivers/clock_control/libdrivers__clock_control.a(clock_stm32_ll_h5.c.obj)
 .text.clock_switch_to_hsi
                0x080015e4       0x4c zephyr/drivers/clock_control/libdrivers__clock_control.a(clock_stm32_ll_h5.c.obj)
 .text.set_up_plls
                0x08001630       0xf0 zephyr/drivers/clock_control/libdrivers__clock_control.a(clock_stm32_ll_h5.c.obj)
 .text.set_up_fixed_clock_sources
                0x08001720       0x44 zephyr/drivers/clock_control/libdrivers__clock_control.a(clock_stm32_ll_h5.c.obj)
 .text.stm32_clock_control_init
                0x08001764       0x9c zephyr/drivers/clock_control/libdrivers__clock_control.a(clock_stm32_ll_h5.c.obj)
                0x08001764                stm32_clock_control_init
 .text.enabled_clock
                0x08001800       0x24 zephyr/drivers/clock_control/libdrivers__clock_control.a(clock_stm32_ll_h5.c.obj)
                0x08001800                enabled_clock
 .text.console_out
                0x08001824       0x28 zephyr/drivers/console/libdrivers__console.a(uart_console.c.obj)
 .text.uart_console_hook_install
                0x0800184c       0x18 zephyr/drivers/console/libdrivers__console.a(uart_console.c.obj)
 .text.uart_console_init
                0x08001864       0x1c zephyr/drivers/console/libdrivers__console.a(uart_console.c.obj)
 .text.gpio_stm32_pin_interrupt_configure
                0x08001880       0x94 zephyr/drivers/gpio/libdrivers__gpio.a(gpio_stm32.c.obj)
 .text.uart_stm32_configure
                0x08001914      0x2c4 zephyr/drivers/serial/libdrivers__serial.a(uart_stm32.c.obj)
 .text.uart_stm32_poll_in
                0x08001bd8       0x10 zephyr/drivers/serial/libdrivers__serial.a(uart_stm32.c.obj)
 .text.uart_stm32_poll_out
                0x08001be8       0x10 zephyr/drivers/serial/libdrivers__serial.a(uart_stm32.c.obj)
 .text.uart_stm32_registers_configure
                0x08001bf8      0x1e0 zephyr/drivers/serial/libdrivers__serial.a(uart_stm32.c.obj)
 .text.elapsed  0x08001dd8       0x48 zephyr/drivers/timer/libdrivers__timer.a(cortex_m_systick.c.obj)
 .text.sys_clock_driver_init
                0x08001e20       0x34 zephyr/drivers/timer/libdrivers__timer.a(cortex_m_systick.c.obj)
 .text.sys_clock_isr
                0x08001e54       0x68 zephyr/drivers/timer/libdrivers__timer.a(cortex_m_systick.c.obj)
                0x08001e54                sys_clock_isr
 .text.sys_clock_set_timeout
                0x08001ebc      0x120 zephyr/drivers/timer/libdrivers__timer.a(cortex_m_systick.c.obj)
                0x08001ebc                sys_clock_set_timeout
 .text.sys_clock_elapsed
                0x08001fdc       0x40 zephyr/drivers/timer/libdrivers__timer.a(cortex_m_systick.c.obj)
                0x08001fdc                sys_clock_elapsed
 .text.LL_SetFlashLatency
                0x0800201c      0x1a0 modules/hal_stm32/stm32cube/lib..__modules__hal__stm32__stm32cube.a(stm32h5xx_ll_utils.c.obj)
                0x0800201c                LL_SetFlashLatency
 .text.z_fatal_error
                0x080021bc       0x2c zephyr/kernel/libkernel.a(fatal.c.obj)
                0x080021bc                z_fatal_error
 .text.init_idle_thread
                0x080021e8       0x5c zephyr/kernel/libkernel.a(init.c.obj)
 .text.z_sys_init_run_level
                0x08002244       0x38 zephyr/kernel/libkernel.a(init.c.obj)
 .text.thread_schedule_new
                0x0800227c       0x1c zephyr/kernel/libkernel.a(init.c.obj)
 .text.z_init_static_threads
                0x08002298       0x70 zephyr/kernel/libkernel.a(init.c.obj)
 .text.bg_thread_main
                0x08002308       0x34 zephyr/kernel/libkernel.a(init.c.obj)
 .text.switch_to_main_thread
                0x0800233c       0x14 zephyr/kernel/libkernel.a(init.c.obj)
 .text.z_init_cpu
                0x08002350       0x40 zephyr/kernel/libkernel.a(init.c.obj)
                0x08002350                z_init_cpu
 .text.prepare_multithreading
                0x08002390       0x60 zephyr/kernel/libkernel.a(init.c.obj)
 .text.z_cstart
                0x080023f0       0x78 zephyr/kernel/libkernel.a(init.c.obj)
                0x080023f0                z_cstart
 .text.z_setup_new_thread
                0x08002468       0xc4 zephyr/kernel/libkernel.a(thread.c.obj)
                0x08002468                z_setup_new_thread
 .text.z_dummy_thread_init
                0x0800252c       0x20 zephyr/kernel/libkernel.a(thread.c.obj)
                0x0800252c                z_dummy_thread_init
 .text.z_swap_irqlock
                0x0800254c       0x34 zephyr/kernel/libkernel.a(sched.c.obj)
 .text.reschedule
                0x08002580       0x34 zephyr/kernel/libkernel.a(sched.c.obj)
 .text.ready_thread
                0x080025b4       0xb0 zephyr/kernel/libkernel.a(sched.c.obj)
 .text.unready_thread
                0x08002664       0x68 zephyr/kernel/libkernel.a(sched.c.obj)
 .text.thread_halt_spin
                0x080026cc      0x11c zephyr/kernel/libkernel.a(sched.c.obj)
 .text.move_current_to_end_of_prio_q
                0x080027e8       0x88 zephyr/kernel/libkernel.a(sched.c.obj)
                0x080027e8                move_current_to_end_of_prio_q
 .text.k_sched_lock
                0x08002870       0x30 zephyr/kernel/libkernel.a(sched.c.obj)
                0x08002870                k_sched_lock
 .text.k_sched_unlock
                0x080028a0       0x64 zephyr/kernel/libkernel.a(sched.c.obj)
                0x080028a0                k_sched_unlock
 .text.z_sched_init
                0x08002904       0x10 zephyr/kernel/libkernel.a(sched.c.obj)
                0x08002904                z_sched_init
 .text.z_impl_k_wakeup
                0x08002914       0x48 zephyr/kernel/libkernel.a(sched.c.obj)
                0x08002914                z_impl_k_wakeup
 .text.z_impl_k_sched_current_thread_query
                0x0800295c        0xc zephyr/kernel/libkernel.a(sched.c.obj)
                0x0800295c                z_impl_k_sched_current_thread_query
 .text.z_thread_abort
                0x08002968      0x16c zephyr/kernel/libkernel.a(sched.c.obj)
                0x08002968                z_thread_abort
 .text.z_time_slice_size
                0x08002ad4       0x44 zephyr/kernel/libkernel.a(timeslicing.c.obj)
 .text.slice_timeout
                0x08002b18       0x20 zephyr/kernel/libkernel.a(timeslicing.c.obj)
 .text.z_reset_time_slice
                0x08002b38       0x44 zephyr/kernel/libkernel.a(timeslicing.c.obj)
                0x08002b38                z_reset_time_slice
 .text.z_time_slice
                0x08002b7c       0x70 zephyr/kernel/libkernel.a(timeslicing.c.obj)
                0x08002b7c                z_time_slice
 .text.z_thread_monitor_exit
                0x08002bec       0x3c zephyr/kernel/libkernel.a(thread_monitor.c.obj)
                0x08002bec                z_thread_monitor_exit
 .text.first    0x08002c28       0x14 zephyr/kernel/libkernel.a(timeout.c.obj)
 .text.next     0x08002c3c       0x18 zephyr/kernel/libkernel.a(timeout.c.obj)
 .text.elapsed  0x08002c54       0x18 zephyr/kernel/libkernel.a(timeout.c.obj)
 .text.z_add_timeout
                0x08002c6c      0x134 zephyr/kernel/libkernel.a(timeout.c.obj)
                0x08002c6c                z_add_timeout
 .text.sys_clock_announce
                0x08002da0       0xc4 zephyr/kernel/libkernel.a(timeout.c.obj)
                0x08002da0                sys_clock_announce
 .text.boot_banner
                0x08002e64       0x10 zephyr/kernel/libkernel.a(banner.c.obj)
                0x08002e64                boot_banner
 .text.memset   0x08002e74       0xb0 C:/Users/yukis/ZephyrWorkbench/Toolchains/ZephyrSDK/zephyr-sdk-1.0.1/gnu/arm-zephyr-eabi/bin/../lib/gcc/arm-zephyr-eabi/14.3.0/../../../../arm-zephyr-eabi/lib/thumb/v8-m.main/nofp\libc.a(memset.c.o)
                0x08002e74                memset
 .text.strncpy  0x08002f24       0x58 C:/Users/yukis/ZephyrWorkbench/Toolchains/ZephyrSDK/zephyr-sdk-1.0.1/gnu/arm-zephyr-eabi/bin/../lib/gcc/arm-zephyr-eabi/14.3.0/../../../../arm-zephyr-eabi/lib/thumb/v8-m.main/nofp\libc.a(libc_string_strncpy.c.o)
                0x08002f24                strncpy
 .text.strnlen  0x08002f7c       0x24 C:/Users/yukis/ZephyrWorkbench/Toolchains/ZephyrSDK/zephyr-sdk-1.0.1/gnu/arm-zephyr-eabi/bin/../lib/gcc/arm-zephyr-eabi/14.3.0/../../../../arm-zephyr-eabi/lib/thumb/v8-m.main/nofp\libc.a(libc_string_strnlen.c.o)
                0x08002f7c                strnlen
 .text.printf   0x08002fa0       0x24 C:/Users/yukis/ZephyrWorkbench/Toolchains/ZephyrSDK/zephyr-sdk-1.0.1/gnu/arm-zephyr-eabi/bin/../lib/gcc/arm-zephyr-eabi/14.3.0/../../../../arm-zephyr-eabi/lib/thumb/v8-m.main/nofp\libc.a(libc_tinystdio_printf.c.o)
                0x08002fa0                printf
 .text.__ultoa_invert
                0x08002fc4      0x110 C:/Users/yukis/ZephyrWorkbench/Toolchains/ZephyrSDK/zephyr-sdk-1.0.1/gnu/arm-zephyr-eabi/bin/../lib/gcc/arm-zephyr-eabi/14.3.0/../../../../arm-zephyr-eabi/lib/thumb/v8-m.main/nofp\libc.a(libc_tinystdio_vflprintf.c.o)
 .text.__l_vfprintf
                0x080030d4      0x980 C:/Users/yukis/ZephyrWorkbench/Toolchains/ZephyrSDK/zephyr-sdk-1.0.1/gnu/arm-zephyr-eabi/bin/../lib/gcc/arm-zephyr-eabi/14.3.0/../../../../arm-zephyr-eabi/lib/thumb/v8-m.main/nofp\libc.a(libc_tinystdio_vflprintf.c.o)
                0x080030d4                __l_vfprintf
 .text._OffsetAbsSyms
                0x08003a54        0x2 zephyr/CMakeFiles/offsets.dir/./arch/arm/core/offsets/offsets.c.obj
                0x08003a54                _OffsetAbsSyms
 .text.free_list_add_bidx
                0x08003a56       0x4e zephyr/libzephyr.a(heap.c.obj)
 .text.free_list_add
                0x08003aa4       0x18 zephyr/libzephyr.a(heap.c.obj)
 .text.sys_heap_init
                0x08003abc       0x8a zephyr/libzephyr.a(heap.c.obj)
                0x08003abc                sys_heap_init
 .text.arch_printk_char_out
                0x08003b46        0x4 zephyr/libzephyr.a(printk.c.obj)
                0x08003b46                arch_printk_char_out
 .text.printk   0x08003b4a       0x1c zephyr/libzephyr.a(printk.c.obj)
                0x08003b4a                printk
 .text._ConfigAbsSyms
                0x08003b66        0x2 zephyr/libzephyr.a(configs.c.obj)
                0x08003b66                _ConfigAbsSyms
 .text.pm_device_driver_init
                0x08003b68       0x24 zephyr/libzephyr.a(gpioport_mgr.c.obj)
 .text.LL_GPIO_SetPinSpeed
                0x08003b8c       0x3a zephyr/libzephyr.a(gpioport_mgr.c.obj)
 .text.LL_GPIO_SetPinPull
                0x08003bc6       0x3a zephyr/libzephyr.a(gpioport_mgr.c.obj)
 .text.ll_gpio_set_pin_pull
                0x08003c00        0x8 zephyr/libzephyr.a(gpioport_mgr.c.obj)
 .text.LL_GPIO_SetAFPin_0_7
                0x08003c08       0x3a zephyr/libzephyr.a(gpioport_mgr.c.obj)
 .text.LL_GPIO_SetAFPin_8_15
                0x08003c42       0x3c zephyr/libzephyr.a(gpioport_mgr.c.obj)
 .text.LL_GPIO_SetPinMode
                0x08003c7e       0x3a zephyr/libzephyr.a(gpioport_mgr.c.obj)
 .text.stm32_gpioport_configure_pin
                0x08003cb8       0x8c zephyr/libzephyr.a(gpioport_mgr.c.obj)
                0x08003cb8                stm32_gpioport_configure_pin
 .text.arch_early_memset
                0x08003d44        0x8 zephyr/arch/common/libarch__common.a(init.c.obj)
                0x08003d44                arch_early_memset
 .text.arch_early_memcpy
                0x08003d4c        0x8 zephyr/arch/common/libarch__common.a(init.c.obj)
                0x08003d4c                arch_early_memcpy
 .text.z_do_kernel_oops
                0x08003d54        0xc zephyr/arch/arch/arm/core/libarch__arm__core.a(fatal.c.obj)
                0x08003d54                z_do_kernel_oops
 .text.z_arm_nmi
                0x08003d60        0xc zephyr/arch/arch/arm/core/libarch__arm__core.a(nmi.c.obj)
                0x08003d60                z_arm_nmi
 .text.memory_fault_recoverable
                0x08003d6c        0x4 zephyr/arch/arch/arm/core/cortex_m/libarch__arm__core__cortex_m.a(fault.c.obj)
 .text.fault_handle
                0x08003d70       0x4a zephyr/arch/arch/arm/core/cortex_m/libarch__arm__core__cortex_m.a(fault.c.obj)
 .text.arm_irq_enable
                0x08003dba        0xa zephyr/arch/arch/arm/core/cortex_m/libarch__arm__core__cortex_m.a(irq_manage.c.obj)
                0x08003dba                arm_irq_enable
 .text.arm_irq_priority_set
                0x08003dc4        0xc zephyr/arch/arch/arm/core/cortex_m/libarch__arm__core__cortex_m.a(irq_manage.c.obj)
                0x08003dc4                arm_irq_priority_set
 .text.z_irq_spurious
                0x08003dd0        0xc zephyr/arch/arch/arm/core/cortex_m/libarch__arm__core__cortex_m.a(irq_manage.c.obj)
                0x08003dd0                z_irq_spurious
 .text.configure_builtin_stack_guard
                0x08003ddc        0xa zephyr/arch/arch/arm/core/cortex_m/libarch__arm__core__cortex_m.a(thread.c.obj)
                0x08003ddc                configure_builtin_stack_guard
 .text.arch_coprocessors_disable
                0x08003de6        0x6 zephyr/arch/arch/arm/core/cortex_m/libarch__arm__core__cortex_m.a(thread.c.obj)
                0x08003de6                arch_coprocessors_disable
 .text.arch_irq_unlock_outlined
                0x08003dec        0xe zephyr/arch/arch/arm/core/cortex_m/libarch__arm__core__cortex_m.a(thread.c.obj)
                0x08003dec                arch_irq_unlock_outlined
 .text.arch_cpu_idle
                0x08003dfa       0x1a zephyr/arch/arch/arm/core/cortex_m/libarch__arm__core__cortex_m.a(cpu_idle.c.obj)
                0x08003dfa                arch_cpu_idle
 .text.arm_cmse_mpu_region_get
                0x08003e14       0x14 zephyr/arch/arch/arm/core/cortex_m/cmse/libarch__arm__core__cortex_m__cmse.a(arm_core_cmse.c.obj)
                0x08003e14                arm_cmse_mpu_region_get
 .text.region_init
                0x08003e28       0x28 zephyr/arch/arch/arm/core/mpu/libarch__arm__core__mpu.a(arm_mpu.c.obj)
 .text.mpu_partition_is_valid
                0x08003e50       0x24 zephyr/arch/arch/arm/core/mpu/libarch__arm__core__mpu.a(arm_mpu.c.obj)
 .text.mpu_configure_region
                0x08003e74       0x44 zephyr/arch/arch/arm/core/mpu/libarch__arm__core__mpu.a(arm_mpu.c.obj)
 .text.get_region_index
                0x08003eb8       0x22 zephyr/arch/arch/arm/core/mpu/libarch__arm__core__mpu.a(arm_mpu.c.obj)
 .text.mpu_configure_regions_from_dt
                0x08003eda      0x1a0 zephyr/arch/arch/arm/core/mpu/libarch__arm__core__mpu.a(arm_mpu.c.obj)
 .text.arm_core_mpu_configure_static_mpu_regions
                0x0800407a        0x8 zephyr/arch/arch/arm/core/mpu/libarch__arm__core__mpu.a(arm_mpu.c.obj)
                0x0800407a                arm_core_mpu_configure_static_mpu_regions
 .text.arm_core_mpu_mark_areas_for_dynamic_regions
                0x08004082        0x8 zephyr/arch/arch/arm/core/mpu/libarch__arm__core__mpu.a(arm_mpu.c.obj)
                0x08004082                arm_core_mpu_mark_areas_for_dynamic_regions
 .text.picolibc_put
                0x0800408a        0xa zephyr/lib/libc/picolibc/liblib__libc__picolibc.a(stdio.c.obj)
 .text.stm32_exti_init
                0x08004094        0x8 zephyr/drivers/interrupt_controller/libdrivers__interrupt_controller.a(intc_exti_stm32.c.obj)
 .text.stm32_exti_gpio_intc_init
                0x0800409c      0x146 zephyr/drivers/interrupt_controller/libdrivers__interrupt_controller.a(intc_gpio_stm32.c.obj)
 .text.stm32_gpio_intc_get_pin_irq_line
                0x080041e2        0xa zephyr/drivers/interrupt_controller/libdrivers__interrupt_controller.a(intc_gpio_stm32.c.obj)
                0x080041e2                stm32_gpio_intc_get_pin_irq_line
 .text.stm32_exti_set_line_src_port
                0x080041ec       0x16 zephyr/drivers/interrupt_controller/libdrivers__interrupt_controller.a(intc_gpio_stm32.c.obj)
                0x080041ec                stm32_exti_set_line_src_port
 .text.get_bus_clock
                0x08004202        0x6 zephyr/drivers/clock_control/libdrivers__clock_control.a(clock_stm32_ll_h5.c.obj)
 .text.get_pllout_frequency
                0x08004208       0x24 zephyr/drivers/clock_control/libdrivers__clock_control.a(clock_stm32_ll_h5.c.obj)
 .text.stm32_clock_control_on
                0x0800422c       0x44 zephyr/drivers/clock_control/libdrivers__clock_control.a(clock_stm32_ll_h5.c.obj)
 .text.stm32_clock_control_off
                0x08004270       0x2e zephyr/drivers/clock_control/libdrivers__clock_control.a(clock_stm32_ll_h5.c.obj)
 .text.get_vco_output_range
                0x0800429e        0xa zephyr/drivers/clock_control/libdrivers__clock_control.a(clock_stm32_ll_h5.c.obj)
 .text.stm32_clock_control_configure
                0x080042a8       0x48 zephyr/drivers/clock_control/libdrivers__clock_control.a(clock_stm32_ll_h5.c.obj)
 .text.stm32_clock_control_get_status
                0x080042f0       0x3a zephyr/drivers/clock_control/libdrivers__clock_control.a(clock_stm32_ll_h5.c.obj)
 .text.sys_slist_remove
                0x0800432a       0x26 zephyr/drivers/gpio/libdrivers__gpio.a(gpio_stm32.c.obj)
 .text.sys_slist_find_and_remove
                0x08004350       0x20 zephyr/drivers/gpio/libdrivers__gpio.a(gpio_stm32.c.obj)
 .text.gpio_manage_callback
                0x08004370       0x3e zephyr/drivers/gpio/libdrivers__gpio.a(gpio_stm32.c.obj)
 .text.gpio_fire_callbacks
                0x080043ae       0x40 zephyr/drivers/gpio/libdrivers__gpio.a(gpio_stm32.c.obj)
 .text.gpio_stm32_isr
                0x080043ee        0xe zephyr/drivers/gpio/libdrivers__gpio.a(gpio_stm32.c.obj)
 .text.gpio_stm32_flags_to_conf
                0x080043fc       0x82 zephyr/drivers/gpio/libdrivers__gpio.a(gpio_stm32.c.obj)
 .text.gpio_stm32_port_get_raw
                0x0800447e        0xc zephyr/drivers/gpio/libdrivers__gpio.a(gpio_stm32.c.obj)
 .text.gpio_stm32_port_set_masked_raw
                0x0800448a       0x12 zephyr/drivers/gpio/libdrivers__gpio.a(gpio_stm32.c.obj)
 .text.gpio_stm32_port_set_bits_raw
                0x0800449c        0xa zephyr/drivers/gpio/libdrivers__gpio.a(gpio_stm32.c.obj)
 .text.gpio_stm32_port_clear_bits_raw
                0x080044a6        0xa zephyr/drivers/gpio/libdrivers__gpio.a(gpio_stm32.c.obj)
 .text.gpio_stm32_port_toggle_bits
                0x080044b0        0xe zephyr/drivers/gpio/libdrivers__gpio.a(gpio_stm32.c.obj)
 .text.gpio_stm32_manage_callback
                0x080044be        0xc zephyr/drivers/gpio/libdrivers__gpio.a(gpio_stm32.c.obj)
 .text.gpio_stm32_disable_pin_irqs
                0x080044ca       0x30 zephyr/drivers/gpio/libdrivers__gpio.a(gpio_stm32.c.obj)
 .text.gpio_stm32_config
                0x080044fa       0x98 zephyr/drivers/gpio/libdrivers__gpio.a(gpio_stm32.c.obj)
 .text.pinctrl_lookup_state
                0x08004592       0x32 zephyr/drivers/pinctrl/libdrivers__pinctrl.a(common.c.obj)
                0x08004592                pinctrl_lookup_state
 .text.pinctrl_configure_pins
                0x080045c4       0x92 zephyr/drivers/pinctrl/libdrivers__pinctrl.a(pinctrl_stm32.c.obj)
                0x080045c4                pinctrl_configure_pins
 .text.reset_stm32_status
                0x08004656       0x22 zephyr/drivers/reset/libdrivers__reset.a(reset_stm32.c.obj)
 .text.reset_stm32_line_assert
                0x08004678       0x1e zephyr/drivers/reset/libdrivers__reset.a(reset_stm32.c.obj)
 .text.reset_stm32_line_deassert
                0x08004696       0x20 zephyr/drivers/reset/libdrivers__reset.a(reset_stm32.c.obj)
 .text.reset_stm32_line_toggle
                0x080046b6       0x16 zephyr/drivers/reset/libdrivers__reset.a(reset_stm32.c.obj)
 .text.reset_line_toggle
                0x080046cc       0x12 zephyr/drivers/serial/libdrivers__serial.a(uart_stm32.c.obj)
 .text.uart_stm32_set_baudrate
                0x080046de       0x50 zephyr/drivers/serial/libdrivers__serial.a(uart_stm32.c.obj)
 .text.uart_stm32_set_driver_enable
                0x0800472e       0x1c zephyr/drivers/serial/libdrivers__serial.a(uart_stm32.c.obj)
 .text.uart_stm32_ll2cfg_databits
                0x0800474a       0x2a zephyr/drivers/serial/libdrivers__serial.a(uart_stm32.c.obj)
 .text.uart_stm32_parameters_set
                0x08004774      0x16e zephyr/drivers/serial/libdrivers__serial.a(uart_stm32.c.obj)
 .text.uart_stm32_config_get
                0x080048e2       0x9a zephyr/drivers/serial/libdrivers__serial.a(uart_stm32.c.obj)
 .text.uart_stm32_poll_in_visitor
                0x0800497c       0x26 zephyr/drivers/serial/libdrivers__serial.a(uart_stm32.c.obj)
 .text.uart_stm32_poll_out_visitor
                0x080049a2       0x3a zephyr/drivers/serial/libdrivers__serial.a(uart_stm32.c.obj)
 .text.poll_in_u8
                0x080049dc        0x6 zephyr/drivers/serial/libdrivers__serial.a(uart_stm32.c.obj)
 .text.poll_out_u8
                0x080049e2        0x6 zephyr/drivers/serial/libdrivers__serial.a(uart_stm32.c.obj)
 .text.uart_stm32_err_check
                0x080049e8       0x76 zephyr/drivers/serial/libdrivers__serial.a(uart_stm32.c.obj)
 .text.uart_stm32_clocks_enable
                0x08004a5e       0x18 zephyr/drivers/serial/libdrivers__serial.a(uart_stm32.c.obj)
 .text.pinctrl_apply_state
                0x08004a76       0x20 zephyr/drivers/serial/libdrivers__serial.a(uart_stm32.c.obj)
 .text.uart_stm32_init
                0x08004a96       0x28 zephyr/drivers/serial/libdrivers__serial.a(uart_stm32.c.obj)
 .text.do_device_init
                0x08004abe       0x32 zephyr/kernel/libkernel.a(device.c.obj)
                0x08004abe                do_device_init
 .text.z_impl_device_is_ready
                0x08004af0       0x20 zephyr/kernel/libkernel.a(device.c.obj)
                0x08004af0                z_impl_device_is_ready
 .text.arch_system_halt
                0x08004b10       0x10 zephyr/kernel/libkernel.a(fatal.c.obj)
                0x08004b10                arch_system_halt
 .text.k_sys_fatal_error_handler
                0x08004b20        0x6 zephyr/kernel/libkernel.a(fatal.c.obj)
                0x08004b20                k_sys_fatal_error_handler
 .text.idle     0x08004b26       0x16 zephyr/kernel/libkernel.a(idle.c.obj)
                0x08004b26                idle
 .text.arch_spin_relax
                0x08004b3c        0x4 zephyr/kernel/libkernel.a(idle.c.obj)
                0x08004b3c                arch_spin_relax
 .text.setup_thread_stack
                0x08004b40       0x2a zephyr/kernel/libkernel.a(thread.c.obj)
 .text.z_init_thread_base
                0x08004b6a       0x16 zephyr/kernel/libkernel.a(thread.c.obj)
                0x08004b6a                z_init_thread_base
 .text.thread_active_elsewhere
                0x08004b80        0x4 zephyr/kernel/libkernel.a(sched.c.obj)
 .text.add_to_waitq_locked
                0x08004b84       0x60 zephyr/kernel/libkernel.a(sched.c.obj)
 .text.unpend_all
                0x08004be4       0x46 zephyr/kernel/libkernel.a(sched.c.obj)
 .text.z_ready_thread
                0x08004c2a       0x36 zephyr/kernel/libkernel.a(sched.c.obj)
                0x08004c2a                z_ready_thread
 .text.z_sched_wake_thread_locked
                0x08004c60       0x34 zephyr/kernel/libkernel.a(sched.c.obj)
                0x08004c60                z_sched_wake_thread_locked
 .text.z_thread_timeout
                0x08004c94       0x2e zephyr/kernel/libkernel.a(sched.c.obj)
                0x08004c94                z_thread_timeout
 .text.init_ready_q
                0x08004cc2        0x8 zephyr/kernel/libkernel.a(sched.c.obj)
                0x08004cc2                init_ready_q
 .text.remove_timeout
                0x08004cca       0x2e zephyr/kernel/libkernel.a(timeout.c.obj)
 .text.next_timeout
                0x08004cf8       0x36 zephyr/kernel/libkernel.a(timeout.c.obj)
 .text.z_abort_timeout
                0x08004d2e       0x62 zephyr/kernel/libkernel.a(timeout.c.obj)
                0x08004d2e                z_abort_timeout
 *(SORT_BY_ALIGNMENT(.gnu.linkonce.t.*))
 *(SORT_BY_ALIGNMENT(.glue_7t))
 .glue_7t       0x08004d90        0x0 linker stubs
 *(SORT_BY_ALIGNMENT(.glue_7))
 .glue_7        0x08004d90        0x0 linker stubs
 *(SORT_BY_ALIGNMENT(.vfp11_veneer))
 .vfp11_veneer  0x08004d90        0x0 linker stubs
 *(SORT_BY_ALIGNMENT(.v4_bx))
 .v4_bx         0x08004d90        0x0 linker stubs
                0x08004d90                        . = ALIGN (0x4)
                0x08004d90                        __text_region_end = .

.ARM.exidx      0x08004d90        0x0
                0x08004d90                        __exidx_start = .
 *(SORT_BY_ALIGNMENT(.ARM.exidx*) SORT_BY_ALIGNMENT(gnu.linkonce.armexidx.*))
                0x08004d90                        __exidx_end = .
                0x08004d90                        __rodata_region_start = .

initlevel       0x08004d90       0x98
                0x08004d90                        __init_start = .
                0x08004d90                        __init_EARLY_start = .
 *(SORT_BY_NAME(SORT_BY_ALIGNMENT(.z_init_EARLY_P_?_*)))
 *(SORT_BY_NAME(SORT_BY_ALIGNMENT(.z_init_EARLY_P_??_*)))
 *(SORT_BY_NAME(SORT_BY_ALIGNMENT(.z_init_EARLY_P_???_*)))
                0x08004d90                        __init_PRE_KERNEL_1_start = .
 *(SORT_BY_NAME(SORT_BY_ALIGNMENT(.z_init_PRE_KERNEL_1_P_?_*)))
 .z_init_PRE_KERNEL_1_P_1_SUB_00007_
                0x08004d90        0x8 zephyr/drivers/clock_control/libdrivers__clock_control.a(clock_stm32_ll_h5.c.obj)
 .z_init_PRE_KERNEL_1_P_1_SUB_0_
                0x08004d98        0x8 zephyr/libzephyr.a(soc_config.c.obj)
 *(SORT_BY_NAME(SORT_BY_ALIGNMENT(.z_init_PRE_KERNEL_1_P_??_*)))
 .z_init_PRE_KERNEL_1_P_35_SUB_00046_
                0x08004da0        0x8 zephyr/drivers/reset/libdrivers__reset.a(reset_stm32.c.obj)
 .z_init_PRE_KERNEL_1_P_40_SUB_00063_
                0x08004da8        0x8 zephyr/drivers/interrupt_controller/libdrivers__interrupt_controller.a(intc_exti_stm32.c.obj)
 .z_init_PRE_KERNEL_1_P_40_SUB_00116_
                0x08004db0        0x8 zephyr/libzephyr.a(gpioport_mgr.c.obj)
 .z_init_PRE_KERNEL_1_P_40_SUB_00117_
                0x08004db8        0x8 zephyr/libzephyr.a(gpioport_mgr.c.obj)
 .z_init_PRE_KERNEL_1_P_40_SUB_00118_
                0x08004dc0        0x8 zephyr/libzephyr.a(gpioport_mgr.c.obj)
 .z_init_PRE_KERNEL_1_P_40_SUB_00119_
                0x08004dc8        0x8 zephyr/libzephyr.a(gpioport_mgr.c.obj)
 .z_init_PRE_KERNEL_1_P_40_SUB_00120_
                0x08004dd0        0x8 zephyr/libzephyr.a(gpioport_mgr.c.obj)
 .z_init_PRE_KERNEL_1_P_40_SUB_00121_
                0x08004dd8        0x8 zephyr/libzephyr.a(gpioport_mgr.c.obj)
 .z_init_PRE_KERNEL_1_P_40_SUB_00122_
                0x08004de0        0x8 zephyr/libzephyr.a(gpioport_mgr.c.obj)
 .z_init_PRE_KERNEL_1_P_40_SUB_00123_
                0x08004de8        0x8 zephyr/libzephyr.a(gpioport_mgr.c.obj)
 .z_init_PRE_KERNEL_1_P_40_SUB_00124_
                0x08004df0        0x8 zephyr/libzephyr.a(gpioport_mgr.c.obj)
 .z_init_PRE_KERNEL_1_P_40_SUB_0_
                0x08004df8        0x8 zephyr/drivers/interrupt_controller/libdrivers__interrupt_controller.a(intc_gpio_stm32.c.obj)
 .z_init_PRE_KERNEL_1_P_50_SUB_00078_
                0x08004e00        0x8 zephyr/drivers/serial/libdrivers__serial.a(uart_stm32.c.obj)
 .z_init_PRE_KERNEL_1_P_50_SUB_00081_
                0x08004e08        0x8 zephyr/drivers/serial/libdrivers__serial.a(uart_stm32.c.obj)
 .z_init_PRE_KERNEL_1_P_60_SUB_0_
                0x08004e10        0x8 zephyr/drivers/console/libdrivers__console.a(uart_console.c.obj)
 *(SORT_BY_NAME(SORT_BY_ALIGNMENT(.z_init_PRE_KERNEL_1_P_???_*)))
                0x08004e18                        __init_PRE_KERNEL_2_start = .
 *(SORT_BY_NAME(SORT_BY_ALIGNMENT(.z_init_PRE_KERNEL_2_P_?_*)))
 .z_init_PRE_KERNEL_2_P_0_SUB_0_
                0x08004e18        0x8 zephyr/drivers/timer/libdrivers__timer.a(cortex_m_systick.c.obj)
 *(SORT_BY_NAME(SORT_BY_ALIGNMENT(.z_init_PRE_KERNEL_2_P_??_*)))
 *(SORT_BY_NAME(SORT_BY_ALIGNMENT(.z_init_PRE_KERNEL_2_P_???_*)))
                0x08004e20                        __init_POST_KERNEL_start = .
 *(SORT_BY_NAME(SORT_BY_ALIGNMENT(.z_init_POST_KERNEL_P_?_*)))
 *(SORT_BY_NAME(SORT_BY_ALIGNMENT(.z_init_POST_KERNEL_P_??_*)))
 .z_init_POST_KERNEL_P_35_SUB_0_
                0x08004e20        0x8 zephyr/lib/libc/common/liblib__libc__common.a(malloc.c.obj)
 *(SORT_BY_NAME(SORT_BY_ALIGNMENT(.z_init_POST_KERNEL_P_???_*)))
                0x08004e28                        __init_APPLICATION_start = .
 *(SORT_BY_NAME(SORT_BY_ALIGNMENT(.z_init_APPLICATION_P_?_*)))
 *(SORT_BY_NAME(SORT_BY_ALIGNMENT(.z_init_APPLICATION_P_??_*)))
 *(SORT_BY_NAME(SORT_BY_ALIGNMENT(.z_init_APPLICATION_P_???_*)))
                0x08004e28                        __init_SMP_start = .
 *(SORT_BY_NAME(SORT_BY_ALIGNMENT(.z_init_SMP_P_?_*)))
 *(SORT_BY_NAME(SORT_BY_ALIGNMENT(.z_init_SMP_P_??_*)))
 *(SORT_BY_NAME(SORT_BY_ALIGNMENT(.z_init_SMP_P_???_*)))
                0x08004e28                        __init_end = .

device_area     0x08004e28      0x188
                0x08004e28                        _device_list_start = .
 *(SORT_BY_NAME(SORT_BY_ALIGNMENT(._device.static.*_?_*)))
 ._device.static.1_1_
                0x08004e28       0x1c zephyr/drivers/clock_control/libdrivers__clock_control.a(clock_stm32_ll_h5.c.obj)
                0x08004e28                __device_dts_ord_7
 *(SORT_BY_NAME(SORT_BY_ALIGNMENT(._device.static.*_??_*)))
 ._device.static.1_35_
                0x08004e44       0x1c zephyr/drivers/reset/libdrivers__reset.a(reset_stm32.c.obj)
                0x08004e44                __device_dts_ord_46
 ._device.static.1_40_
                0x08004e60       0xfc zephyr/libzephyr.a(gpioport_mgr.c.obj)
                0x08004e60                __device_dts_ord_124
                0x08004e7c                __device_dts_ord_123
                0x08004e98                __device_dts_ord_122
                0x08004eb4                __device_dts_ord_121
                0x08004ed0                __device_dts_ord_120
                0x08004eec                __device_dts_ord_119
                0x08004f08                __device_dts_ord_118
                0x08004f24                __device_dts_ord_117
                0x08004f40                __device_dts_ord_116
 ._device.static.1_40_
                0x08004f5c       0x1c zephyr/drivers/interrupt_controller/libdrivers__interrupt_controller.a(intc_exti_stm32.c.obj)
                0x08004f5c                __device_dts_ord_63
 ._device.static.1_50_
                0x08004f78       0x38 zephyr/drivers/serial/libdrivers__serial.a(uart_stm32.c.obj)
                0x08004f78                __device_dts_ord_81
                0x08004f94                __device_dts_ord_78
 *(SORT_BY_NAME(SORT_BY_ALIGNMENT(._device.static.*_???_*)))
 *(SORT_BY_NAME(SORT_BY_ALIGNMENT(._device.static.*_????_*)))
 *(SORT_BY_NAME(SORT_BY_ALIGNMENT(._device.static.*_?????_*)))
                0x08004fb0                        _device_list_end = .

sw_isr_table    0x08004fb0      0x398
                0x08004fb0                        . = ALIGN (0x4)
 *(SORT_BY_ALIGNMENT(.gnu.linkonce.sw_isr_table*))
 .gnu.linkonce.sw_isr_table
                0x08004fb0      0x398 zephyr/CMakeFiles/zephyr_final.dir/isr_tables.c.obj
                0x08004fb0                _sw_isr_table

initlevel_error
 *(SORT_BY_NAME(SORT_BY_ALIGNMENT(.z_init_*)))
                0x00000001                        ASSERT ((SIZEOF (initlevel_error) == 0x0), Undefined initialization levels used.)

app_shmem_regions
                0x08005348        0x0
                0x08005348                        __app_shmem_regions_start = .
 *(SORT_BY_NAME(SORT_BY_ALIGNMENT(.app_regions.*)))
                0x08005348                        __app_shmem_regions_end = .

k_p4wq_initparam_area
                0x08005348        0x0
                0x08005348                        _k_p4wq_initparam_list_start = .
 *(SORT_BY_NAME(SORT_BY_ALIGNMENT(._k_p4wq_initparam.static.*)))
                0x08005348                        _k_p4wq_initparam_list_end = .

_static_thread_data_area
                0x08005348        0x0
                0x08005348                        __static_thread_data_list_start = .
 *(SORT_BY_NAME(SORT_BY_ALIGNMENT(.__static_thread_data.static.*)))
                0x08005348                        __static_thread_data_list_end = .

device_deps     0x08005348        0x0
                0x08005348                        __device_deps_start = .
 *(SORT_BY_NAME(SORT_BY_ALIGNMENT(.__device_deps_pass2*)))
                0x08005348                        __device_deps_end = .

gpio_driver_api_area
                0x08005348       0x24
                0x08005348                        _gpio_driver_api_list_start = .
 *(SORT_BY_NAME(SORT_BY_ALIGNMENT(._gpio_driver_api.static.*)))
 ._gpio_driver_api.static.gpio_stm32_driver_
                0x08005348       0x24 zephyr/drivers/gpio/libdrivers__gpio.a(gpio_stm32.c.obj)
                0x08005348                gpio_stm32_driver
                0x0800536c                        _gpio_driver_api_list_end = .

reset_driver_api_area
                0x0800536c       0x10
                0x0800536c                        _reset_driver_api_list_start = .
 *(SORT_BY_NAME(SORT_BY_ALIGNMENT(._reset_driver_api.static.*)))
 ._reset_driver_api.static.reset_stm32_driver_api_
                0x0800536c       0x10 zephyr/drivers/reset/libdrivers__reset.a(reset_stm32.c.obj)
                0x0800537c                        _reset_driver_api_list_end = .

shared_irq_driver_api_area
                0x0800537c        0x0
                0x0800537c                        _shared_irq_driver_api_list_start = .
 *(SORT_BY_NAME(SORT_BY_ALIGNMENT(._shared_irq_driver_api.static.*)))
                0x0800537c                        _shared_irq_driver_api_list_end = .

crypto_driver_api_area
                0x0800537c        0x0
                0x0800537c                        _crypto_driver_api_list_start = .
 *(SORT_BY_NAME(SORT_BY_ALIGNMENT(._crypto_driver_api.static.*)))
                0x0800537c                        _crypto_driver_api_list_end = .

adc_driver_api_area
                0x0800537c        0x0
                0x0800537c                        _adc_driver_api_list_start = .
 *(SORT_BY_NAME(SORT_BY_ALIGNMENT(._adc_driver_api.static.*)))
                0x0800537c                        _adc_driver_api_list_end = .

auxdisplay_driver_api_area
                0x0800537c        0x0
                0x0800537c                        _auxdisplay_driver_api_list_start = .
 *(SORT_BY_NAME(SORT_BY_ALIGNMENT(._auxdisplay_driver_api.static.*)))
                0x0800537c                        _auxdisplay_driver_api_list_end = .

bbram_driver_api_area
                0x0800537c        0x0
                0x0800537c                        _bbram_driver_api_list_start = .
 *(SORT_BY_NAME(SORT_BY_ALIGNMENT(._bbram_driver_api.static.*)))
                0x0800537c                        _bbram_driver_api_list_end = .

biometric_driver_api_area
                0x0800537c        0x0
                0x0800537c                        _biometric_driver_api_list_start = .
 *(SORT_BY_NAME(SORT_BY_ALIGNMENT(._biometric_driver_api.static.*)))
                0x0800537c                        _biometric_driver_api_list_end = .

bt_hci_driver_api_area
                0x0800537c        0x0
                0x0800537c                        _bt_hci_driver_api_list_start = .
 *(SORT_BY_NAME(SORT_BY_ALIGNMENT(._bt_hci_driver_api.static.*)))
                0x0800537c                        _bt_hci_driver_api_list_end = .

can_driver_api_area
                0x0800537c        0x0
                0x0800537c                        _can_driver_api_list_start = .
 *(SORT_BY_NAME(SORT_BY_ALIGNMENT(._can_driver_api.static.*)))
                0x0800537c                        _can_driver_api_list_end = .

cellular_driver_api_area
                0x0800537c        0x0
                0x0800537c                        _cellular_driver_api_list_start = .
 *(SORT_BY_NAME(SORT_BY_ALIGNMENT(._cellular_driver_api.static.*)))
                0x0800537c                        _cellular_driver_api_list_end = .

charger_driver_api_area
                0x0800537c        0x0
                0x0800537c                        _charger_driver_api_list_start = .
 *(SORT_BY_NAME(SORT_BY_ALIGNMENT(._charger_driver_api.static.*)))
                0x0800537c                        _charger_driver_api_list_end = .

clock_control_driver_api_area
                0x0800537c       0x1c
                0x0800537c                        _clock_control_driver_api_list_start = .
 *(SORT_BY_NAME(SORT_BY_ALIGNMENT(._clock_control_driver_api.static.*)))
 ._clock_control_driver_api.static.stm32_clock_control_api_
                0x0800537c       0x1c zephyr/drivers/clock_control/libdrivers__clock_control.a(clock_stm32_ll_h5.c.obj)
                0x08005398                        _clock_control_driver_api_list_end = .

comparator_driver_api_area
                0x08005398        0x0
                0x08005398                        _comparator_driver_api_list_start = .
 *(SORT_BY_NAME(SORT_BY_ALIGNMENT(._comparator_driver_api.static.*)))
                0x08005398                        _comparator_driver_api_list_end = .

coredump_driver_api_area
                0x08005398        0x0
                0x08005398                        _coredump_driver_api_list_start = .
 *(SORT_BY_NAME(SORT_BY_ALIGNMENT(._coredump_driver_api.static.*)))
                0x08005398                        _coredump_driver_api_list_end = .

counter_driver_api_area
                0x08005398        0x0
                0x08005398                        _counter_driver_api_list_start = .
 *(SORT_BY_NAME(SORT_BY_ALIGNMENT(._counter_driver_api.static.*)))
                0x08005398                        _counter_driver_api_list_end = .

crc_driver_api_area
                0x08005398        0x0
                0x08005398                        _crc_driver_api_list_start = .
 *(SORT_BY_NAME(SORT_BY_ALIGNMENT(._crc_driver_api.static.*)))
                0x08005398                        _crc_driver_api_list_end = .

dac_driver_api_area
                0x08005398        0x0
                0x08005398                        _dac_driver_api_list_start = .
 *(SORT_BY_NAME(SORT_BY_ALIGNMENT(._dac_driver_api.static.*)))
                0x08005398                        _dac_driver_api_list_end = .

dai_driver_api_area
                0x08005398        0x0
                0x08005398                        _dai_driver_api_list_start = .
 *(SORT_BY_NAME(SORT_BY_ALIGNMENT(._dai_driver_api.static.*)))
                0x08005398                        _dai_driver_api_list_end = .

display_driver_api_area
                0x08005398        0x0
                0x08005398                        _display_driver_api_list_start = .
 *(SORT_BY_NAME(SORT_BY_ALIGNMENT(._display_driver_api.static.*)))
                0x08005398                        _display_driver_api_list_end = .

dma_driver_api_area
                0x08005398        0x0
                0x08005398                        _dma_driver_api_list_start = .
 *(SORT_BY_NAME(SORT_BY_ALIGNMENT(._dma_driver_api.static.*)))
                0x08005398                        _dma_driver_api_list_end = .

edac_driver_api_area
                0x08005398        0x0
                0x08005398                        _edac_driver_api_list_start = .
 *(SORT_BY_NAME(SORT_BY_ALIGNMENT(._edac_driver_api.static.*)))
                0x08005398                        _edac_driver_api_list_end = .

eeprom_driver_api_area
                0x08005398        0x0
                0x08005398                        _eeprom_driver_api_list_start = .
 *(SORT_BY_NAME(SORT_BY_ALIGNMENT(._eeprom_driver_api.static.*)))
                0x08005398                        _eeprom_driver_api_list_end = .

emul_bbram_driver_api_area
                0x08005398        0x0
                0x08005398                        _emul_bbram_driver_api_list_start = .
 *(SORT_BY_NAME(SORT_BY_ALIGNMENT(._emul_bbram_driver_api.static.*)))
                0x08005398                        _emul_bbram_driver_api_list_end = .

fuel_gauge_emul_driver_api_area
                0x08005398        0x0
                0x08005398                        _fuel_gauge_emul_driver_api_list_start = .
 *(SORT_BY_NAME(SORT_BY_ALIGNMENT(._fuel_gauge_emul_driver_api.static.*)))
                0x08005398                        _fuel_gauge_emul_driver_api_list_end = .

emul_sensor_driver_api_area
                0x08005398        0x0
                0x08005398                        _emul_sensor_driver_api_list_start = .
 *(SORT_BY_NAME(SORT_BY_ALIGNMENT(._emul_sensor_driver_api.static.*)))
                0x08005398                        _emul_sensor_driver_api_list_end = .

entropy_driver_api_area
                0x08005398        0x0
                0x08005398                        _entropy_driver_api_list_start = .
 *(SORT_BY_NAME(SORT_BY_ALIGNMENT(._entropy_driver_api.static.*)))
                0x08005398                        _entropy_driver_api_list_end = .

espi_driver_api_area
                0x08005398        0x0
                0x08005398                        _espi_driver_api_list_start = .
 *(SORT_BY_NAME(SORT_BY_ALIGNMENT(._espi_driver_api.static.*)))
                0x08005398                        _espi_driver_api_list_end = .

espi_saf_driver_api_area
                0x08005398        0x0
                0x08005398                        _espi_saf_driver_api_list_start = .
 *(SORT_BY_NAME(SORT_BY_ALIGNMENT(._espi_saf_driver_api.static.*)))
                0x08005398                        _espi_saf_driver_api_list_end = .

flash_driver_api_area
                0x08005398        0x0
                0x08005398                        _flash_driver_api_list_start = .
 *(SORT_BY_NAME(SORT_BY_ALIGNMENT(._flash_driver_api.static.*)))
                0x08005398                        _flash_driver_api_list_end = .

fpga_driver_api_area
                0x08005398        0x0
                0x08005398                        _fpga_driver_api_list_start = .
 *(SORT_BY_NAME(SORT_BY_ALIGNMENT(._fpga_driver_api.static.*)))
                0x08005398                        _fpga_driver_api_list_end = .

fuel_gauge_driver_api_area
                0x08005398        0x0
                0x08005398                        _fuel_gauge_driver_api_list_start = .
 *(SORT_BY_NAME(SORT_BY_ALIGNMENT(._fuel_gauge_driver_api.static.*)))
                0x08005398                        _fuel_gauge_driver_api_list_end = .

gnss_driver_api_area
                0x08005398        0x0
                0x08005398                        _gnss_driver_api_list_start = .
 *(SORT_BY_NAME(SORT_BY_ALIGNMENT(._gnss_driver_api.static.*)))
                0x08005398                        _gnss_driver_api_list_end = .

haptics_driver_api_area
                0x08005398        0x0
                0x08005398                        _haptics_driver_api_list_start = .
 *(SORT_BY_NAME(SORT_BY_ALIGNMENT(._haptics_driver_api.static.*)))
                0x08005398                        _haptics_driver_api_list_end = .

hwspinlock_driver_api_area
                0x08005398        0x0
                0x08005398                        _hwspinlock_driver_api_list_start = .
 *(SORT_BY_NAME(SORT_BY_ALIGNMENT(._hwspinlock_driver_api.static.*)))
                0x08005398                        _hwspinlock_driver_api_list_end = .

i2c_driver_api_area
                0x08005398        0x0
                0x08005398                        _i2c_driver_api_list_start = .
 *(SORT_BY_NAME(SORT_BY_ALIGNMENT(._i2c_driver_api.static.*)))
                0x08005398                        _i2c_driver_api_list_end = .

i2c_target_driver_api_area
                0x08005398        0x0
                0x08005398                        _i2c_target_driver_api_list_start = .
 *(SORT_BY_NAME(SORT_BY_ALIGNMENT(._i2c_target_driver_api.static.*)))
                0x08005398                        _i2c_target_driver_api_list_end = .

i2s_driver_api_area
                0x08005398        0x0
                0x08005398                        _i2s_driver_api_list_start = .
 *(SORT_BY_NAME(SORT_BY_ALIGNMENT(._i2s_driver_api.static.*)))
                0x08005398                        _i2s_driver_api_list_end = .

i3c_driver_api_area
                0x08005398        0x0
                0x08005398                        _i3c_driver_api_list_start = .
 *(SORT_BY_NAME(SORT_BY_ALIGNMENT(._i3c_driver_api.static.*)))
                0x08005398                        _i3c_driver_api_list_end = .

ipm_driver_api_area
                0x08005398        0x0
                0x08005398                        _ipm_driver_api_list_start = .
 *(SORT_BY_NAME(SORT_BY_ALIGNMENT(._ipm_driver_api.static.*)))
                0x08005398                        _ipm_driver_api_list_end = .

led_driver_api_area
                0x08005398        0x0
                0x08005398                        _led_driver_api_list_start = .
 *(SORT_BY_NAME(SORT_BY_ALIGNMENT(._led_driver_api.static.*)))
                0x08005398                        _led_driver_api_list_end = .

led_strip_driver_api_area
                0x08005398        0x0
                0x08005398                        _led_strip_driver_api_list_start = .
 *(SORT_BY_NAME(SORT_BY_ALIGNMENT(._led_strip_driver_api.static.*)))
                0x08005398                        _led_strip_driver_api_list_end = .

lora_driver_api_area
                0x08005398        0x0
                0x08005398                        _lora_driver_api_list_start = .
 *(SORT_BY_NAME(SORT_BY_ALIGNMENT(._lora_driver_api.static.*)))
                0x08005398                        _lora_driver_api_list_end = .

mbox_driver_api_area
                0x08005398        0x0
                0x08005398                        _mbox_driver_api_list_start = .
 *(SORT_BY_NAME(SORT_BY_ALIGNMENT(._mbox_driver_api.static.*)))
                0x08005398                        _mbox_driver_api_list_end = .

mdio_driver_api_area
                0x08005398        0x0
                0x08005398                        _mdio_driver_api_list_start = .
 *(SORT_BY_NAME(SORT_BY_ALIGNMENT(._mdio_driver_api.static.*)))
                0x08005398                        _mdio_driver_api_list_end = .

mipi_dbi_driver_api_area
                0x08005398        0x0
                0x08005398                        _mipi_dbi_driver_api_list_start = .
 *(SORT_BY_NAME(SORT_BY_ALIGNMENT(._mipi_dbi_driver_api.static.*)))
                0x08005398                        _mipi_dbi_driver_api_list_end = .

mipi_dsi_driver_api_area
                0x08005398        0x0
                0x08005398                        _mipi_dsi_driver_api_list_start = .
 *(SORT_BY_NAME(SORT_BY_ALIGNMENT(._mipi_dsi_driver_api.static.*)))
                0x08005398                        _mipi_dsi_driver_api_list_end = .

mspi_driver_api_area
                0x08005398        0x0
                0x08005398                        _mspi_driver_api_list_start = .
 *(SORT_BY_NAME(SORT_BY_ALIGNMENT(._mspi_driver_api.static.*)))
                0x08005398                        _mspi_driver_api_list_end = .

opamp_driver_api_area
                0x08005398        0x0
                0x08005398                        _opamp_driver_api_list_start = .
 *(SORT_BY_NAME(SORT_BY_ALIGNMENT(._opamp_driver_api.static.*)))
                0x08005398                        _opamp_driver_api_list_end = .

otp_driver_api_area
                0x08005398        0x0
                0x08005398                        _otp_driver_api_list_start = .
 *(SORT_BY_NAME(SORT_BY_ALIGNMENT(._otp_driver_api.static.*)))
                0x08005398                        _otp_driver_api_list_end = .

peci_driver_api_area
                0x08005398        0x0
                0x08005398                        _peci_driver_api_list_start = .
 *(SORT_BY_NAME(SORT_BY_ALIGNMENT(._peci_driver_api.static.*)))
                0x08005398                        _peci_driver_api_list_end = .

ps2_driver_api_area
                0x08005398        0x0
                0x08005398                        _ps2_driver_api_list_start = .
 *(SORT_BY_NAME(SORT_BY_ALIGNMENT(._ps2_driver_api.static.*)))
                0x08005398                        _ps2_driver_api_list_end = .

ptp_clock_driver_api_area
                0x08005398        0x0
                0x08005398                        _ptp_clock_driver_api_list_start = .
 *(SORT_BY_NAME(SORT_BY_ALIGNMENT(._ptp_clock_driver_api.static.*)))
                0x08005398                        _ptp_clock_driver_api_list_end = .

pwm_driver_api_area
                0x08005398        0x0
                0x08005398                        _pwm_driver_api_list_start = .
 *(SORT_BY_NAME(SORT_BY_ALIGNMENT(._pwm_driver_api.static.*)))
                0x08005398                        _pwm_driver_api_list_end = .

regulator_parent_driver_api_area
                0x08005398        0x0
                0x08005398                        _regulator_parent_driver_api_list_start = .
 *(SORT_BY_NAME(SORT_BY_ALIGNMENT(._regulator_parent_driver_api.static.*)))
                0x08005398                        _regulator_parent_driver_api_list_end = .

regulator_driver_api_area
                0x08005398        0x0
                0x08005398                        _regulator_driver_api_list_start = .
 *(SORT_BY_NAME(SORT_BY_ALIGNMENT(._regulator_driver_api.static.*)))
                0x08005398                        _regulator_driver_api_list_end = .

retained_mem_driver_api_area
                0x08005398        0x0
                0x08005398                        _retained_mem_driver_api_list_start = .
 *(SORT_BY_NAME(SORT_BY_ALIGNMENT(._retained_mem_driver_api.static.*)))
                0x08005398                        _retained_mem_driver_api_list_end = .

rtc_driver_api_area
                0x08005398        0x0
                0x08005398                        _rtc_driver_api_list_start = .
 *(SORT_BY_NAME(SORT_BY_ALIGNMENT(._rtc_driver_api.static.*)))
                0x08005398                        _rtc_driver_api_list_end = .

sdhc_driver_api_area
                0x08005398        0x0
                0x08005398                        _sdhc_driver_api_list_start = .
 *(SORT_BY_NAME(SORT_BY_ALIGNMENT(._sdhc_driver_api.static.*)))
                0x08005398                        _sdhc_driver_api_list_end = .

sensor_driver_api_area
                0x08005398        0x0
                0x08005398                        _sensor_driver_api_list_start = .
 *(SORT_BY_NAME(SORT_BY_ALIGNMENT(._sensor_driver_api.static.*)))
                0x08005398                        _sensor_driver_api_list_end = .

smbus_driver_api_area
                0x08005398        0x0
                0x08005398                        _smbus_driver_api_list_start = .
 *(SORT_BY_NAME(SORT_BY_ALIGNMENT(._smbus_driver_api.static.*)))
                0x08005398                        _smbus_driver_api_list_end = .

spi_driver_api_area
                0x08005398        0x0
                0x08005398                        _spi_driver_api_list_start = .
 *(SORT_BY_NAME(SORT_BY_ALIGNMENT(._spi_driver_api.static.*)))
                0x08005398                        _spi_driver_api_list_end = .

syscon_driver_api_area
                0x08005398        0x0
                0x08005398                        _syscon_driver_api_list_start = .
 *(SORT_BY_NAME(SORT_BY_ALIGNMENT(._syscon_driver_api.static.*)))
                0x08005398                        _syscon_driver_api_list_end = .

tee_driver_api_area
                0x08005398        0x0
                0x08005398                        _tee_driver_api_list_start = .
 *(SORT_BY_NAME(SORT_BY_ALIGNMENT(._tee_driver_api.static.*)))
                0x08005398                        _tee_driver_api_list_end = .

uaol_driver_api_area
                0x08005398        0x0
                0x08005398                        _uaol_driver_api_list_start = .
 *(SORT_BY_NAME(SORT_BY_ALIGNMENT(._uaol_driver_api.static.*)))
                0x08005398                        _uaol_driver_api_list_end = .

video_driver_api_area
                0x08005398        0x0
                0x08005398                        _video_driver_api_list_start = .
 *(SORT_BY_NAME(SORT_BY_ALIGNMENT(._video_driver_api.static.*)))
                0x08005398                        _video_driver_api_list_end = .

virtio_driver_api_area
                0x08005398        0x0
                0x08005398                        _virtio_driver_api_list_start = .
 *(SORT_BY_NAME(SORT_BY_ALIGNMENT(._virtio_driver_api.static.*)))
                0x08005398                        _virtio_driver_api_list_end = .

w1_driver_api_area
                0x08005398        0x0
                0x08005398                        _w1_driver_api_list_start = .
 *(SORT_BY_NAME(SORT_BY_ALIGNMENT(._w1_driver_api.static.*)))
                0x08005398                        _w1_driver_api_list_end = .

wdt_driver_api_area
                0x08005398        0x0
                0x08005398                        _wdt_driver_api_list_start = .
 *(SORT_BY_NAME(SORT_BY_ALIGNMENT(._wdt_driver_api.static.*)))
                0x08005398                        _wdt_driver_api_list_end = .

wuc_driver_api_area
                0x08005398        0x0
                0x08005398                        _wuc_driver_api_list_start = .
 *(SORT_BY_NAME(SORT_BY_ALIGNMENT(._wuc_driver_api.static.*)))
                0x08005398                        _wuc_driver_api_list_end = .

can_transceiver_driver_api_area
                0x08005398        0x0
                0x08005398                        _can_transceiver_driver_api_list_start = .
 *(SORT_BY_NAME(SORT_BY_ALIGNMENT(._can_transceiver_driver_api.static.*)))
                0x08005398                        _can_transceiver_driver_api_list_end = .

nrf_clock_control_driver_api_area
                0x08005398        0x0
                0x08005398                        _nrf_clock_control_driver_api_list_start = .
 *(SORT_BY_NAME(SORT_BY_ALIGNMENT(._nrf_clock_control_driver_api.static.*)))
                0x08005398                        _nrf_clock_control_driver_api_list_end = .

i3c_target_driver_api_area
                0x08005398        0x0
                0x08005398                        _i3c_target_driver_api_list_start = .
 *(SORT_BY_NAME(SORT_BY_ALIGNMENT(._i3c_target_driver_api.static.*)))
                0x08005398                        _i3c_target_driver_api_list_end = .

its_driver_api_area
                0x08005398        0x0
                0x08005398                        _its_driver_api_list_start = .
 *(SORT_BY_NAME(SORT_BY_ALIGNMENT(._its_driver_api.static.*)))
                0x08005398                        _its_driver_api_list_end = .

vtd_driver_api_area
                0x08005398        0x0
                0x08005398                        _vtd_driver_api_list_start = .
 *(SORT_BY_NAME(SORT_BY_ALIGNMENT(._vtd_driver_api.static.*)))
                0x08005398                        _vtd_driver_api_list_end = .

renesas_elc_driver_api_area
                0x08005398        0x0
                0x08005398                        _renesas_elc_driver_api_list_start = .
 *(SORT_BY_NAME(SORT_BY_ALIGNMENT(._renesas_elc_driver_api.static.*)))
                0x08005398                        _renesas_elc_driver_api_list_end = .

tgpio_driver_api_area
                0x08005398        0x0
                0x08005398                        _tgpio_driver_api_list_start = .
 *(SORT_BY_NAME(SORT_BY_ALIGNMENT(._tgpio_driver_api.static.*)))
                0x08005398                        _tgpio_driver_api_list_end = .

pcie_ctrl_driver_api_area
                0x08005398        0x0
                0x08005398                        _pcie_ctrl_driver_api_list_start = .
 *(SORT_BY_NAME(SORT_BY_ALIGNMENT(._pcie_ctrl_driver_api.static.*)))
                0x08005398                        _pcie_ctrl_driver_api_list_end = .

pcie_ep_driver_api_area
                0x08005398        0x0
                0x08005398                        _pcie_ep_driver_api_list_start = .
 *(SORT_BY_NAME(SORT_BY_ALIGNMENT(._pcie_ep_driver_api.static.*)))
                0x08005398                        _pcie_ep_driver_api_list_end = .

psi5_driver_api_area
                0x08005398        0x0
                0x08005398                        _psi5_driver_api_list_start = .
 *(SORT_BY_NAME(SORT_BY_ALIGNMENT(._psi5_driver_api.static.*)))
                0x08005398                        _psi5_driver_api_list_end = .

sent_driver_api_area
                0x08005398        0x0
                0x08005398                        _sent_driver_api_list_start = .
 *(SORT_BY_NAME(SORT_BY_ALIGNMENT(._sent_driver_api.static.*)))
                0x08005398                        _sent_driver_api_list_end = .

svc_driver_api_area
                0x08005398        0x0
                0x08005398                        _svc_driver_api_list_start = .
 *(SORT_BY_NAME(SORT_BY_ALIGNMENT(._svc_driver_api.static.*)))
                0x08005398                        _svc_driver_api_list_end = .

stepper_driver_api_area
                0x08005398        0x0
                0x08005398                        _stepper_driver_api_list_start = .
 *(SORT_BY_NAME(SORT_BY_ALIGNMENT(._stepper_driver_api.static.*)))
                0x08005398                        _stepper_driver_api_list_end = .

stepper_ctrl_driver_api_area
                0x08005398        0x0
                0x08005398                        _stepper_ctrl_driver_api_list_start = .
 *(SORT_BY_NAME(SORT_BY_ALIGNMENT(._stepper_ctrl_driver_api.static.*)))
                0x08005398                        _stepper_ctrl_driver_api_list_end = .

uart_driver_api_area
                0x08005398       0x14
                0x08005398                        _uart_driver_api_list_start = .
 *(SORT_BY_NAME(SORT_BY_ALIGNMENT(._uart_driver_api.static.*)))
 ._uart_driver_api.static.uart_stm32_driver_api_
                0x08005398       0x14 zephyr/drivers/serial/libdrivers__serial.a(uart_stm32.c.obj)
                0x080053ac                        _uart_driver_api_list_end = .

bc12_emul_driver_api_area
                0x080053ac        0x0
                0x080053ac                        _bc12_emul_driver_api_list_start = .
 *(SORT_BY_NAME(SORT_BY_ALIGNMENT(._bc12_emul_driver_api.static.*)))
                0x080053ac                        _bc12_emul_driver_api_list_end = .

bc12_driver_api_area
                0x080053ac        0x0
                0x080053ac                        _bc12_driver_api_list_start = .
 *(SORT_BY_NAME(SORT_BY_ALIGNMENT(._bc12_driver_api.static.*)))
                0x080053ac                        _bc12_driver_api_list_end = .

usbc_ppc_driver_api_area
                0x080053ac        0x0
                0x080053ac                        _usbc_ppc_driver_api_list_start = .
 *(SORT_BY_NAME(SORT_BY_ALIGNMENT(._usbc_ppc_driver_api.static.*)))
                0x080053ac                        _usbc_ppc_driver_api_list_end = .

tcpc_driver_api_area
                0x080053ac        0x0
                0x080053ac                        _tcpc_driver_api_list_start = .
 *(SORT_BY_NAME(SORT_BY_ALIGNMENT(._tcpc_driver_api.static.*)))
                0x080053ac                        _tcpc_driver_api_list_end = .

usbc_vbus_driver_api_area
                0x080053ac        0x0
                0x080053ac                        _usbc_vbus_driver_api_list_start = .
 *(SORT_BY_NAME(SORT_BY_ALIGNMENT(._usbc_vbus_driver_api.static.*)))
                0x080053ac                        _usbc_vbus_driver_api_list_end = .

ivshmem_driver_api_area
                0x080053ac        0x0
                0x080053ac                        _ivshmem_driver_api_list_start = .
 *(SORT_BY_NAME(SORT_BY_ALIGNMENT(._ivshmem_driver_api.static.*)))
                0x080053ac                        _ivshmem_driver_api_list_end = .

ethphy_driver_api_area
                0x080053ac        0x0
                0x080053ac                        _ethphy_driver_api_list_start = .
 *(SORT_BY_NAME(SORT_BY_ALIGNMENT(._ethphy_driver_api.static.*)))
                0x080053ac                        _ethphy_driver_api_list_end = .

ztest           0x080053ac        0x0
                0x080053ac                        _ztest_expected_result_entry_list_start = .
 *(SORT_BY_NAME(SORT_BY_ALIGNMENT(._ztest_expected_result_entry.static.*)))
                0x080053ac                        _ztest_expected_result_entry_list_end = .
                0x080053ac                        _ztest_suite_node_list_start = .
 *(SORT_BY_NAME(SORT_BY_ALIGNMENT(._ztest_suite_node.static.*)))
                0x080053ac                        _ztest_suite_node_list_end = .
                0x080053ac                        _ztest_unit_test_list_start = .
 *(SORT_BY_NAME(SORT_BY_ALIGNMENT(._ztest_unit_test.static.*)))
                0x080053ac                        _ztest_unit_test_list_end = .
                0x080053ac                        _ztest_test_rule_list_start = .
 *(SORT_BY_NAME(SORT_BY_ALIGNMENT(._ztest_test_rule.static.*)))
                0x080053ac                        _ztest_test_rule_list_end = .

init_array      0x080053ac        0x0
                0x080053ac                        __zephyr_init_array_start = .
 *(SORT_BY_INIT_PRIORITY(.init_array.*) SORT_BY_INIT_PRIORITY(.ctors.*))
 *(SORT_BY_ALIGNMENT(.init_array) SORT_BY_ALIGNMENT(.ctors))
                0x080053ac                        __zephyr_init_array_end = .
                0x00000001                        ASSERT ((__zephyr_init_array_start == __zephyr_init_array_end), GNU-style constructors required but STATIC_INIT_GNU not enabled)

bt_l2cap_fixed_chan_area
                0x080053ac        0x0
                0x080053ac                        _bt_l2cap_fixed_chan_list_start = .
 *(SORT_BY_NAME(SORT_BY_ALIGNMENT(._bt_l2cap_fixed_chan.static.*)))
                0x080053ac                        _bt_l2cap_fixed_chan_list_end = .

bt_gatt_service_static_area
                0x080053ac        0x0
                0x080053ac                        _bt_gatt_service_static_list_start = .
 *(SORT_BY_NAME(SORT_BY_ALIGNMENT(._bt_gatt_service_static.static.*)))
                0x080053ac                        _bt_gatt_service_static_list_end = .

log_strings_area
                0x080053ac        0x0
                0x080053ac                        _log_strings_list_start = .
 *(SORT_BY_NAME(SORT_BY_ALIGNMENT(._log_strings.static.*)))
                0x080053ac                        _log_strings_list_end = .

log_stmesp_ptr_area
                0x080053ac        0x0
                0x080053ac                        _log_stmesp_ptr_list_start = .
 *(SORT_BY_NAME(SORT_BY_ALIGNMENT(._log_stmesp_ptr.static.*)))
                0x080053ac                        _log_stmesp_ptr_list_end = .

log_stmesp_str_area
                0x080053ac        0x0
                0x080053ac                        _log_stmesp_str_list_start = .
 *(SORT_BY_NAME(SORT_BY_ALIGNMENT(._log_stmesp_str.static.*)))
                0x080053ac                        _log_stmesp_str_list_end = .

log_const_area  0x080053ac        0x0
                0x080053ac                        _log_const_list_start = .
 *(SORT_BY_NAME(SORT_BY_ALIGNMENT(._log_const.static.*)))
                0x080053ac                        _log_const_list_end = .

log_backend_area
                0x080053ac        0x0
                0x080053ac                        _log_backend_list_start = .
 *(SORT_BY_NAME(SORT_BY_ALIGNMENT(._log_backend.static.*)))
                0x080053ac                        _log_backend_list_end = .

log_link_area   0x080053ac        0x0
                0x080053ac                        _log_link_list_start = .
 *(SORT_BY_NAME(SORT_BY_ALIGNMENT(._log_link.static.*)))
                0x080053ac                        _log_link_list_end = .

tracing_backend_area
                0x080053ac        0x0
                0x080053ac                        _tracing_backend_list_start = .
 *(SORT_BY_NAME(SORT_BY_ALIGNMENT(._tracing_backend.static.*)))
                0x080053ac                        _tracing_backend_list_end = .

zephyr_dbg_info
                0x080053ac       0x44
 *(SORT_BY_ALIGNMENT(.dbg_thread_info))
 .dbg_thread_info
                0x080053ac       0x44 zephyr/libzephyr.a(thread_info.c.obj)
                0x080053ac                _kernel_openocd_size_t_size
                0x080053ac                _kernel_thread_info_size_t_size
                0x080053b0                _kernel_openocd_num_offsets
                0x080053b0                _kernel_thread_info_num_offsets
                0x080053b4                _kernel_openocd_offsets
                0x080053b4                _kernel_thread_info_offsets

intc_table_area
                0x080053f0        0x0
                0x080053f0                        _intc_table_list_start = .
 *(SORT_BY_NAME(SORT_BY_ALIGNMENT(._intc_table.static.*)))
                0x080053f0                        _intc_table_list_end = .

symbol_to_keep  0x080053f0        0x0
                0x080053f0                        __symbol_to_keep_start = .
 *(SORT_BY_NAME(SORT_BY_ALIGNMENT(.symbol_to_keep*)))
                0x080053f0                        __symbol_to_keep_end = .

shell_area      0x080053f0        0x0
                0x080053f0                        _shell_list_start = .
 *(SORT_BY_NAME(SORT_BY_ALIGNMENT(._shell.static.*)))
                0x080053f0                        _shell_list_end = .

shell_root_cmds_area
                0x080053f0        0x0
                0x080053f0                        _shell_root_cmds_list_start = .
 *(SORT_BY_NAME(SORT_BY_ALIGNMENT(._shell_root_cmds.static.*)))
                0x080053f0                        _shell_root_cmds_list_end = .

shell_subcmds_area
                0x080053f0        0x0
                0x080053f0                        _shell_subcmds_list_start = .
 *(SORT_BY_NAME(SORT_BY_ALIGNMENT(._shell_subcmds.static.*)))
                0x080053f0                        _shell_subcmds_list_end = .

shell_dynamic_subcmds_area
                0x080053f0        0x0
                0x080053f0                        _shell_dynamic_subcmds_list_start = .
 *(SORT_BY_NAME(SORT_BY_ALIGNMENT(._shell_dynamic_subcmds.static.*)))
                0x080053f0                        _shell_dynamic_subcmds_list_end = .

cfb_font_area   0x080053f0        0x0
                0x080053f0                        _cfb_font_list_start = .
 *(SORT_BY_NAME(SORT_BY_ALIGNMENT(._cfb_font.static.*)))
                0x080053f0                        _cfb_font_list_end = .

tdata           0x080053f0        0x0
 *(SORT_BY_ALIGNMENT(.tdata) SORT_BY_ALIGNMENT(.tdata.*) SORT_BY_ALIGNMENT(.gnu.linkonce.td.*))

tbss            0x080053f0        0x4
 *(SORT_BY_ALIGNMENT(.tbss) SORT_BY_ALIGNMENT(.tbss.*) SORT_BY_ALIGNMENT(.gnu.linkonce.tb.*) SORT_BY_ALIGNMENT(.tcommon))
 .tbss.z_tls_current
                0x080053f0        0x4 zephyr/libzephyr.a(thread_entry.c.obj)
                0x080053f0                z_tls_current
                0x080053f0                        PROVIDE (__tdata_start = LOADADDR (tdata))
                0x00000001                        PROVIDE (__tdata_align = ALIGNOF (tdata))
                0x00000000                        PROVIDE (__tdata_size = (((SIZEOF (tdata) + __tdata_align) - 0x1) & ~ ((__tdata_align - 0x1))))
                [!provide]                        PROVIDE (__tdata_end = (__tdata_start + __tdata_size))
                0x00000004                        PROVIDE (__tbss_align = ALIGNOF (tbss))
                [!provide]                        PROVIDE (__tbss_start = ADDR (tbss))
                0x00000004                        PROVIDE (__tbss_size = (((SIZEOF (tbss) + __tbss_align) - 0x1) & ~ ((__tbss_align - 0x1))))
                [!provide]                        PROVIDE (__tbss_end = (__tbss_start + __tbss_size))
                [!provide]                        PROVIDE (__tls_start = __tdata_start)
                [!provide]                        PROVIDE (__tls_end = __tbss_end)
                [!provide]                        PROVIDE (__tls_size = (__tbss_end - __tdata_start))

rodata          0x080053f0      0x848
 *(SORT_BY_ALIGNMENT(.rodata))
 .rodata        0x080053f0        0x8 zephyr/drivers/interrupt_controller/libdrivers__interrupt_controller.a(intc_exti_stm32.c.obj)
 *(SORT_BY_ALIGNMENT(.rodata.*))
 .rodata.main.str1.4
                0x080053f8      0x5e0 app/libapp.a(main.c.obj)
                                 0x2d (size before relaxing)
 .rodata.str1.4
                0x080059d8       0x8e zephyr/libzephyr.a(gpioport_mgr.c.obj)
 .rodata.gpio_stm32_cfg_i
                0x080059d8       0x14 zephyr/libzephyr.a(gpioport_mgr.c.obj)
 .rodata.gpio_stm32_cfg_h
                0x080059ec       0x14 zephyr/libzephyr.a(gpioport_mgr.c.obj)
 .rodata.gpio_stm32_cfg_g
                0x08005a00       0x14 zephyr/libzephyr.a(gpioport_mgr.c.obj)
 .rodata.gpio_stm32_cfg_f
                0x08005a14       0x14 zephyr/libzephyr.a(gpioport_mgr.c.obj)
 .rodata.gpio_stm32_cfg_e
                0x08005a28       0x14 zephyr/libzephyr.a(gpioport_mgr.c.obj)
 .rodata.gpio_stm32_cfg_d
                0x08005a3c       0x14 zephyr/libzephyr.a(gpioport_mgr.c.obj)
 .rodata.gpio_stm32_cfg_c
                0x08005a50       0x14 zephyr/libzephyr.a(gpioport_mgr.c.obj)
 .rodata.gpio_stm32_cfg_b
                0x08005a64       0x14 zephyr/libzephyr.a(gpioport_mgr.c.obj)
 .rodata.gpio_stm32_cfg_a
                0x08005a78       0x14 zephyr/libzephyr.a(gpioport_mgr.c.obj)
 .rodata.gpio_ports
                0x08005a8c       0x68 zephyr/libzephyr.a(gpioport_mgr.c.obj)
 .rodata.mem_attr_region
                0x08005af4        0x0 zephyr/libzephyr.a(mem_attr.c.obj)
 .rodata.esf_dump.str1.4
                0x08005af4       0x9f zephyr/arch/arch/arm/core/libarch__arm__core.a(fatal.c.obj)
 .rodata.z_arm_fatal_error.str1.4
                0x08005af4       0x14 zephyr/arch/arch/arm/core/libarch__arm__core.a(fatal.c.obj)
 .rodata.get_esf.str1.4
                0x08005af4       0x2c zephyr/arch/arch/arm/core/cortex_m/libarch__arm__core__cortex_m.a(fault.c.obj)
 .rodata.mem_manage_fault.str1.4
                0x08005af4       0xe4 zephyr/arch/arch/arm/core/cortex_m/libarch__arm__core__cortex_m.a(fault.c.obj)
 .rodata.bus_fault.str1.4
                0x08005af4       0x95 zephyr/arch/arch/arm/core/cortex_m/libarch__arm__core__cortex_m.a(fault.c.obj)
 .rodata.usage_fault.str1.4
                0x08005af4      0x108 zephyr/arch/arch/arm/core/cortex_m/libarch__arm__core__cortex_m.a(fault.c.obj)
 .rodata.hard_fault.str1.4
                0x08005af4       0x89 zephyr/arch/arch/arm/core/cortex_m/libarch__arm__core__cortex_m.a(fault.c.obj)
 .rodata.debug_monitor.str1.4
                0x08005af4       0x25 zephyr/arch/arch/arm/core/cortex_m/libarch__arm__core__cortex_m.a(fault.c.obj)
 .rodata.reserved_exception.str1.4
                0x08005af4       0x48 zephyr/arch/arch/arm/core/cortex_m/libarch__arm__core__cortex_m.a(fault.c.obj)
 .rodata.static_regions
                0x08005af4        0xc zephyr/arch/arch/arm/core/mpu/libarch__arm__core__mpu.a(arm_core_mpu.c.obj)
 .rodata.mpu_config
                0x08005b00        0x8 zephyr/arch/arch/arm/core/mpu/libarch__arm__core__mpu.a(arm_mpu_regions.c.obj)
                0x08005b00                mpu_config
 .rodata.str1.4
                0x08005b08        0xf zephyr/arch/arch/arm/core/mpu/libarch__arm__core__mpu.a(arm_mpu_regions.c.obj)
 .rodata.mpu_regions
                0x08005b08       0x20 zephyr/arch/arch/arm/core/mpu/libarch__arm__core__mpu.a(arm_mpu_regions.c.obj)
 .rodata.stdout
                0x08005b28        0x4 zephyr/lib/libc/picolibc/liblib__libc__picolibc.a(stdio.c.obj)
                0x08005b28                stderr
                0x08005b28                stdout
 .rodata.str1.4
                0x08005b2c       0x1e zephyr/drivers/interrupt_controller/libdrivers__interrupt_controller.a(intc_exti_stm32.c.obj)
 .rodata.line_range_15.0
                0x08005b2c        0x2 zephyr/drivers/interrupt_controller/libdrivers__interrupt_controller.a(intc_gpio_stm32.c.obj)
 *fill*         0x08005b2e        0x2 
 .rodata.line_range_14.1
                0x08005b30        0x2 zephyr/drivers/interrupt_controller/libdrivers__interrupt_controller.a(intc_gpio_stm32.c.obj)
 *fill*         0x08005b32        0x2 
 .rodata.line_range_13.2
                0x08005b34        0x2 zephyr/drivers/interrupt_controller/libdrivers__interrupt_controller.a(intc_gpio_stm32.c.obj)
 *fill*         0x08005b36        0x2 
 .rodata.line_range_12.3
                0x08005b38        0x2 zephyr/drivers/interrupt_controller/libdrivers__interrupt_controller.a(intc_gpio_stm32.c.obj)
 *fill*         0x08005b3a        0x2 
 .rodata.line_range_11.4
                0x08005b3c        0x2 zephyr/drivers/interrupt_controller/libdrivers__interrupt_controller.a(intc_gpio_stm32.c.obj)
 *fill*         0x08005b3e        0x2 
 .rodata.line_range_10.5
                0x08005b40        0x2 zephyr/drivers/interrupt_controller/libdrivers__interrupt_controller.a(intc_gpio_stm32.c.obj)
 *fill*         0x08005b42        0x2 
 .rodata.line_range_9.6
                0x08005b44        0x2 zephyr/drivers/interrupt_controller/libdrivers__interrupt_controller.a(intc_gpio_stm32.c.obj)
 *fill*         0x08005b46        0x2 
 .rodata.line_range_8.7
                0x08005b48        0x2 zephyr/drivers/interrupt_controller/libdrivers__interrupt_controller.a(intc_gpio_stm32.c.obj)
 *fill*         0x08005b4a        0x2 
 .rodata.line_range_7.8
                0x08005b4c        0x2 zephyr/drivers/interrupt_controller/libdrivers__interrupt_controller.a(intc_gpio_stm32.c.obj)
 *fill*         0x08005b4e        0x2 
 .rodata.line_range_6.9
                0x08005b50        0x2 zephyr/drivers/interrupt_controller/libdrivers__interrupt_controller.a(intc_gpio_stm32.c.obj)
 *fill*         0x08005b52        0x2 
 .rodata.line_range_5.10
                0x08005b54        0x2 zephyr/drivers/interrupt_controller/libdrivers__interrupt_controller.a(intc_gpio_stm32.c.obj)
 *fill*         0x08005b56        0x2 
 .rodata.line_range_4.11
                0x08005b58        0x2 zephyr/drivers/interrupt_controller/libdrivers__interrupt_controller.a(intc_gpio_stm32.c.obj)
 *fill*         0x08005b5a        0x2 
 .rodata.line_range_3.12
                0x08005b5c        0x2 zephyr/drivers/interrupt_controller/libdrivers__interrupt_controller.a(intc_gpio_stm32.c.obj)
 *fill*         0x08005b5e        0x2 
 .rodata.line_range_2.13
                0x08005b60        0x2 zephyr/drivers/interrupt_controller/libdrivers__interrupt_controller.a(intc_gpio_stm32.c.obj)
 *fill*         0x08005b62        0x2 
 .rodata.line_range_1.14
                0x08005b64        0x2 zephyr/drivers/interrupt_controller/libdrivers__interrupt_controller.a(intc_gpio_stm32.c.obj)
 *fill*         0x08005b66        0x2 
 .rodata.line_range_0.15
                0x08005b68        0x2 zephyr/drivers/interrupt_controller/libdrivers__interrupt_controller.a(intc_gpio_stm32.c.obj)
 .rodata.str1.4
                0x08005b6a        0xd zephyr/drivers/clock_control/libdrivers__clock_control.a(clock_stm32_ll_h5.c.obj)
 .rodata.str1.4
                0x08005b6a       0x11 zephyr/drivers/reset/libdrivers__reset.a(reset_stm32.c.obj)
 *fill*         0x08005b6a        0x2 
 .rodata.reset_stm32_config
                0x08005b6c        0x4 zephyr/drivers/reset/libdrivers__reset.a(reset_stm32.c.obj)
 .rodata.str1.4
                0x08005b70       0x20 zephyr/drivers/serial/libdrivers__serial.a(uart_stm32.c.obj)
 .rodata.uart_stm32_cfg_1
                0x08005b70       0x28 zephyr/drivers/serial/libdrivers__serial.a(uart_stm32.c.obj)
 .rodata.pclken_1
                0x08005b98        0x8 zephyr/drivers/serial/libdrivers__serial.a(uart_stm32.c.obj)
 .rodata.__pinctrl_dev_config__device_dts_ord_81