C:/Users/yukis/ZephyrWorkbench/ASDP4_Workspace/deps/zephyr/kernel/msg_q.c:130:19:put_msg_in_queue	32	static
C:/Users/yukis/ZephyrWorkbench/ASDP4_Workspace/deps/zephyr/kernel/msg_q.c:43:6:k_msgq_init	0	static
C:/Users/yukis/ZephyrWorkbench/ASDP4_Workspace/deps/zephyr/kernel/msg_q.c:73:5:z_impl_k_msgq_alloc_init	16	static
C:/Users/yukis/ZephyrWorkbench/ASDP4_Workspace/deps/zephyr/kernel/msg_q.c:110:5:k_msgq_cleanup	8	static
C:/Users/yukis/ZephyrWorkbench/ASDP4_Workspace/deps/zephyr/kernel/msg_q.c:231:5:z_impl_k_msgq_put	16	static
C:/Users/yukis/ZephyrWorkbench/ASDP4_Workspace/deps/zephyr/kernel/msg_q.c:236:5:z_impl_k_msgq_put_front	16	static
C:/Users/yukis/ZephyrWorkbench/ASDP4_Workspace/deps/zephyr/kernel/msg_q.c:262:6:z_impl_k_msgq_get_attrs	0	static
C:/Users/yukis/ZephyrWorkbench/ASDP4_Workspace/deps/zephyr/kernel/msg_q.c:280:5:z_impl_k_msgq_get	32	static
C:/Users/yukis/ZephyrWorkbench/ASDP4_Workspace/deps/zephyr/kernel/msg_q.c:363:5:z_impl_k_msgq_peek	8	static
C:/Users/yukis/ZephyrWorkbench/ASDP4_Workspace/deps/zephyr/kernel/msg_q.c:397:5:z_impl_k_msgq_peek_at	8	static
C:/Users/yukis/ZephyrWorkbench/ASDP4_Workspace/deps/zephyr/kernel/msg_q.c:443:6:z_impl_k_msgq_purge	24	static
