C:/Users/yukis/ZephyrWorkbench/ASDP4_Workspace/deps/zephyr/kernel/timeout.c:29:25:first	0	static
C:/Users/yukis/ZephyrWorkbench/ASDP4_Workspace/deps/zephyr/kernel/timeout.c:36:25:next	0	static
C:/Users/yukis/ZephyrWorkbench/ASDP4_Workspace/deps/zephyr/kernel/timeout.c:43:13:remove_timeout	8	static
C:/Users/yukis/ZephyrWorkbench/ASDP4_Workspace/deps/zephyr/kernel/timeout.c:73:16:next_timeout	8	static
C:/Users/yukis/ZephyrWorkbench/ASDP4_Workspace/deps/zephyr/kernel/timeout.c:168:18:timeout_rem	16	static
C:/Users/yukis/ZephyrWorkbench/ASDP4_Workspace/deps/zephyr/kernel/timeout.c:52:16:elapsed	8	static
C:/Users/yukis/ZephyrWorkbench/ASDP4_Workspace/deps/zephyr/kernel/timeout.c:88:11:z_add_timeout	48	static
C:/Users/yukis/ZephyrWorkbench/ASDP4_Workspace/deps/zephyr/kernel/timeout.c:147:5:z_abort_timeout	24	static
C:/Users/yukis/ZephyrWorkbench/ASDP4_Workspace/deps/zephyr/kernel/timeout.c:182:11:z_timeout_remaining	24	static
C:/Users/yukis/ZephyrWorkbench/ASDP4_Workspace/deps/zephyr/kernel/timeout.c:196:11:z_timeout_expires	24	static
C:/Users/yukis/ZephyrWorkbench/ASDP4_Workspace/deps/zephyr/kernel/timeout.c:211:9:z_get_next_timeout_expiry	8	static
C:/Users/yukis/ZephyrWorkbench/ASDP4_Workspace/deps/zephyr/kernel/timeout.c:221:6:sys_clock_announce	16	static
C:/Users/yukis/ZephyrWorkbench/ASDP4_Workspace/deps/zephyr/kernel/timeout.c:272:9:sys_clock_tick_get	8	static
C:/Users/yukis/ZephyrWorkbench/ASDP4_Workspace/deps/zephyr/kernel/timeout.c:282:10:sys_clock_tick_get_32	8	static
C:/Users/yukis/ZephyrWorkbench/ASDP4_Workspace/deps/zephyr/kernel/timeout.c:291:9:z_impl_k_uptime_ticks	8	static
C:/Users/yukis/ZephyrWorkbench/ASDP4_Workspace/deps/zephyr/kernel/timeout.c:304:15:sys_timepoint_calc	16	static
C:/Users/yukis/ZephyrWorkbench/ASDP4_Workspace/deps/zephyr/kernel/timeout.c:325:13:sys_timepoint_timeout	24	static
